To honour the JVM settings for this build a single-use Daemon process will be forked. For more on this, please refer to https://docs.gradle.org/8.11.1/userguide/gradle_daemon.html#sec:disabling_the_daemon in the Gradle documentation.
Daemon will be stopped at the end of the build 
WARNING: The specified Android SDK Build Tools version (34.0.0) is ignored, as it is below the minimum supported version (35.0.0) for Android Gradle Plugin 8.9.1.
Android SDK Build Tools 35.0.0 will be used.
To suppress this warning, remove "buildToolsVersion '34.0.0'" from your build.gradle file, as each version of the Android Gradle Plugin now has a default version of the build tools.
> Task :dkplayer-java:preBuild UP-TO-DATE
> Task :dkplayer-java:preReleaseBuild UP-TO-DATE
> Task :dkplayer-java:mergeReleaseJniLibFolders UP-TO-DATE
> Task :dkplayer-java:mergeReleaseNativeLibs NO-SOURCE
> Task :dkplayer-java:copyReleaseJniLibsProjectOnly UP-TO-DATE
> Task :dkplayer-sample:preBuild UP-TO-DATE
> Task :dkplayer-sample:preReleaseBuild UP-TO-DATE
> Task :dkplayer-sample:mergeReleaseJniLibFolders UP-TO-DATE
> Task :dkplayer-ui:preBuild UP-TO-DATE
> Task :dkplayer-ui:preReleaseBuild UP-TO-DATE
> Task :dkplayer-ui:mergeReleaseJniLibFolders UP-TO-DATE
> Task :dkplayer-ui:mergeReleaseNativeLibs NO-SOURCE
> Task :dkplayer-ui:copyReleaseJniLibsProjectOnly UP-TO-DATE
> Task :dkplayer-videocache:preBuild UP-TO-DATE
> Task :dkplayer-videocache:preReleaseBuild UP-TO-DATE
> Task :dkplayer-videocache:mergeReleaseJniLibFolders UP-TO-DATE
> Task :dkplayer-videocache:mergeReleaseNativeLibs NO-SOURCE
> Task :dkplayer-videocache:copyReleaseJniLibsProjectOnly UP-TO-DATE
> Task :dkplayer-players:exo:preBuild UP-TO-DATE
> Task :dkplayer-players:exo:preReleaseBuild UP-TO-DATE
> Task :dkplayer-players:exo:mergeReleaseJniLibFolders UP-TO-DATE
> Task :dkplayer-players:exo:mergeReleaseNativeLibs NO-SOURCE
> Task :dkplayer-players:exo:copyReleaseJniLibsProjectOnly UP-TO-DATE
> Task :dkplayer-players:ijk:preBuild UP-TO-DATE
> Task :dkplayer-players:ijk:preReleaseBuild UP-TO-DATE
> Task :dkplayer-players:ijk:mergeReleaseJniLibFolders UP-TO-DATE
> Task :dkplayer-players:ijk:mergeReleaseNativeLibs UP-TO-DATE
> Task :dkplayer-players:ijk:copyReleaseJniLibsProjectOnly UP-TO-DATE
> Task :dkplayer-sample:mergeReleaseNativeLibs UP-TO-DATE
> Task :dkplayer-sample:stripReleaseDebugSymbols UP-TO-DATE
> Task :dkplayer-sample:extractReleaseNativeSymbolTables UP-TO-DATE
> Task :dkplayer-sample:mergeReleaseNativeDebugMetadata NO-SOURCE
> Task :dkplayer-java:generateReleaseBuildConfig UP-TO-DATE
> Task :dkplayer-java:generateReleaseResValues UP-TO-DATE
> Task :dkplayer-java:generateReleaseResources UP-TO-DATE
> Task :dkplayer-java:packageReleaseResources UP-TO-DATE
> Task :dkplayer-java:parseReleaseLocalResources UP-TO-DATE
> Task :dkplayer-java:generateReleaseRFile UP-TO-DATE
> Task :dkplayer-java:javaPreCompileRelease UP-TO-DATE
> Task :dkplayer-java:compileReleaseJavaWithJavac UP-TO-DATE
> Task :dkplayer-java:bundleLibCompileToJarRelease UP-TO-DATE
> Task :dkplayer-ui:generateReleaseResValues UP-TO-DATE
> Task :dkplayer-ui:generateReleaseResources UP-TO-DATE
> Task :dkplayer-ui:packageReleaseResources UP-TO-DATE
> Task :dkplayer-ui:parseReleaseLocalResources UP-TO-DATE
> Task :dkplayer-ui:generateReleaseRFile UP-TO-DATE
> Task :dkplayer-ui:javaPreCompileRelease UP-TO-DATE
> Task :dkplayer-ui:compileReleaseJavaWithJavac UP-TO-DATE
> Task :dkplayer-ui:mergeReleaseGeneratedProguardFiles UP-TO-DATE
> Task :dkplayer-ui:exportReleaseConsumerProguardFiles UP-TO-DATE
> Task :dkplayer-players:exo:generateReleaseResValues UP-TO-DATE
> Task :dkplayer-players:exo:generateReleaseResources UP-TO-DATE
> Task :dkplayer-players:exo:packageReleaseResources UP-TO-DATE
> Task :dkplayer-players:exo:parseReleaseLocalResources UP-TO-DATE
> Task :dkplayer-players:exo:generateReleaseRFile UP-TO-DATE
> Task :dkplayer-players:exo:javaPreCompileRelease UP-TO-DATE
> Task :dkplayer-players:exo:compileReleaseJavaWithJavac UP-TO-DATE
> Task :dkplayer-players:exo:mergeReleaseGeneratedProguardFiles UP-TO-DATE
> Task :dkplayer-players:exo:exportReleaseConsumerProguardFiles UP-TO-DATE
> Task :dkplayer-java:mergeReleaseGeneratedProguardFiles UP-TO-DATE
> Task :dkplayer-java:exportReleaseConsumerProguardFiles UP-TO-DATE
> Task :dkplayer-players:ijk:generateReleaseResValues UP-TO-DATE
> Task :dkplayer-players:ijk:generateReleaseResources UP-TO-DATE
> Task :dkplayer-players:ijk:packageReleaseResources UP-TO-DATE
> Task :dkplayer-players:ijk:parseReleaseLocalResources UP-TO-DATE
> Task :dkplayer-players:ijk:generateReleaseRFile UP-TO-DATE
> Task :dkplayer-players:ijk:javaPreCompileRelease UP-TO-DATE
> Task :dkplayer-players:ijk:compileReleaseJavaWithJavac UP-TO-DATE
> Task :dkplayer-players:ijk:mergeReleaseGeneratedProguardFiles UP-TO-DATE
> Task :dkplayer-players:ijk:exportReleaseConsumerProguardFiles UP-TO-DATE
> Task :dkplayer-videocache:generateReleaseResValues UP-TO-DATE
> Task :dkplayer-videocache:generateReleaseResources UP-TO-DATE
> Task :dkplayer-videocache:packageReleaseResources UP-TO-DATE
> Task :dkplayer-videocache:parseReleaseLocalResources UP-TO-DATE
> Task :dkplayer-videocache:generateReleaseRFile UP-TO-DATE
> Task :dkplayer-videocache:javaPreCompileRelease UP-TO-DATE
> Task :dkplayer-videocache:compileReleaseJavaWithJavac UP-TO-DATE
> Task :dkplayer-videocache:mergeReleaseGeneratedProguardFiles UP-TO-DATE
> Task :dkplayer-videocache:exportReleaseConsumerProguardFiles UP-TO-DATE
> Task :dkplayer-java:bundleLibRuntimeToJarRelease UP-TO-DATE
> Task :dkplayer-sample:buildKotlinToolingMetadata UP-TO-DATE
> Task :dkplayer-sample:checkReleaseDuplicateClasses UP-TO-DATE
> Task :dkplayer-sample:checkKotlinGradlePluginConfigurationErrors
> Task :dkplayer-sample:generateReleaseBuildConfig UP-TO-DATE
> Task :dkplayer-java:writeReleaseAarMetadata UP-TO-DATE
> Task :dkplayer-ui:writeReleaseAarMetadata UP-TO-DATE
> Task :dkplayer-videocache:writeReleaseAarMetadata UP-TO-DATE
> Task :dkplayer-players:exo:writeReleaseAarMetadata UP-TO-DATE
> Task :dkplayer-players:ijk:writeReleaseAarMetadata UP-TO-DATE
> Task :dkplayer-sample:checkReleaseAarMetadata UP-TO-DATE
> Task :dkplayer-sample:generateReleaseResValues UP-TO-DATE
> Task :dkplayer-sample:mapReleaseSourceSetPaths UP-TO-DATE
> Task :dkplayer-sample:generateReleaseResources UP-TO-DATE
> Task :dkplayer-sample:mergeReleaseResources UP-TO-DATE
> Task :dkplayer-sample:createReleaseCompatibleScreenManifests UP-TO-DATE
> Task :dkplayer-java:extractDeepLinksRelease UP-TO-DATE
> Task :dkplayer-java:processReleaseManifest UP-TO-DATE
> Task :dkplayer-sample:extractDeepLinksRelease UP-TO-DATE
> Task :dkplayer-ui:extractDeepLinksRelease UP-TO-DATE
> Task :dkplayer-ui:processReleaseManifest UP-TO-DATE
> Task :dkplayer-videocache:extractDeepLinksRelease UP-TO-DATE
> Task :dkplayer-videocache:processReleaseManifest UP-TO-DATE
> Task :dkplayer-players:exo:extractDeepLinksRelease UP-TO-DATE
> Task :dkplayer-players:exo:processReleaseManifest UP-TO-DATE
> Task :dkplayer-players:ijk:extractDeepLinksRelease UP-TO-DATE
> Task :dkplayer-players:ijk:processReleaseManifest UP-TO-DATE
> Task :dkplayer-sample:processReleaseMainManifest UP-TO-DATE
> Task :dkplayer-sample:processReleaseManifest UP-TO-DATE
> Task :dkplayer-sample:processReleaseManifestForPackage UP-TO-DATE
> Task :dkplayer-sample:processReleaseResources UP-TO-DATE
> Task :dkplayer-ui:bundleLibCompileToJarRelease UP-TO-DATE
> Task :dkplayer-videocache:bundleLibCompileToJarRelease UP-TO-DATE
> Task :dkplayer-players:exo:bundleLibCompileToJarRelease UP-TO-DATE
> Task :dkplayer-players:ijk:bundleLibCompileToJarRelease UP-TO-DATE
> Task :dkplayer-sample:javaPreCompileRelease UP-TO-DATE
> Task :dkplayer-java:prepareReleaseArtProfile UP-TO-DATE
> Task :dkplayer-ui:prepareReleaseArtProfile UP-TO-DATE
> Task :dkplayer-videocache:prepareReleaseArtProfile UP-TO-DATE
> Task :dkplayer-players:exo:prepareReleaseArtProfile UP-TO-DATE
> Task :dkplayer-players:ijk:prepareReleaseArtProfile UP-TO-DATE
> Task :dkplayer-sample:mergeReleaseArtProfile UP-TO-DATE
> Task :dkplayer-ui:bundleLibRuntimeToJarRelease UP-TO-DATE
> Task :dkplayer-videocache:bundleLibRuntimeToJarRelease UP-TO-DATE
> Task :dkplayer-players:exo:bundleLibRuntimeToJarRelease UP-TO-DATE
> Task :dkplayer-players:ijk:bundleLibRuntimeToJarRelease UP-TO-DATE
> Task :dkplayer-sample:extractProguardFiles UP-TO-DATE
> Task :dkplayer-java:processReleaseJavaRes NO-SOURCE
> Task :dkplayer-ui:processReleaseJavaRes NO-SOURCE
> Task :dkplayer-videocache:processReleaseJavaRes NO-SOURCE
> Task :dkplayer-players:exo:processReleaseJavaRes NO-SOURCE
> Task :dkplayer-players:ijk:processReleaseJavaRes NO-SOURCE
> Task :dkplayer-sample:mergeReleaseStartupProfile UP-TO-DATE
> Task :dkplayer-java:mergeReleaseShaders UP-TO-DATE
> Task :dkplayer-java:compileReleaseShaders NO-SOURCE
> Task :dkplayer-java:generateReleaseAssets UP-TO-DATE
> Task :dkplayer-java:mergeReleaseAssets UP-TO-DATE
> Task :dkplayer-sample:mergeReleaseShaders UP-TO-DATE
> Task :dkplayer-sample:compileReleaseShaders NO-SOURCE
> Task :dkplayer-sample:generateReleaseAssets UP-TO-DATE
> Task :dkplayer-ui:mergeReleaseShaders UP-TO-DATE
> Task :dkplayer-ui:compileReleaseShaders NO-SOURCE
> Task :dkplayer-ui:generateReleaseAssets UP-TO-DATE
> Task :dkplayer-ui:mergeReleaseAssets UP-TO-DATE
> Task :dkplayer-videocache:mergeReleaseShaders UP-TO-DATE
> Task :dkplayer-videocache:compileReleaseShaders NO-SOURCE
> Task :dkplayer-videocache:generateReleaseAssets UP-TO-DATE
> Task :dkplayer-videocache:mergeReleaseAssets UP-TO-DATE
> Task :dkplayer-players:exo:mergeReleaseShaders UP-TO-DATE
> Task :dkplayer-players:exo:compileReleaseShaders NO-SOURCE
> Task :dkplayer-players:exo:generateReleaseAssets UP-TO-DATE
> Task :dkplayer-players:exo:mergeReleaseAssets UP-TO-DATE
> Task :dkplayer-players:ijk:mergeReleaseShaders UP-TO-DATE
> Task :dkplayer-players:ijk:compileReleaseShaders NO-SOURCE
> Task :dkplayer-players:ijk:generateReleaseAssets UP-TO-DATE
> Task :dkplayer-players:ijk:mergeReleaseAssets UP-TO-DATE
> Task :dkplayer-sample:mergeReleaseAssets UP-TO-DATE
> Task :dkplayer-sample:compressReleaseAssets UP-TO-DATE
> Task :dkplayer-sample:extractReleaseVersionControlInfo UP-TO-DATE
> Task :dkplayer-sample:collectReleaseDependencies UP-TO-DATE
> Task :dkplayer-sample:sdkReleaseDependencyData UP-TO-DATE
> Task :dkplayer-sample:validateSigningRelease UP-TO-DATE
> Task :dkplayer-sample:writeReleaseAppMetadata UP-TO-DATE
> Task :dkplayer-sample:writeReleaseSigningConfigVersions UP-TO-DATE
> Task :dkplayer-sample:compileReleaseKotlin

> Task :dkplayer-sample:compileReleaseJavaWithJavac
Note: Some input files use or override a deprecated API.
Note: Recompile with -Xlint:deprecation for details.

> Task :dkplayer-sample:expandReleaseArtProfileWildcards
> Task :dkplayer-sample:mergeReleaseGeneratedProguardFiles UP-TO-DATE
> Task :dkplayer-sample:processReleaseJavaRes UP-TO-DATE
> Task :dkplayer-sample:mergeReleaseJavaResource UP-TO-DATE
> Task :dkplayer-sample:minifyReleaseWithR8
