2026-09-29T20:23:09.2680883Z Current runner version: '2.337.0'
2026-09-29T20:23:09.2708371Z ##[group]Runner Image Provisioner
2026-09-29T20:23:09.2709627Z Hosted Compute Agent
2026-09-29T20:23:09.2710343Z Version: 20260828.587
2026-09-29T20:23:09.2711064Z Commit: abac92662cab4cc7352de4f9f9d2e2419aad9c29
2026-09-29T20:23:09.2711903Z Build Date: 2026-08-28T16:44:25Z
2026-09-29T20:23:09.2712636Z Worker ID: {6f60c0f2-8744-4a27-bed0-73cdfc20263d}
2026-09-29T20:23:09.2713414Z Azure Region: northcentralus
2026-09-29T20:23:09.2714110Z ##[endgroup]
2026-09-29T20:23:09.2715884Z ##[group]Operating System
2026-09-29T20:23:09.2716529Z Ubuntu
2026-09-29T20:23:09.2717184Z 24.04.5
2026-09-29T20:23:09.2717728Z LTS
2026-09-29T20:23:09.2718304Z ##[endgroup]
2026-09-29T20:23:09.2718936Z ##[group]Runner Image
2026-09-29T20:23:09.2719822Z Image: ubuntu-24.04
2026-09-29T20:23:09.2720501Z Version: 20260920.314.1
2026-09-29T20:23:09.2721833Z Included Software: https://github.com/actions/runner-images/blob/ubuntu24/20260920.314/images/ubuntu/Ubuntu2404-Readme.md
2026-09-29T20:23:09.2723558Z Image Release: https://github.com/actions/runner-images/releases/tag/ubuntu24%2F20260920.314
2026-09-29T20:23:09.2724649Z ##[endgroup]
2026-09-29T20:23:09.2725965Z ##[group]GITHUB_TOKEN Permissions
2026-09-29T20:23:09.2728451Z Contents: read
2026-09-29T20:23:09.2729935Z Metadata: read
2026-09-29T20:23:09.2730550Z Packages: read
2026-09-29T20:23:09.2731179Z ##[endgroup]
2026-09-29T20:23:09.2733475Z Secret source: Actions
2026-09-29T20:23:09.2734526Z Cache mode: write
2026-09-29T20:23:09.2735536Z Prepare workflow directory
2026-09-29T20:23:09.3189443Z Prepare all required actions
2026-09-29T20:23:09.3258015Z Getting action download info
2026-09-29T20:23:09.5956459Z Download action repository 'actions/checkout@v4' (SHA:11d5960a326750d5838078e36cf38b85af677262)
2026-09-29T20:23:09.6914141Z Download action repository 'actions/setup-java@v4' (SHA:cf277c60eb25467037889841efdb72551f06f6c3)
2026-09-29T20:23:10.1813930Z Download action repository 'actions/upload-artifact@v4' (SHA:ea165f8d65b6e75b540449e92b4886f43607fa02)
2026-09-29T20:23:10.4088380Z Complete job name: build
2026-09-29T20:23:10.4905065Z ##[group]Run actions/checkout@v4
2026-09-29T20:23:10.4906030Z with:
2026-09-29T20:23:10.4906550Z   repository: likesugar/bofq
2026-09-29T20:23:10.4911449Z   token: ***
2026-09-29T20:23:10.4911956Z   ssh-strict: true
2026-09-29T20:23:10.4912454Z   ssh-user: git
2026-09-29T20:23:10.4912949Z   persist-credentials: true
2026-09-29T20:23:10.4913498Z   clean: true
2026-09-29T20:23:10.4914000Z   sparse-checkout-cone-mode: true
2026-09-29T20:23:10.4914575Z   fetch-depth: 1
2026-09-29T20:23:10.4915052Z   fetch-tags: false
2026-09-29T20:23:10.4915544Z   show-progress: true
2026-09-29T20:23:10.4916062Z   lfs: false
2026-09-29T20:23:10.4916531Z   submodules: false
2026-09-29T20:23:10.4917030Z   set-safe-directory: true
2026-09-29T20:23:10.4917580Z   allow-unsafe-pr-checkout: false
2026-09-29T20:23:10.4918365Z ##[endgroup]
2026-09-29T20:23:10.6077201Z Syncing repository: likesugar/bofq
2026-09-29T20:23:10.6080236Z ##[group]Getting Git version info
2026-09-29T20:23:10.6081198Z Working directory is '/home/runner/work/bofq/bofq'
2026-09-29T20:23:10.6082624Z [command]/usr/bin/git version
2026-09-29T20:23:10.6125318Z git version 2.55.0
2026-09-29T20:23:10.6159792Z ##[endgroup]
2026-09-29T20:23:10.6168408Z Temporarily overriding HOME='/home/runner/work/_temp/b87ba6dd-5367-4eaa-bc47-4c709d28eb7b' before making global git config changes
2026-09-29T20:23:10.6170782Z Adding repository directory to the temporary git global config as a safe directory
2026-09-29T20:23:10.6176191Z [command]/usr/bin/git config --global --add safe.directory /home/runner/work/bofq/bofq
2026-09-29T20:23:10.6231211Z Deleting the contents of '/home/runner/work/bofq/bofq'
2026-09-29T20:23:10.6241143Z ##[group]Initializing the repository
2026-09-29T20:23:10.6242225Z [command]/usr/bin/git init /home/runner/work/bofq/bofq
2026-09-29T20:23:10.6326213Z hint: Using 'master' as the name for the initial branch. This default branch name
2026-09-29T20:23:10.6328604Z hint: will change to "main" in Git 3.0. To configure the initial branch name
2026-09-29T20:23:10.6330600Z hint: to use in all of your new repositories, which will suppress this warning,
2026-09-29T20:23:10.6331916Z hint: call:
2026-09-29T20:23:10.6332614Z hint:
2026-09-29T20:23:10.6333555Z hint: 	git config --global init.defaultBranch <name>
2026-09-29T20:23:10.6334706Z hint:
2026-09-29T20:23:10.6335734Z hint: Names commonly chosen instead of 'master' are 'main', 'trunk' and
2026-09-29T20:23:10.6337386Z hint: 'development'. The just-created branch can be renamed via this command:
2026-09-29T20:23:10.6338728Z hint:
2026-09-29T20:23:10.6339624Z hint: 	git branch -m <name>
2026-09-29T20:23:10.6340464Z hint:
2026-09-29T20:23:10.6341567Z hint: Disable this message with "git config set advice.defaultBranchName false"
2026-09-29T20:23:10.6343356Z Initialized empty Git repository in /home/runner/work/bofq/bofq/.git/
2026-09-29T20:23:10.6359979Z [command]/usr/bin/git remote add origin https://github.com/likesugar/bofq
2026-09-29T20:23:10.6427859Z ##[endgroup]
2026-09-29T20:23:10.6429972Z ##[group]Disabling automatic garbage collection
2026-09-29T20:23:10.6431587Z [command]/usr/bin/git config --local gc.auto 0
2026-09-29T20:23:10.6464122Z ##[endgroup]
2026-09-29T20:23:10.6465811Z ##[group]Setting up auth
2026-09-29T20:23:10.6468056Z [command]/usr/bin/git config --local --name-only --get-regexp core\.sshCommand
2026-09-29T20:23:10.6508097Z [command]/usr/bin/git submodule foreach --recursive sh -c "git config --local --name-only --get-regexp 'core\.sshCommand' && git config --local --unset-all 'core.sshCommand' || :"
2026-09-29T20:23:10.6862940Z [command]/usr/bin/git config --local --name-only --get-regexp http\.https\:\/\/github\.com\/\.extraheader
2026-09-29T20:23:10.6915338Z [command]/usr/bin/git submodule foreach --recursive sh -c "git config --local --name-only --get-regexp 'http\.https\:\/\/github\.com\/\.extraheader' && git config --local --unset-all 'http.https://github.com/.extraheader' || :"
2026-09-29T20:23:10.7193058Z [command]/usr/bin/git config --local --name-only --get-regexp ^includeIf\.gitdir:
2026-09-29T20:23:10.7233457Z [command]/usr/bin/git submodule foreach --recursive git config --local --show-origin --name-only --get-regexp remote.origin.url
2026-09-29T20:23:10.7486956Z [command]/usr/bin/git config --local http.https://github.com/.extraheader AUTHORIZATION: basic ***
2026-09-29T20:23:10.7535766Z ##[endgroup]
2026-09-29T20:23:10.7537294Z ##[group]Fetching the repository
2026-09-29T20:23:10.7548084Z [command]/usr/bin/git -c protocol.version=2 fetch --no-tags --prune --no-recurse-submodules --depth=1 origin +4279bf3437341d3db1d1a7901eb893b4b49aba03:refs/remotes/origin/main
2026-09-29T20:23:12.3318433Z From https://github.com/likesugar/bofq
2026-09-29T20:23:12.3319342Z  * [new ref]         4279bf3437341d3db1d1a7901eb893b4b49aba03 -> origin/main
2026-09-29T20:23:12.3326497Z ##[endgroup]
2026-09-29T20:23:12.3327228Z ##[group]Determining the checkout info
2026-09-29T20:23:12.3328111Z ##[endgroup]
2026-09-29T20:23:12.3333446Z [command]/usr/bin/git sparse-checkout disable
2026-09-29T20:23:12.3387736Z [command]/usr/bin/git config --local --unset-all extensions.worktreeConfig
2026-09-29T20:23:12.3424478Z ##[group]Checking out the ref
2026-09-29T20:23:12.3429384Z [command]/usr/bin/git checkout --progress --force -B main refs/remotes/origin/main
2026-09-29T20:23:12.5547005Z Switched to a new branch 'main'
2026-09-29T20:23:12.5550602Z branch 'main' set up to track 'origin/main'.
2026-09-29T20:23:12.5563071Z ##[endgroup]
2026-09-29T20:23:12.5619951Z [command]/usr/bin/git log -1 --format=%H
2026-09-29T20:23:12.5650831Z 4279bf3437341d3db1d1a7901eb893b4b49aba03
2026-09-29T20:23:12.6029943Z ##[group]Run actions/setup-java@v4
2026-09-29T20:23:12.6030320Z with:
2026-09-29T20:23:12.6030550Z   distribution: temurin
2026-09-29T20:23:12.6030789Z   java-version: 17
2026-09-29T20:23:12.6031004Z   java-package: jdk
2026-09-29T20:23:12.6031247Z   check-latest: false
2026-09-29T20:23:12.6031473Z   server-id: github
2026-09-29T20:23:12.6031957Z   server-username: GITHUB_ACTOR
2026-09-29T20:23:12.6032230Z   server-password: GITHUB_TOKEN
2026-09-29T20:23:12.6032497Z   overwrite-settings: true
2026-09-29T20:23:12.6032746Z   job-status: success
2026-09-29T20:23:12.6035668Z   token: ***
2026-09-29T20:23:12.6035909Z ##[endgroup]
2026-09-29T20:23:12.7786423Z ##[warning]setup-java v4 is deprecated and will no longer receive updates. Please migrate to actions/setup-java@v5.
2026-09-29T20:23:12.7794232Z ##[group]Installed distributions
2026-09-29T20:23:12.7827005Z Resolved Java 17.0.20+1 from tool-cache
2026-09-29T20:23:12.7827557Z Setting Java 17.0.20+1 as the default
2026-09-29T20:23:12.7837232Z (node:2282) [DEP0040] DeprecationWarning: The `punycode` module is deprecated. Please use a userland alternative instead.
2026-09-29T20:23:12.7837956Z (Use `node --trace-deprecation ...` to show where the warning was created)
2026-09-29T20:23:12.7841195Z Creating toolchains.xml for JDK version 17 from temurin
2026-09-29T20:23:12.7911551Z Writing to /home/runner/.m2/toolchains.xml
2026-09-29T20:23:12.7911996Z 
2026-09-29T20:23:12.7912128Z Java configuration:
2026-09-29T20:23:12.7912448Z   Distribution: temurin
2026-09-29T20:23:12.7912791Z   Version: 17.0.20+1
2026-09-29T20:23:12.7915337Z   Path: /opt/hostedtoolcache/Java_Temurin-Hotspot_jdk/17.0.20-1/x64
2026-09-29T20:23:12.7916329Z 
2026-09-29T20:23:12.7917347Z ##[endgroup]
2026-09-29T20:23:12.7939009Z Creating settings.xml with server-id: github
2026-09-29T20:23:12.7962357Z Writing to /home/runner/.m2/settings.xml
2026-09-29T20:23:12.8140505Z ##[group]Run chmod +x gradlew
2026-09-29T20:23:12.8140880Z [36;1mchmod +x gradlew[0m
2026-09-29T20:23:12.8141308Z [36;1m./gradlew :dkplayer-sample:assembleRelease --no-daemon --stacktrace[0m
2026-09-29T20:23:12.8437379Z shell: /usr/bin/bash -e {0}
2026-09-29T20:23:12.8437798Z env:
2026-09-29T20:23:12.8438231Z   JAVA_HOME: /opt/hostedtoolcache/Java_Temurin-Hotspot_jdk/17.0.20-1/x64
2026-09-29T20:23:12.8438790Z   JAVA_HOME_17_X64: /opt/hostedtoolcache/Java_Temurin-Hotspot_jdk/17.0.20-1/x64
2026-09-29T20:23:12.8439418Z ##[endgroup]
2026-09-29T20:23:13.1662273Z Downloading https://mirrors.cloud.tencent.com/gradle/gradle-8.11.1-bin.zip
2026-09-29T20:23:18.6558816Z ..............................................................................................................................................................................................................................................................................................................................................................................................................................................................................................................................................................................................................................................................................................................................................................................................................................................................................................................................................................................................................................................................................................................................................................................................................................................................................................................................................................................................................................................................................................................................................................................................................................................................................................................................................................................................................................................................................................................................................................................................................................................................................................................................................................................................................................................................................................................................................................................................................................................................................................................................................................................................................................................................................................................................................................................................................................................................................................................................................................................................................................................................................................................................................................................................................................................................................................................................................................................................................................................................................................................................................................................................................................................................................................................................................................................................................................................................................................................................................................................................................................................................................................................................................................................................................................................................................................................................................................................................................................................................................................................................................................................................................................................................................................................................................................................................................................................................................................................................................................................................................................................................................................................................................................................................................................................................................................................................................................................................................................................................................................................................................................................................................................................................................................................................................................................................................................................................................................................................................................................................................................................................................................................................................................................................................................................................................................................................................................................................................................................................................................................................................................................................................................................................................................................................................................................................................................................................................................................................................................................................................................................................................................................................
2026-09-29T20:23:18.6578342Z Unzipping /home/runner/.gradle/wrapper/dists/gradle-8.11.1-bin/eac4u065zwes5phgltp5f9b9e/gradle-8.11.1-bin.zip to /home/runner/.gradle/wrapper/dists/gradle-8.11.1-bin/eac4u065zwes5phgltp5f9b9e
2026-09-29T20:23:19.4757759Z Set executable permissions for: /home/runner/.gradle/wrapper/dists/gradle-8.11.1-bin/eac4u065zwes5phgltp5f9b9e/gradle-8.11.1/bin/gradle
2026-09-29T20:23:20.1814820Z 
2026-09-29T20:23:20.1816094Z Welcome to Gradle 8.11.1!
2026-09-29T20:23:20.1816706Z 
2026-09-29T20:23:20.1817285Z Here are the highlights of this release:
2026-09-29T20:23:20.1825756Z  - Parallel load and store for Configuration Cache
2026-09-29T20:23:20.1826528Z  - Java compilation errors at the end of the build output
2026-09-29T20:23:20.1827083Z  - Consolidated report for warnings and deprecations
2026-09-29T20:23:20.1827450Z 
2026-09-29T20:23:20.1827805Z For more details see https://docs.gradle.org/8.11.1/release-notes.html
2026-09-29T20:23:20.1828317Z 
2026-09-29T20:23:20.2832605Z To honour the JVM settings for this build a single-use Daemon process will be forked. For more on this, please refer to https://docs.gradle.org/8.11.1/userguide/gradle_daemon.html#sec:disabling_the_daemon in the Gradle documentation.
2026-09-29T20:23:21.7805845Z Daemon will be stopped at the end of the build 
2026-09-29T20:23:59.8821283Z WARNING: The specified Android SDK Build Tools version (34.0.0) is ignored, as it is below the minimum supported version (35.0.0) for Android Gradle Plugin 8.9.1.
2026-09-29T20:23:59.8822498Z Android SDK Build Tools 35.0.0 will be used.
2026-09-29T20:23:59.8824123Z To suppress this warning, remove "buildToolsVersion '34.0.0'" from your build.gradle file, as each version of the Android Gradle Plugin now has a default version of the build tools.
2026-09-29T20:24:00.6836936Z > Task :dkplayer-java:preBuild UP-TO-DATE
2026-09-29T20:24:00.6843239Z > Task :dkplayer-java:preReleaseBuild UP-TO-DATE
2026-09-29T20:24:00.7830324Z > Task :dkplayer-java:mergeReleaseJniLibFolders
2026-09-29T20:24:00.7850091Z > Task :dkplayer-java:mergeReleaseNativeLibs NO-SOURCE
2026-09-29T20:24:00.8830634Z > Task :dkplayer-sample:preBuild UP-TO-DATE
2026-09-29T20:24:00.8849808Z > Task :dkplayer-sample:preReleaseBuild UP-TO-DATE
2026-09-29T20:24:00.8850667Z > Task :dkplayer-java:copyReleaseJniLibsProjectOnly
2026-09-29T20:24:00.8851704Z > Task :dkplayer-sample:mergeReleaseJniLibFolders
2026-09-29T20:24:00.8852498Z > Task :dkplayer-ui:preBuild UP-TO-DATE
2026-09-29T20:24:00.8856229Z > Task :dkplayer-ui:preReleaseBuild UP-TO-DATE
2026-09-29T20:24:00.8857159Z > Task :dkplayer-ui:mergeReleaseJniLibFolders
2026-09-29T20:24:00.8858237Z > Task :dkplayer-ui:mergeReleaseNativeLibs NO-SOURCE
2026-09-29T20:24:00.8859035Z > Task :dkplayer-ui:copyReleaseJniLibsProjectOnly
2026-09-29T20:24:00.8860196Z > Task :dkplayer-videocache:preBuild UP-TO-DATE
2026-09-29T20:24:00.8861028Z > Task :dkplayer-videocache:preReleaseBuild UP-TO-DATE
2026-09-29T20:24:00.8861862Z > Task :dkplayer-videocache:mergeReleaseJniLibFolders
2026-09-29T20:24:00.8862702Z > Task :dkplayer-videocache:mergeReleaseNativeLibs NO-SOURCE
2026-09-29T20:24:00.8863570Z > Task :dkplayer-players:exo:preBuild UP-TO-DATE
2026-09-29T20:24:00.8864824Z > Task :dkplayer-players:exo:preReleaseBuild UP-TO-DATE
2026-09-29T20:24:00.8865664Z > Task :dkplayer-videocache:copyReleaseJniLibsProjectOnly
2026-09-29T20:24:00.8866494Z > Task :dkplayer-players:exo:mergeReleaseJniLibFolders
2026-09-29T20:24:00.8867341Z > Task :dkplayer-players:exo:mergeReleaseNativeLibs NO-SOURCE
2026-09-29T20:24:00.8868226Z > Task :dkplayer-players:exo:copyReleaseJniLibsProjectOnly
2026-09-29T20:24:00.8869034Z > Task :dkplayer-players:ijk:preBuild UP-TO-DATE
2026-09-29T20:24:00.8869989Z > Task :dkplayer-players:ijk:preReleaseBuild UP-TO-DATE
2026-09-29T20:24:01.0830437Z > Task :dkplayer-players:ijk:mergeReleaseJniLibFolders
2026-09-29T20:24:01.0850789Z > Task :dkplayer-java:generateReleaseBuildConfig
2026-09-29T20:24:01.0867020Z > Task :dkplayer-java:generateReleaseResValues
2026-09-29T20:24:01.0880789Z > Task :dkplayer-java:generateReleaseResources
2026-09-29T20:24:01.2814333Z > Task :dkplayer-players:ijk:mergeReleaseNativeLibs
2026-09-29T20:24:01.2830422Z > Task :dkplayer-java:packageReleaseResources
2026-09-29T20:24:01.3805333Z > Task :dkplayer-players:ijk:copyReleaseJniLibsProjectOnly
2026-09-29T20:24:02.4805333Z > Task :dkplayer-java:parseReleaseLocalResources
2026-09-29T20:24:12.6840340Z > Task :dkplayer-java:javaPreCompileRelease
2026-09-29T20:24:12.6869995Z > Task :dkplayer-ui:generateReleaseResValues
2026-09-29T20:24:12.7807572Z > Task :dkplayer-ui:generateReleaseResources
2026-09-29T20:24:12.7809278Z > Task :dkplayer-java:generateReleaseRFile
2026-09-29T20:24:12.7810103Z > Task :dkplayer-sample:mergeReleaseNativeLibs
2026-09-29T20:24:12.8810562Z > Task :dkplayer-ui:packageReleaseResources
2026-09-29T20:24:12.9805797Z 
2026-09-29T20:24:12.9833063Z > Task :dkplayer-sample:stripReleaseDebugSymbols
2026-09-29T20:24:12.9837400Z Unable to strip the following libraries, packaging them as they are: libijkffmpeg.so, libijkplayer.so, libijksdl.so, librtmp-jni.so.
2026-09-29T20:24:15.1811423Z Note: Some input files use or override a deprecated API.
2026-09-29T20:24:15.1811947Z 
2026-09-29T20:24:15.1830339Z Note: Recompile with -Xlint:deprecation for details.
2026-09-29T20:24:15.1838355Z Note: /home/runner/work/bofq/bofq/dkplayer-java/src/main/java/xyz/doikki/videoplayer/player/BaseVideoView.java uses unchecked or unsafe operations.
2026-09-29T20:24:15.1839910Z > Task :dkplayer-java:compileReleaseJavaWithJavac
2026-09-29T20:24:15.1846158Z Note: Recompile with -Xlint:unchecked for details.
2026-09-29T20:24:15.2819942Z 
2026-09-29T20:24:15.2820830Z > Task :dkplayer-sample:extractReleaseNativeSymbolTables
2026-09-29T20:24:15.2821837Z > Task :dkplayer-sample:mergeReleaseNativeDebugMetadata NO-SOURCE
2026-09-29T20:24:15.3820401Z > Task :dkplayer-ui:javaPreCompileRelease
2026-09-29T20:24:15.3833094Z > Task :dkplayer-players:exo:generateReleaseResValues
2026-09-29T20:24:15.3833742Z > Task :dkplayer-java:bundleLibCompileToJarRelease
2026-09-29T20:24:15.3834485Z > Task :dkplayer-players:exo:generateReleaseResources
2026-09-29T20:24:15.3836098Z > Task :dkplayer-players:exo:packageReleaseResources
2026-09-29T20:24:15.3852964Z > Task :dkplayer-ui:parseReleaseLocalResources
2026-09-29T20:24:15.3853696Z > Task :dkplayer-players:exo:javaPreCompileRelease
2026-09-29T20:24:15.3854438Z > Task :dkplayer-players:exo:parseReleaseLocalResources
2026-09-29T20:24:15.4805413Z > Task :dkplayer-ui:generateReleaseRFile
2026-09-29T20:24:15.5830382Z > Task :dkplayer-players:exo:generateReleaseRFile
2026-09-29T20:24:15.8805484Z > Task :dkplayer-ui:compileReleaseJavaWithJavac
2026-09-29T20:24:15.8820393Z > Task :dkplayer-ui:mergeReleaseGeneratedProguardFiles
2026-09-29T20:24:15.8850204Z > Task :dkplayer-ui:exportReleaseConsumerProguardFiles
2026-09-29T20:24:17.3804022Z 
2026-09-29T20:24:17.3809001Z Note: /home/runner/work/bofq/bofq/dkplayer-players/exo/src/main/java/xyz/doikki/videoplayer/exo/ExoMediaPlayer.java uses or overrides a deprecated API.
2026-09-29T20:24:17.3810393Z > Task :dkplayer-players:exo:compileReleaseJavaWithJavac
2026-09-29T20:24:17.3811270Z Note: Recompile with -Xlint:deprecation for details.
2026-09-29T20:24:17.3812040Z 
2026-09-29T20:24:17.3812610Z > Task :dkplayer-players:exo:mergeReleaseGeneratedProguardFiles
2026-09-29T20:24:17.3813444Z > Task :dkplayer-players:exo:exportReleaseConsumerProguardFiles
2026-09-29T20:24:17.3814238Z > Task :dkplayer-java:mergeReleaseGeneratedProguardFiles
2026-09-29T20:24:17.3814980Z > Task :dkplayer-java:exportReleaseConsumerProguardFiles
2026-09-29T20:24:17.3815690Z > Task :dkplayer-players:ijk:generateReleaseResValues
2026-09-29T20:24:17.3816406Z > Task :dkplayer-players:ijk:generateReleaseResources
2026-09-29T20:24:17.3817103Z > Task :dkplayer-players:ijk:packageReleaseResources
2026-09-29T20:24:17.4832750Z > Task :dkplayer-players:ijk:javaPreCompileRelease
2026-09-29T20:24:17.4834262Z > Task :dkplayer-players:ijk:parseReleaseLocalResources
2026-09-29T20:24:17.4835226Z > Task :dkplayer-videocache:generateReleaseResValues
2026-09-29T20:24:17.4836023Z > Task :dkplayer-videocache:generateReleaseResources
2026-09-29T20:24:17.4836755Z > Task :dkplayer-players:ijk:generateReleaseRFile
2026-09-29T20:24:17.8820687Z Note: Some input files use or override a deprecated API.
2026-09-29T20:24:17.8821161Z 
2026-09-29T20:24:17.8821814Z Note: Recompile with -Xlint:deprecation for details.
2026-09-29T20:24:17.8822747Z > Task :dkplayer-players:ijk:compileReleaseJavaWithJavac
2026-09-29T20:24:17.8823424Z 
2026-09-29T20:24:17.8823923Z > Task :dkplayer-players:ijk:mergeReleaseGeneratedProguardFiles
2026-09-29T20:24:17.9805757Z > Task :dkplayer-players:ijk:exportReleaseConsumerProguardFiles
2026-09-29T20:24:17.9806857Z > Task :dkplayer-videocache:packageReleaseResources
2026-09-29T20:24:17.9807491Z > Task :dkplayer-videocache:javaPreCompileRelease
2026-09-29T20:24:17.9812730Z > Task :dkplayer-videocache:parseReleaseLocalResources
2026-09-29T20:24:17.9818027Z > Task :dkplayer-java:bundleLibRuntimeToJarRelease
2026-09-29T20:24:17.9820782Z > Task :dkplayer-videocache:generateReleaseRFile
2026-09-29T20:24:18.0821990Z > Task :dkplayer-sample:buildKotlinToolingMetadata
2026-09-29T20:24:18.2808772Z > Task :dkplayer-videocache:compileReleaseJavaWithJavac
2026-09-29T20:24:18.2819591Z > Task :dkplayer-videocache:mergeReleaseGeneratedProguardFiles
2026-09-29T20:24:18.3825629Z > Task :dkplayer-videocache:exportReleaseConsumerProguardFiles
2026-09-29T20:24:18.7810478Z > Task :dkplayer-sample:checkKotlinGradlePluginConfigurationErrors
2026-09-29T20:24:18.7819802Z > Task :dkplayer-sample:generateReleaseBuildConfig
2026-09-29T20:24:18.7879980Z > Task :dkplayer-java:writeReleaseAarMetadata
2026-09-29T20:24:18.7919984Z > Task :dkplayer-ui:writeReleaseAarMetadata
2026-09-29T20:24:18.7949820Z > Task :dkplayer-videocache:writeReleaseAarMetadata
2026-09-29T20:24:18.7960200Z > Task :dkplayer-players:exo:writeReleaseAarMetadata
2026-09-29T20:24:18.8810174Z > Task :dkplayer-sample:checkReleaseDuplicateClasses
2026-09-29T20:24:18.8812603Z > Task :dkplayer-players:ijk:writeReleaseAarMetadata
2026-09-29T20:24:18.8813407Z > Task :dkplayer-sample:generateReleaseResValues
2026-09-29T20:24:18.9816048Z > Task :dkplayer-sample:mapReleaseSourceSetPaths
2026-09-29T20:24:18.9840247Z > Task :dkplayer-sample:generateReleaseResources
2026-09-29T20:24:19.0821019Z > Task :dkplayer-sample:checkReleaseAarMetadata
2026-09-29T20:24:21.4812453Z > Task :dkplayer-sample:createReleaseCompatibleScreenManifests
2026-09-29T20:24:21.4813512Z > Task :dkplayer-java:extractDeepLinksRelease
2026-09-29T20:24:22.1809954Z > Task :dkplayer-sample:extractDeepLinksRelease
2026-09-29T20:24:22.1822736Z > Task :dkplayer-ui:extractDeepLinksRelease
2026-09-29T20:24:22.1865664Z > Task :dkplayer-java:processReleaseManifest
2026-09-29T20:24:22.1888997Z > Task :dkplayer-ui:processReleaseManifest
2026-09-29T20:24:22.1900020Z > Task :dkplayer-videocache:extractDeepLinksRelease
2026-09-29T20:24:22.1931184Z > Task :dkplayer-videocache:processReleaseManifest
2026-09-29T20:24:22.1961268Z > Task :dkplayer-players:exo:extractDeepLinksRelease
2026-09-29T20:24:22.1962492Z > Task :dkplayer-players:exo:processReleaseManifest
2026-09-29T20:24:22.1980174Z > Task :dkplayer-players:ijk:extractDeepLinksRelease
2026-09-29T20:24:22.2805269Z > Task :dkplayer-players:ijk:processReleaseManifest
2026-09-29T20:24:22.2806194Z > Task :dkplayer-ui:bundleLibCompileToJarRelease
2026-09-29T20:24:22.2807024Z > Task :dkplayer-videocache:bundleLibCompileToJarRelease
2026-09-29T20:24:22.5820584Z > Task :dkplayer-sample:mergeReleaseResources
2026-09-29T20:24:22.7830602Z > Task :dkplayer-sample:processReleaseMainManifest
2026-09-29T20:24:22.8805298Z > Task :dkplayer-sample:processReleaseManifest
2026-09-29T20:24:22.8806754Z > Task :dkplayer-players:exo:bundleLibCompileToJarRelease
2026-09-29T20:24:22.8810542Z > Task :dkplayer-players:ijk:bundleLibCompileToJarRelease
2026-09-29T20:24:23.0810892Z > Task :dkplayer-sample:javaPreCompileRelease
2026-09-29T20:24:23.0880047Z > Task :dkplayer-java:prepareReleaseArtProfile
2026-09-29T20:24:23.0893311Z > Task :dkplayer-ui:prepareReleaseArtProfile
2026-09-29T20:24:23.0917427Z > Task :dkplayer-videocache:prepareReleaseArtProfile
2026-09-29T20:24:23.0927827Z > Task :dkplayer-players:exo:prepareReleaseArtProfile
2026-09-29T20:24:23.0928773Z > Task :dkplayer-players:ijk:prepareReleaseArtProfile
2026-09-29T20:24:23.1804679Z > Task :dkplayer-sample:mergeReleaseArtProfile
2026-09-29T20:24:23.1821032Z > Task :dkplayer-ui:bundleLibRuntimeToJarRelease
2026-09-29T20:24:23.1840411Z > Task :dkplayer-videocache:bundleLibRuntimeToJarRelease
2026-09-29T20:24:23.1872206Z > Task :dkplayer-players:exo:bundleLibRuntimeToJarRelease
2026-09-29T20:24:23.1905120Z > Task :dkplayer-sample:processReleaseManifestForPackage
2026-09-29T20:24:23.2839729Z > Task :dkplayer-players:ijk:bundleLibRuntimeToJarRelease
2026-09-29T20:24:23.3844294Z > Task :dkplayer-sample:extractProguardFiles
2026-09-29T20:24:23.3870112Z > Task :dkplayer-java:processReleaseJavaRes NO-SOURCE
2026-09-29T20:24:23.3899805Z > Task :dkplayer-ui:processReleaseJavaRes NO-SOURCE
2026-09-29T20:24:23.3941063Z > Task :dkplayer-videocache:processReleaseJavaRes NO-SOURCE
2026-09-29T20:24:23.3949757Z > Task :dkplayer-players:exo:processReleaseJavaRes NO-SOURCE
2026-09-29T20:24:23.3976164Z > Task :dkplayer-players:ijk:processReleaseJavaRes NO-SOURCE
2026-09-29T20:24:23.3989290Z > Task :dkplayer-sample:mergeReleaseStartupProfile
2026-09-29T20:24:23.4060100Z > Task :dkplayer-java:mergeReleaseShaders
2026-09-29T20:24:23.4085965Z > Task :dkplayer-java:compileReleaseShaders NO-SOURCE
2026-09-29T20:24:23.4089808Z > Task :dkplayer-java:generateReleaseAssets UP-TO-DATE
2026-09-29T20:24:23.4101656Z > Task :dkplayer-java:mergeReleaseAssets
2026-09-29T20:24:23.4149788Z > Task :dkplayer-sample:mergeReleaseShaders
2026-09-29T20:24:23.4179924Z > Task :dkplayer-sample:compileReleaseShaders NO-SOURCE
2026-09-29T20:24:23.4210222Z > Task :dkplayer-sample:generateReleaseAssets UP-TO-DATE
2026-09-29T20:24:23.4210758Z > Task :dkplayer-ui:mergeReleaseShaders
2026-09-29T20:24:23.4211247Z > Task :dkplayer-ui:compileReleaseShaders NO-SOURCE
2026-09-29T20:24:23.4211795Z > Task :dkplayer-ui:generateReleaseAssets UP-TO-DATE
2026-09-29T20:24:23.4212339Z > Task :dkplayer-ui:mergeReleaseAssets
2026-09-29T20:24:23.4810253Z > Task :dkplayer-videocache:mergeReleaseShaders
2026-09-29T20:24:23.4840134Z > Task :dkplayer-videocache:compileReleaseShaders NO-SOURCE
2026-09-29T20:24:23.4850007Z > Task :dkplayer-videocache:generateReleaseAssets UP-TO-DATE
2026-09-29T20:24:23.4879878Z > Task :dkplayer-videocache:mergeReleaseAssets
2026-09-29T20:24:23.4909910Z > Task :dkplayer-players:exo:mergeReleaseShaders
2026-09-29T20:24:23.4940029Z > Task :dkplayer-players:exo:compileReleaseShaders NO-SOURCE
2026-09-29T20:24:23.4940817Z > Task :dkplayer-players:exo:generateReleaseAssets UP-TO-DATE
2026-09-29T20:24:23.4941483Z > Task :dkplayer-players:exo:mergeReleaseAssets
2026-09-29T20:24:23.4942048Z > Task :dkplayer-players:ijk:mergeReleaseShaders
2026-09-29T20:24:23.4942686Z > Task :dkplayer-players:ijk:compileReleaseShaders NO-SOURCE
2026-09-29T20:24:23.4943388Z > Task :dkplayer-players:ijk:generateReleaseAssets UP-TO-DATE
2026-09-29T20:24:23.4944020Z > Task :dkplayer-players:ijk:mergeReleaseAssets
2026-09-29T20:24:23.5823307Z > Task :dkplayer-sample:mergeReleaseAssets
2026-09-29T20:24:23.5870122Z > Task :dkplayer-sample:compressReleaseAssets
2026-09-29T20:24:23.6829994Z > Task :dkplayer-sample:extractReleaseVersionControlInfo
2026-09-29T20:24:23.7850506Z > Task :dkplayer-sample:collectReleaseDependencies
2026-09-29T20:24:23.8804923Z > Task :dkplayer-sample:sdkReleaseDependencyData
2026-09-29T20:24:23.8830290Z > Task :dkplayer-sample:validateSigningRelease
2026-09-29T20:24:23.8840357Z > Task :dkplayer-sample:writeReleaseAppMetadata
2026-09-29T20:24:23.8841267Z > Task :dkplayer-sample:writeReleaseSigningConfigVersions
2026-09-29T20:24:24.2818912Z > Task :dkplayer-sample:processReleaseResources
2026-09-29T20:24:38.5819537Z 
2026-09-29T20:24:38.5830233Z > Task :dkplayer-sample:compileReleaseKotlin
2026-09-29T20:24:38.5832212Z w: file:///home/runner/work/bofq/bofq/dkplayer-sample/src/main/java/xyz/doikki/dkplayer/activity/api/PlayerActivity.kt:46:19 'toLowerCase(): String' is deprecated. Use lowercase() instead.
2026-09-29T20:24:38.5834637Z w: file:///home/runner/work/bofq/bofq/dkplayer-sample/src/main/java/xyz/doikki/dkplayer/activity/api/PlayerActivity.kt:63:19 'toLowerCase(): String' is deprecated. Use lowercase() instead.
2026-09-29T20:24:38.5837008Z w: file:///home/runner/work/bofq/bofq/dkplayer-sample/src/main/java/xyz/doikki/dkplayer/activity/api/PlayerActivity.kt:346:59 Unnecessary non-null assertion (!!) on a non-null receiver of type String
2026-09-29T20:24:38.5840052Z w: file:///home/runner/work/bofq/bofq/dkplayer-sample/src/main/java/xyz/doikki/dkplayer/activity/api/PlayerActivity.kt:346:87 Unnecessary non-null assertion (!!) on a non-null receiver of type String
2026-09-29T20:24:38.5842338Z w: file:///home/runner/work/bofq/bofq/dkplayer-sample/src/main/java/xyz/doikki/dkplayer/activity/api/PlayerActivity.kt:430:23 Parameter 'view' is never used
2026-09-29T20:24:40.4809759Z 
2026-09-29T20:24:40.4811002Z /home/runner/work/bofq/bofq/dkplayer-sample/src/main/java/xyz/doikki/dkplayer/activity/MainActivity.java:385: error: cannot find symbol
2026-09-29T20:24:40.4812314Z > Task :dkplayer-sample:compileReleaseJavaWithJavac FAILED
2026-09-29T20:24:40.4813427Z [Incubating] Problems report is available at: file:///home/runner/work/bofq/bofq/build/reports/problems/problems-report.html
2026-09-29T20:24:40.4815238Z         android.widget.FrameLayout.LayoutParams clp = new android.widget.FrameLayout.LayoutParams(dp(36), dp(36));
2026-09-29T20:24:40.4816354Z                                                                                                   ^
2026-09-29T20:24:40.4816989Z   symbol:   method dp(int)
2026-09-29T20:24:40.4817438Z   location: class MainActivity
2026-09-29T20:24:40.4818514Z /home/runner/work/bofq/bofq/dkplayer-sample/src/main/java/xyz/doikki/dkplayer/activity/MainActivity.java:385: error: cannot find symbol
2026-09-29T20:24:40.4820269Z         android.widget.FrameLayout.LayoutParams clp = new android.widget.FrameLayout.LayoutParams(dp(36), dp(36));
2026-09-29T20:24:40.4821398Z                                                                                                           ^
2026-09-29T20:24:40.4871664Z   symbol:   method dp(int)
2026-09-29T20:24:40.4910287Z   location: class MainActivity
2026-09-29T20:24:40.4910781Z 131 actionable tasks: 131 executed
2026-09-29T20:24:40.4911910Z /home/runner/work/bofq/bofq/dkplayer-sample/src/main/java/xyz/doikki/dkplayer/activity/MainActivity.java:387: error: cannot find symbol
2026-09-29T20:24:40.4913027Z         clp.setMargins(0, dp(12), dp(12), 0);
2026-09-29T20:24:40.4913492Z                           ^
2026-09-29T20:24:40.4913881Z   symbol:   method dp(int)
2026-09-29T20:24:40.4914274Z   location: class MainActivity
2026-09-29T20:24:40.4915273Z /home/runner/work/bofq/bofq/dkplayer-sample/src/main/java/xyz/doikki/dkplayer/activity/MainActivity.java:387: error: cannot find symbol
2026-09-29T20:24:40.4916332Z         clp.setMargins(0, dp(12), dp(12), 0);
2026-09-29T20:24:40.4916801Z                                   ^
2026-09-29T20:24:40.4917743Z   symbol:   method dp(int)
2026-09-29T20:24:40.4918159Z   location: class MainActivity
2026-09-29T20:24:40.4918660Z Note: Some input files use or override a deprecated API.
2026-09-29T20:24:40.4919470Z Note: Recompile with -Xlint:deprecation for details.
2026-09-29T20:24:40.4920081Z Note: Some input files use unchecked or unsafe operations.
2026-09-29T20:24:40.4920670Z Note: Recompile with -Xlint:unchecked for details.
2026-09-29T20:24:40.4921148Z 4 errors
2026-09-29T20:24:40.4921317Z 
2026-09-29T20:24:40.4921495Z FAILURE: Build failed with an exception.
2026-09-29T20:24:40.4921808Z 
2026-09-29T20:24:40.4921944Z * What went wrong:
2026-09-29T20:24:40.4922504Z Execution failed for task ':dkplayer-sample:compileReleaseJavaWithJavac'.
2026-09-29T20:24:40.4923229Z > Compilation failed; see the compiler output below.
2026-09-29T20:24:40.4923839Z   Note: Some input files use unchecked or unsafe operations.
2026-09-29T20:24:40.4924441Z   Note: Recompile with -Xlint:unchecked for details.
2026-09-29T20:24:40.4925028Z   Note: Recompile with -Xlint:deprecation for details.
2026-09-29T20:24:40.4925630Z   Note: Some input files use or override a deprecated API.
2026-09-29T20:24:40.4926756Z   /home/runner/work/bofq/bofq/dkplayer-sample/src/main/java/xyz/doikki/dkplayer/activity/MainActivity.java:385: error: cannot find symbol
2026-09-29T20:24:40.4928251Z           android.widget.FrameLayout.LayoutParams clp = new android.widget.FrameLayout.LayoutParams(dp(36), dp(36));
2026-09-29T20:24:40.4929710Z                                                                                                     ^
2026-09-29T20:24:40.4930240Z     symbol:   method dp(int)
2026-09-29T20:24:40.4930615Z     location: class MainActivity
2026-09-29T20:24:40.4931558Z   /home/runner/work/bofq/bofq/dkplayer-sample/src/main/java/xyz/doikki/dkplayer/activity/MainActivity.java:385: error: cannot find symbol
2026-09-29T20:24:40.4933012Z           android.widget.FrameLayout.LayoutParams clp = new android.widget.FrameLayout.LayoutParams(dp(36), dp(36));
2026-09-29T20:24:40.4934013Z                                                                                                             ^
2026-09-29T20:24:40.4959893Z     symbol:   method dp(int)
2026-09-29T20:24:40.4960351Z     location: class MainActivity
2026-09-29T20:24:40.4961389Z   /home/runner/work/bofq/bofq/dkplayer-sample/src/main/java/xyz/doikki/dkplayer/activity/MainActivity.java:387: error: cannot find symbol
2026-09-29T20:24:40.4962502Z           clp.setMargins(0, dp(12), dp(12), 0);
2026-09-29T20:24:40.4962978Z                             ^
2026-09-29T20:24:40.4963371Z     symbol:   method dp(int)
2026-09-29T20:24:40.4963782Z     location: class MainActivity
2026-09-29T20:24:40.4964813Z   /home/runner/work/bofq/bofq/dkplayer-sample/src/main/java/xyz/doikki/dkplayer/activity/MainActivity.java:387: error: cannot find symbol
2026-09-29T20:24:40.4965919Z           clp.setMargins(0, dp(12), dp(12), 0);
2026-09-29T20:24:40.4966382Z                                     ^
2026-09-29T20:24:40.4966827Z     symbol:   method dp(int)
2026-09-29T20:24:40.4967228Z     location: class MainActivity
2026-09-29T20:24:40.4967617Z   4 errors
2026-09-29T20:24:40.4967798Z 
2026-09-29T20:24:40.4967934Z * Try:
2026-09-29T20:24:40.4968390Z > Check your code and dependencies to fix the compilation error(s)
2026-09-29T20:24:40.4969008Z > Run with --scan to get full insights.
2026-09-29T20:24:40.4969493Z 
2026-09-29T20:24:40.4969628Z * Exception is:
2026-09-29T20:24:40.4970499Z org.gradle.api.tasks.TaskExecutionException: Execution failed for task ':dkplayer-sample:compileReleaseJavaWithJavac'.
2026-09-29T20:24:40.4972251Z 	at org.gradle.api.internal.tasks.execution.ExecuteActionsTaskExecuter.lambda$executeIfValid$1(ExecuteActionsTaskExecuter.java:130)
2026-09-29T20:24:40.4973555Z 	at org.gradle.internal.Try$Failure.ifSuccessfulOrElse(Try.java:293)
2026-09-29T20:24:40.4974786Z 	at org.gradle.api.internal.tasks.execution.ExecuteActionsTaskExecuter.executeIfValid(ExecuteActionsTaskExecuter.java:128)
2026-09-29T20:24:40.4976886Z 	at org.gradle.api.internal.tasks.execution.ExecuteActionsTaskExecuter.execute(ExecuteActionsTaskExecuter.java:116)
2026-09-29T20:24:40.4978579Z 	at org.gradle.api.internal.tasks.execution.FinalizePropertiesTaskExecuter.execute(FinalizePropertiesTaskExecuter.java:46)
2026-09-29T20:24:40.4980438Z 	at org.gradle.api.internal.tasks.execution.ResolveTaskExecutionModeExecuter.execute(ResolveTaskExecutionModeExecuter.java:51)
2026-09-29T20:24:40.4982138Z 	at org.gradle.api.internal.tasks.execution.SkipTaskWithNoActionsExecuter.execute(SkipTaskWithNoActionsExecuter.java:57)
2026-09-29T20:24:40.4983686Z 	at org.gradle.api.internal.tasks.execution.SkipOnlyIfTaskExecuter.execute(SkipOnlyIfTaskExecuter.java:74)
2026-09-29T20:24:40.4985132Z 	at org.gradle.api.internal.tasks.execution.CatchExceptionTaskExecuter.execute(CatchExceptionTaskExecuter.java:36)
2026-09-29T20:24:40.4986641Z 	at org.gradle.api.internal.tasks.execution.EventFiringTaskExecuter$1.executeTask(EventFiringTaskExecuter.java:77)
2026-09-29T20:24:40.4988113Z 	at org.gradle.api.internal.tasks.execution.EventFiringTaskExecuter$1.call(EventFiringTaskExecuter.java:55)
2026-09-29T20:24:40.5010902Z 	at org.gradle.api.internal.tasks.execution.EventFiringTaskExecuter$1.call(EventFiringTaskExecuter.java:52)
2026-09-29T20:24:40.5012650Z 	at org.gradle.internal.operations.DefaultBuildOperationRunner$CallableBuildOperationWorker.execute(DefaultBuildOperationRunner.java:209)
2026-09-29T20:24:40.5015094Z 	at org.gradle.internal.operations.DefaultBuildOperationRunner$CallableBuildOperationWorker.execute(DefaultBuildOperationRunner.java:204)
2026-09-29T20:24:40.5016765Z 	at org.gradle.internal.operations.DefaultBuildOperationRunner$2.execute(DefaultBuildOperationRunner.java:66)
2026-09-29T20:24:40.5018202Z 	at org.gradle.internal.operations.DefaultBuildOperationRunner$2.execute(DefaultBuildOperationRunner.java:59)
2026-09-29T20:24:40.5019796Z 	at org.gradle.internal.operations.DefaultBuildOperationRunner.execute(DefaultBuildOperationRunner.java:166)
2026-09-29T20:24:40.5021274Z 	at org.gradle.internal.operations.DefaultBuildOperationRunner.execute(DefaultBuildOperationRunner.java:59)
2026-09-29T20:24:40.5022777Z 	at org.gradle.internal.operations.DefaultBuildOperationRunner.call(DefaultBuildOperationRunner.java:53)
2026-09-29T20:24:40.5024215Z 	at org.gradle.api.internal.tasks.execution.EventFiringTaskExecuter.execute(EventFiringTaskExecuter.java:52)
2026-09-29T20:24:40.5025507Z 	at org.gradle.execution.plan.LocalTaskNodeExecutor.execute(LocalTaskNodeExecutor.java:42)
2026-09-29T20:24:40.5026972Z 	at org.gradle.execution.taskgraph.DefaultTaskExecutionGraph$InvokeNodeExecutorsAction.execute(DefaultTaskExecutionGraph.java:331)
2026-09-29T20:24:40.5028672Z 	at org.gradle.execution.taskgraph.DefaultTaskExecutionGraph$InvokeNodeExecutorsAction.execute(DefaultTaskExecutionGraph.java:318)
2026-09-29T20:24:40.5030691Z 	at org.gradle.execution.taskgraph.DefaultTaskExecutionGraph$BuildOperationAwareExecutionAction.lambda$execute$0(DefaultTaskExecutionGraph.java:314)
2026-09-29T20:24:40.5032377Z 	at org.gradle.internal.operations.CurrentBuildOperationRef.with(CurrentBuildOperationRef.java:85)
2026-09-29T20:24:40.5037640Z 	at org.gradle.execution.taskgraph.DefaultTaskExecutionGraph$BuildOperationAwareExecutionAction.execute(DefaultTaskExecutionGraph.java:314)
2026-09-29T20:24:40.5039981Z 	at org.gradle.execution.taskgraph.DefaultTaskExecutionGraph$BuildOperationAwareExecutionAction.execute(DefaultTaskExecutionGraph.java:303)
2026-09-29T20:24:40.5041602Z 	at org.gradle.execution.plan.DefaultPlanExecutor$ExecutorWorker.execute(DefaultPlanExecutor.java:459)
2026-09-29T20:24:40.5042836Z 	at org.gradle.execution.plan.DefaultPlanExecutor$ExecutorWorker.run(DefaultPlanExecutor.java:376)
2026-09-29T20:24:40.5044124Z 	at org.gradle.internal.concurrent.ExecutorPolicy$CatchAndRecordFailures.onExecute(ExecutorPolicy.java:64)
2026-09-29T20:24:40.5045418Z 	at org.gradle.internal.concurrent.AbstractManagedExecutor$1.run(AbstractManagedExecutor.java:48)
2026-09-29T20:24:40.5047778Z Caused by: org.gradle.api.internal.tasks.compile.CompilationFailedException: Compilation failed; see the compiler output below.
2026-09-29T20:24:40.5049432Z Note: Some input files use unchecked or unsafe operations.
2026-09-29T20:24:40.5050055Z Note: Recompile with -Xlint:unchecked for details.
2026-09-29T20:24:40.5050648Z Note: Recompile with -Xlint:deprecation for details.
2026-09-29T20:24:40.5052175Z Note: Some input files use or override a deprecated API.
2026-09-29T20:24:40.5053378Z /home/runner/work/bofq/bofq/dkplayer-sample/src/main/java/xyz/doikki/dkplayer/activity/MainActivity.java:385: error: cannot find symbol
2026-09-29T20:24:40.5054890Z         android.widget.FrameLayout.LayoutParams clp = new android.widget.FrameLayout.LayoutParams(dp(36), dp(36));
2026-09-29T20:24:40.5055909Z                                                                                                   ^
2026-09-29T20:24:40.5056471Z   symbol:   method dp(int)
2026-09-29T20:24:40.5056864Z   location: class MainActivity
2026-09-29T20:24:40.5057865Z /home/runner/work/bofq/bofq/dkplayer-sample/src/main/java/xyz/doikki/dkplayer/activity/MainActivity.java:385: error: cannot find symbol
2026-09-29T20:24:40.5061116Z         android.widget.FrameLayout.LayoutParams clp = new android.widget.FrameLayout.LayoutParams(dp(36), dp(36));
2026-09-29T20:24:40.5070193Z                                                                                                           ^
2026-09-29T20:24:40.5070810Z   symbol:   method dp(int)
2026-09-29T20:24:40.5071505Z   location: class MainActivity
2026-09-29T20:24:40.5072506Z /home/runner/work/bofq/bofq/dkplayer-sample/src/main/java/xyz/doikki/dkplayer/activity/MainActivity.java:387: error: cannot find symbol
2026-09-29T20:24:40.5073584Z         clp.setMargins(0, dp(12), dp(12), 0);
2026-09-29T20:24:40.5074054Z                           ^
2026-09-29T20:24:40.5074446Z   symbol:   method dp(int)
2026-09-29T20:24:40.5074834Z   location: class MainActivity
2026-09-29T20:24:40.5075841Z /home/runner/work/bofq/bofq/dkplayer-sample/src/main/java/xyz/doikki/dkplayer/activity/MainActivity.java:387: error: cannot find symbol
2026-09-29T20:24:40.5076935Z         clp.setMargins(0, dp(12), dp(12), 0);
2026-09-29T20:24:40.5077391Z                                   ^
2026-09-29T20:24:40.5077809Z   symbol:   method dp(int)
2026-09-29T20:24:40.5078195Z   location: class MainActivity
2026-09-29T20:24:40.5078575Z 4 errors
2026-09-29T20:24:40.5079436Z 	at org.gradle.api.internal.tasks.compile.JdkJavaCompiler.execute(JdkJavaCompiler.java:84)
2026-09-29T20:24:40.5080589Z 	at org.gradle.api.internal.tasks.compile.JdkJavaCompiler.execute(JdkJavaCompiler.java:46)
2026-09-29T20:24:40.5082016Z 	at org.gradle.api.internal.tasks.compile.NormalizingJavaCompiler.delegateAndHandleErrors(NormalizingJavaCompiler.java:98)
2026-09-29T20:24:40.5083531Z 	at org.gradle.api.internal.tasks.compile.NormalizingJavaCompiler.execute(NormalizingJavaCompiler.java:52)
2026-09-29T20:24:40.5084552Z 	at org.gradle.api.internal.tasks.compile.NormalizingJavaCompiler.execute(NormalizingJavaCompiler.java:38)
2026-09-29T20:24:40.5085538Z 	at org.gradle.api.internal.tasks.compile.AnnotationProcessorDiscoveringCompiler.execute(AnnotationProcessorDiscoveringCompiler.java:52)
2026-09-29T20:24:40.5086592Z 	at org.gradle.api.internal.tasks.compile.AnnotationProcessorDiscoveringCompiler.execute(AnnotationProcessorDiscoveringCompiler.java:38)
2026-09-29T20:24:40.5087623Z 	at org.gradle.api.internal.tasks.compile.ModuleApplicationNameWritingCompiler.execute(ModuleApplicationNameWritingCompiler.java:46)
2026-09-29T20:24:40.5088622Z 	at org.gradle.api.internal.tasks.compile.ModuleApplicationNameWritingCompiler.execute(ModuleApplicationNameWritingCompiler.java:36)
2026-09-29T20:24:40.5089987Z 	at org.gradle.jvm.toolchain.internal.DefaultToolchainJavaCompiler.execute(DefaultToolchainJavaCompiler.java:57)
2026-09-29T20:24:40.5091265Z 	at org.gradle.api.tasks.compile.JavaCompile.lambda$createToolchainCompiler$3(JavaCompile.java:205)
2026-09-29T20:24:40.5092457Z 	at org.gradle.api.internal.tasks.compile.CleaningJavaCompiler.execute(CleaningJavaCompiler.java:53)
2026-09-29T20:24:40.5094223Z 	at org.gradle.api.internal.tasks.compile.incremental.IncrementalCompilerFactory.lambda$createRebuildAllCompiler$0(IncrementalCompilerFactory.java:52)
2026-09-29T20:24:40.5095776Z 	at org.gradle.api.internal.tasks.compile.incremental.SelectiveCompiler.execute(SelectiveCompiler.java:70)
2026-09-29T20:24:40.5097057Z 	at org.gradle.api.internal.tasks.compile.incremental.SelectiveCompiler.execute(SelectiveCompiler.java:44)
2026-09-29T20:24:40.5098558Z 	at org.gradle.api.internal.tasks.compile.incremental.IncrementalResultStoringCompiler.execute(IncrementalResultStoringCompiler.java:66)
2026-09-29T20:24:40.5100582Z 	at org.gradle.api.internal.tasks.compile.incremental.IncrementalResultStoringCompiler.execute(IncrementalResultStoringCompiler.java:52)
2026-09-29T20:24:40.5104960Z 	at org.gradle.api.internal.tasks.compile.CompileJavaBuildOperationReportingCompiler$1.call(CompileJavaBuildOperationReportingCompiler.java:64)
2026-09-29T20:24:40.5106288Z 	at org.gradle.api.internal.tasks.compile.CompileJavaBuildOperationReportingCompiler$1.call(CompileJavaBuildOperationReportingCompiler.java:48)
2026-09-29T20:24:40.5107376Z 	at org.gradle.internal.operations.DefaultBuildOperationRunner$CallableBuildOperationWorker.execute(DefaultBuildOperationRunner.java:209)
2026-09-29T20:24:40.5108391Z 	at org.gradle.internal.operations.DefaultBuildOperationRunner$CallableBuildOperationWorker.execute(DefaultBuildOperationRunner.java:204)
2026-09-29T20:24:40.5110091Z 	at org.gradle.internal.operations.DefaultBuildOperationRunner$2.execute(DefaultBuildOperationRunner.java:66)
2026-09-29T20:24:40.5111031Z 	at org.gradle.internal.operations.DefaultBuildOperationRunner$2.execute(DefaultBuildOperationRunner.java:59)
2026-09-29T20:24:40.5111846Z 	at org.gradle.internal.operations.DefaultBuildOperationRunner.execute(DefaultBuildOperationRunner.java:166)
2026-09-29T20:24:40.5112643Z 	at org.gradle.internal.operations.DefaultBuildOperationRunner.execute(DefaultBuildOperationRunner.java:59)
2026-09-29T20:24:40.5113436Z 	at org.gradle.internal.operations.DefaultBuildOperationRunner.call(DefaultBuildOperationRunner.java:53)
2026-09-29T20:24:40.5114397Z 	at org.gradle.api.internal.tasks.compile.CompileJavaBuildOperationReportingCompiler.execute(CompileJavaBuildOperationReportingCompiler.java:48)
2026-09-29T20:24:40.5115295Z 	at org.gradle.api.tasks.compile.JavaCompile.performCompilation(JavaCompile.java:223)
2026-09-29T20:24:40.5115962Z 	at org.gradle.api.tasks.compile.JavaCompile.performIncrementalCompilation(JavaCompile.java:164)
2026-09-29T20:24:40.5116739Z 	at org.gradle.api.tasks.compile.JavaCompile.compile(JavaCompile.java:149)
2026-09-29T20:24:40.5117589Z 	at java.base/jdk.internal.reflect.NativeMethodAccessorImpl.invoke0(Native Method)
2026-09-29T20:24:40.5118673Z 	at java.base/jdk.internal.reflect.NativeMethodAccessorImpl.invoke(NativeMethodAccessorImpl.java:77)
2026-09-29T20:24:40.5119944Z 	at java.base/jdk.internal.reflect.DelegatingMethodAccessorImpl.invoke(DelegatingMethodAccessorImpl.java:43)
2026-09-29T20:24:40.5120933Z 	at org.gradle.internal.reflect.JavaMethod.invoke(JavaMethod.java:125)
2026-09-29T20:24:40.5121841Z 	at org.gradle.api.internal.project.taskfactory.IncrementalTaskAction.doExecute(IncrementalTaskAction.java:45)
2026-09-29T20:24:40.5123162Z 	at org.gradle.api.internal.project.taskfactory.StandardTaskAction.execute(StandardTaskAction.java:51)
2026-09-29T20:24:40.5124479Z 	at org.gradle.api.internal.project.taskfactory.IncrementalTaskAction.execute(IncrementalTaskAction.java:26)
2026-09-29T20:24:40.5125904Z 	at org.gradle.api.internal.project.taskfactory.StandardTaskAction.execute(StandardTaskAction.java:29)
2026-09-29T20:24:40.5127060Z 	at org.gradle.api.internal.tasks.execution.TaskExecution$3.run(TaskExecution.java:244)
2026-09-29T20:24:40.5128262Z 	at org.gradle.internal.operations.DefaultBuildOperationRunner$1.execute(DefaultBuildOperationRunner.java:29)
2026-09-29T20:24:40.5129843Z 	at org.gradle.internal.operations.DefaultBuildOperationRunner$1.execute(DefaultBuildOperationRunner.java:26)
2026-09-29T20:24:40.5131480Z 	at org.gradle.internal.operations.DefaultBuildOperationRunner$2.execute(DefaultBuildOperationRunner.java:66)
2026-09-29T20:24:40.5132843Z 	at org.gradle.internal.operations.DefaultBuildOperationRunner$2.execute(DefaultBuildOperationRunner.java:59)
2026-09-29T20:24:40.5134230Z 	at org.gradle.internal.operations.DefaultBuildOperationRunner.execute(DefaultBuildOperationRunner.java:166)
2026-09-29T20:24:40.5135617Z 	at org.gradle.internal.operations.DefaultBuildOperationRunner.execute(DefaultBuildOperationRunner.java:59)
2026-09-29T20:24:40.5136972Z 	at org.gradle.internal.operations.DefaultBuildOperationRunner.run(DefaultBuildOperationRunner.java:47)
2026-09-29T20:24:40.5138227Z 	at org.gradle.api.internal.tasks.execution.TaskExecution.executeAction(TaskExecution.java:229)
2026-09-29T20:24:40.5139471Z 	at org.gradle.api.internal.tasks.execution.TaskExecution.executeActions(TaskExecution.java:212)
2026-09-29T20:24:40.5140693Z 	at org.gradle.api.internal.tasks.execution.TaskExecution.executeWithPreviousOutputFiles(TaskExecution.java:195)
2026-09-29T20:24:40.5141864Z 	at org.gradle.api.internal.tasks.execution.TaskExecution.execute(TaskExecution.java:162)
2026-09-29T20:24:40.5142862Z 	at org.gradle.internal.execution.steps.ExecuteStep.executeInternal(ExecuteStep.java:105)
2026-09-29T20:24:40.5143794Z 	at org.gradle.internal.execution.steps.ExecuteStep.access$000(ExecuteStep.java:44)
2026-09-29T20:24:40.5144894Z 	at org.gradle.internal.execution.steps.ExecuteStep$1.call(ExecuteStep.java:59)
2026-09-29T20:24:40.5145736Z 	at org.gradle.internal.execution.steps.ExecuteStep$1.call(ExecuteStep.java:56)
2026-09-29T20:24:40.5146918Z 	at org.gradle.internal.operations.DefaultBuildOperationRunner$CallableBuildOperationWorker.execute(DefaultBuildOperationRunner.java:209)
2026-09-29T20:24:40.5148505Z 	at org.gradle.internal.operations.DefaultBuildOperationRunner$CallableBuildOperationWorker.execute(DefaultBuildOperationRunner.java:204)
2026-09-29T20:24:40.5150183Z 	at org.gradle.internal.operations.DefaultBuildOperationRunner$2.execute(DefaultBuildOperationRunner.java:66)
2026-09-29T20:24:40.5151463Z 	at org.gradle.internal.operations.DefaultBuildOperationRunner$2.execute(DefaultBuildOperationRunner.java:59)
2026-09-29T20:24:40.5152764Z 	at org.gradle.internal.operations.DefaultBuildOperationRunner.execute(DefaultBuildOperationRunner.java:166)
2026-09-29T20:24:40.5154144Z 	at org.gradle.internal.operations.DefaultBuildOperationRunner.execute(DefaultBuildOperationRunner.java:59)
2026-09-29T20:24:40.5155572Z 	at org.gradle.internal.operations.DefaultBuildOperationRunner.call(DefaultBuildOperationRunner.java:53)
2026-09-29T20:24:40.5156776Z 	at org.gradle.internal.execution.steps.ExecuteStep.execute(ExecuteStep.java:56)
2026-09-29T20:24:40.5157794Z 	at org.gradle.internal.execution.steps.ExecuteStep.execute(ExecuteStep.java:44)
2026-09-29T20:24:40.5158892Z 	at org.gradle.internal.execution.steps.CancelExecutionStep.execute(CancelExecutionStep.java:42)
2026-09-29T20:24:40.5160134Z 	at org.gradle.internal.execution.steps.TimeoutStep.executeWithoutTimeout(TimeoutStep.java:75)
2026-09-29T20:24:40.5161095Z 	at org.gradle.internal.execution.steps.TimeoutStep.execute(TimeoutStep.java:55)
2026-09-29T20:24:40.5162225Z 	at org.gradle.internal.execution.steps.PreCreateOutputParentsStep.execute(PreCreateOutputParentsStep.java:50)
2026-09-29T20:24:40.5163508Z 	at org.gradle.internal.execution.steps.PreCreateOutputParentsStep.execute(PreCreateOutputParentsStep.java:28)
2026-09-29T20:24:40.5164847Z 	at org.gradle.internal.execution.steps.RemovePreviousOutputsStep.execute(RemovePreviousOutputsStep.java:67)
2026-09-29T20:24:40.5166148Z 	at org.gradle.internal.execution.steps.RemovePreviousOutputsStep.execute(RemovePreviousOutputsStep.java:37)
2026-09-29T20:24:40.5168050Z 	at org.gradle.internal.execution.steps.BroadcastChangingOutputsStep.execute(BroadcastChangingOutputsStep.java:61)
2026-09-29T20:24:40.5169890Z 	at org.gradle.internal.execution.steps.BroadcastChangingOutputsStep.execute(BroadcastChangingOutputsStep.java:26)
2026-09-29T20:24:40.5172207Z 	at org.gradle.internal.execution.steps.CaptureOutputsAfterExecutionStep.execute(CaptureOutputsAfterExecutionStep.java:69)
2026-09-29T20:24:40.5174067Z 	at org.gradle.internal.execution.steps.CaptureOutputsAfterExecutionStep.execute(CaptureOutputsAfterExecutionStep.java:46)
2026-09-29T20:24:40.5176122Z 	at org.gradle.internal.execution.steps.ResolveInputChangesStep.execute(ResolveInputChangesStep.java:40)
2026-09-29T20:24:40.5177731Z 	at org.gradle.internal.execution.steps.ResolveInputChangesStep.execute(ResolveInputChangesStep.java:29)
2026-09-29T20:24:40.5179371Z 	at org.gradle.internal.execution.steps.BuildCacheStep.executeWithoutCache(BuildCacheStep.java:189)
2026-09-29T20:24:40.5181074Z 	at org.gradle.internal.execution.steps.BuildCacheStep.lambda$execute$1(BuildCacheStep.java:75)
2026-09-29T20:24:40.5182126Z 	at org.gradle.internal.Either$Right.fold(Either.java:175)
2026-09-29T20:24:40.5183122Z 	at org.gradle.internal.execution.caching.CachingState.fold(CachingState.java:62)
2026-09-29T20:24:40.5184531Z 	at org.gradle.internal.execution.steps.BuildCacheStep.execute(BuildCacheStep.java:73)
2026-09-29T20:24:40.5185795Z 	at org.gradle.internal.execution.steps.BuildCacheStep.execute(BuildCacheStep.java:48)
2026-09-29T20:24:40.5187439Z 	at org.gradle.internal.execution.steps.StoreExecutionStateStep.execute(StoreExecutionStateStep.java:46)
2026-09-29T20:24:40.5189629Z 	at org.gradle.internal.execution.steps.StoreExecutionStateStep.execute(StoreExecutionStateStep.java:35)
2026-09-29T20:24:40.5191337Z 	at org.gradle.internal.execution.steps.SkipUpToDateStep.executeBecause(SkipUpToDateStep.java:75)
2026-09-29T20:24:40.5192964Z 	at org.gradle.internal.execution.steps.SkipUpToDateStep.lambda$execute$2(SkipUpToDateStep.java:53)
2026-09-29T20:24:40.5194496Z 	at org.gradle.internal.execution.steps.SkipUpToDateStep.execute(SkipUpToDateStep.java:53)
2026-09-29T20:24:40.5195770Z 	at org.gradle.internal.execution.steps.SkipUpToDateStep.execute(SkipUpToDateStep.java:35)
2026-09-29T20:24:40.5197256Z 	at org.gradle.internal.execution.steps.legacy.MarkSnapshottingInputsFinishedStep.execute(MarkSnapshottingInputsFinishedStep.java:37)
2026-09-29T20:24:40.5198969Z 	at org.gradle.internal.execution.steps.legacy.MarkSnapshottingInputsFinishedStep.execute(MarkSnapshottingInputsFinishedStep.java:27)
2026-09-29T20:24:40.5200967Z 	at org.gradle.internal.execution.steps.ResolveIncrementalCachingStateStep.executeDelegate(ResolveIncrementalCachingStateStep.java:49)
2026-09-29T20:24:40.5202632Z 	at org.gradle.internal.execution.steps.ResolveIncrementalCachingStateStep.executeDelegate(ResolveIncrementalCachingStateStep.java:27)
2026-09-29T20:24:40.5204306Z 	at org.gradle.internal.execution.steps.AbstractResolveCachingStateStep.execute(AbstractResolveCachingStateStep.java:71)
2026-09-29T20:24:40.5205872Z 	at org.gradle.internal.execution.steps.AbstractResolveCachingStateStep.execute(AbstractResolveCachingStateStep.java:39)
2026-09-29T20:24:40.5207210Z 	at org.gradle.internal.execution.steps.ResolveChangesStep.execute(ResolveChangesStep.java:65)
2026-09-29T20:24:40.5208341Z 	at org.gradle.internal.execution.steps.ResolveChangesStep.execute(ResolveChangesStep.java:36)
2026-09-29T20:24:40.5209588Z 	at org.gradle.internal.execution.steps.ValidateStep.execute(ValidateStep.java:107)
2026-09-29T20:24:40.5210554Z 	at org.gradle.internal.execution.steps.ValidateStep.execute(ValidateStep.java:56)
2026-09-29T20:24:40.5211961Z 	at org.gradle.internal.execution.steps.AbstractCaptureStateBeforeExecutionStep.execute(AbstractCaptureStateBeforeExecutionStep.java:64)
2026-09-29T20:24:40.5213647Z 	at org.gradle.internal.execution.steps.AbstractCaptureStateBeforeExecutionStep.execute(AbstractCaptureStateBeforeExecutionStep.java:43)
2026-09-29T20:24:40.5215372Z 	at org.gradle.internal.execution.steps.AbstractSkipEmptyWorkStep.executeWithNonEmptySources(AbstractSkipEmptyWorkStep.java:125)
2026-09-29T20:24:40.5216889Z 	at org.gradle.internal.execution.steps.AbstractSkipEmptyWorkStep.execute(AbstractSkipEmptyWorkStep.java:61)
2026-09-29T20:24:40.5218589Z 	at org.gradle.internal.execution.steps.AbstractSkipEmptyWorkStep.execute(AbstractSkipEmptyWorkStep.java:36)
2026-09-29T20:24:40.5220332Z 	at org.gradle.internal.execution.steps.legacy.MarkSnapshottingInputsStartedStep.execute(MarkSnapshottingInputsStartedStep.java:38)
2026-09-29T20:24:40.5221936Z 	at org.gradle.internal.execution.steps.LoadPreviousExecutionStateStep.execute(LoadPreviousExecutionStateStep.java:36)
2026-09-29T20:24:40.5223417Z 	at org.gradle.internal.execution.steps.LoadPreviousExecutionStateStep.execute(LoadPreviousExecutionStateStep.java:23)
2026-09-29T20:24:40.5224736Z 	at org.gradle.internal.execution.steps.HandleStaleOutputsStep.execute(HandleStaleOutputsStep.java:75)
2026-09-29T20:24:40.5225948Z 	at org.gradle.internal.execution.steps.HandleStaleOutputsStep.execute(HandleStaleOutputsStep.java:41)
2026-09-29T20:24:40.5227145Z 	at org.gradle.internal.execution.steps.AssignMutableWorkspaceStep.lambda$execute$0(AssignMutableWorkspaceStep.java:35)
2026-09-29T20:24:40.5228289Z 	at org.gradle.api.internal.tasks.execution.TaskExecution$4.withWorkspace(TaskExecution.java:289)
2026-09-29T20:24:40.5229598Z 	at org.gradle.internal.execution.steps.AssignMutableWorkspaceStep.execute(AssignMutableWorkspaceStep.java:31)
2026-09-29T20:24:40.5230775Z 	at org.gradle.internal.execution.steps.AssignMutableWorkspaceStep.execute(AssignMutableWorkspaceStep.java:22)
2026-09-29T20:24:40.5298494Z 	at org.gradle.internal.execution.steps.ChoosePipelineStep.execute(ChoosePipelineStep.java:40)
2026-09-29T20:24:40.5299833Z 	at org.gradle.internal.execution.steps.ChoosePipelineStep.execute(ChoosePipelineStep.java:23)
2026-09-29T20:24:40.5301366Z 	at org.gradle.internal.execution.steps.ExecuteWorkBuildOperationFiringStep.lambda$execute$2(ExecuteWorkBuildOperationFiringStep.java:67)
2026-09-29T20:24:40.5303093Z 	at org.gradle.internal.execution.steps.ExecuteWorkBuildOperationFiringStep.execute(ExecuteWorkBuildOperationFiringStep.java:67)
2026-09-29T20:24:40.5304569Z 	at org.gradle.internal.execution.steps.ExecuteWorkBuildOperationFiringStep.execute(ExecuteWorkBuildOperationFiringStep.java:39)
2026-09-29T20:24:40.5305964Z 	at org.gradle.internal.execution.steps.IdentityCacheStep.execute(IdentityCacheStep.java:46)
2026-09-29T20:24:40.5306961Z 	at org.gradle.internal.execution.steps.IdentityCacheStep.execute(IdentityCacheStep.java:34)
2026-09-29T20:24:40.5307909Z 	at org.gradle.internal.execution.steps.IdentifyStep.execute(IdentifyStep.java:48)
2026-09-29T20:24:40.5308827Z 	at org.gradle.internal.execution.steps.IdentifyStep.execute(IdentifyStep.java:35)
2026-09-29T20:24:40.5310120Z 	at org.gradle.internal.execution.impl.DefaultExecutionEngine$1.execute(DefaultExecutionEngine.java:61)
2026-09-29T20:24:40.5311486Z 	at org.gradle.api.internal.tasks.execution.ExecuteActionsTaskExecuter.executeIfValid(ExecuteActionsTaskExecuter.java:127)
2026-09-29T20:24:40.5313026Z 	at org.gradle.api.internal.tasks.execution.ExecuteActionsTaskExecuter.execute(ExecuteActionsTaskExecuter.java:116)
2026-09-29T20:24:40.5314568Z 	at org.gradle.api.internal.tasks.execution.FinalizePropertiesTaskExecuter.execute(FinalizePropertiesTaskExecuter.java:46)
2026-09-29T20:24:40.5316175Z 	at org.gradle.api.internal.tasks.execution.ResolveTaskExecutionModeExecuter.execute(ResolveTaskExecutionModeExecuter.java:51)
2026-09-29T20:24:40.5317795Z 	at org.gradle.api.internal.tasks.execution.SkipTaskWithNoActionsExecuter.execute(SkipTaskWithNoActionsExecuter.java:57)
2026-09-29T20:24:40.5322026Z 	at org.gradle.api.internal.tasks.execution.SkipOnlyIfTaskExecuter.execute(SkipOnlyIfTaskExecuter.java:74)
2026-09-29T20:24:40.5323484Z 	at org.gradle.api.internal.tasks.execution.CatchExceptionTaskExecuter.execute(CatchExceptionTaskExecuter.java:36)
2026-09-29T20:24:40.5324922Z 	at org.gradle.api.internal.tasks.execution.EventFiringTaskExecuter$1.executeTask(EventFiringTaskExecuter.java:77)
2026-09-29T20:24:40.5326282Z 	at org.gradle.api.internal.tasks.execution.EventFiringTaskExecuter$1.call(EventFiringTaskExecuter.java:55)
2026-09-29T20:24:40.5327864Z 	at org.gradle.api.internal.tasks.execution.EventFiringTaskExecuter$1.call(EventFiringTaskExecuter.java:52)
2026-09-29T20:24:40.5329625Z 	at org.gradle.internal.operations.DefaultBuildOperationRunner$CallableBuildOperationWorker.execute(DefaultBuildOperationRunner.java:209)
2026-09-29T20:24:40.5331482Z 	at org.gradle.internal.operations.DefaultBuildOperationRunner$CallableBuildOperationWorker.execute(DefaultBuildOperationRunner.java:204)
2026-09-29T20:24:40.5333107Z 	at org.gradle.internal.operations.DefaultBuildOperationRunner$2.execute(DefaultBuildOperationRunner.java:66)
2026-09-29T20:24:40.5334450Z 	at org.gradle.internal.operations.DefaultBuildOperationRunner$2.execute(DefaultBuildOperationRunner.java:59)
2026-09-29T20:24:40.5335881Z 	at org.gradle.internal.operations.DefaultBuildOperationRunner.execute(DefaultBuildOperationRunner.java:166)
2026-09-29T20:24:40.5337200Z 	at org.gradle.internal.operations.DefaultBuildOperationRunner.execute(DefaultBuildOperationRunner.java:59)
2026-09-29T20:24:40.5338608Z 	at org.gradle.internal.operations.DefaultBuildOperationRunner.call(DefaultBuildOperationRunner.java:53)
2026-09-29T20:24:40.5340157Z 	at org.gradle.api.internal.tasks.execution.EventFiringTaskExecuter.execute(EventFiringTaskExecuter.java:52)
2026-09-29T20:24:40.5341397Z 	at org.gradle.execution.plan.LocalTaskNodeExecutor.execute(LocalTaskNodeExecutor.java:42)
2026-09-29T20:24:40.5343067Z 	at org.gradle.execution.taskgraph.DefaultTaskExecutionGraph$InvokeNodeExecutorsAction.execute(DefaultTaskExecutionGraph.java:331)
2026-09-29T20:24:40.5344732Z 	at org.gradle.execution.taskgraph.DefaultTaskExecutionGraph$InvokeNodeExecutorsAction.execute(DefaultTaskExecutionGraph.java:318)
2026-09-29T20:24:40.5346524Z 	at org.gradle.execution.taskgraph.DefaultTaskExecutionGraph$BuildOperationAwareExecutionAction.lambda$execute$0(DefaultTaskExecutionGraph.java:314)
2026-09-29T20:24:40.5348164Z 	at org.gradle.internal.operations.CurrentBuildOperationRef.with(CurrentBuildOperationRef.java:85)
2026-09-29T20:24:40.5349921Z 	at org.gradle.execution.taskgraph.DefaultTaskExecutionGraph$BuildOperationAwareExecutionAction.execute(DefaultTaskExecutionGraph.java:314)
2026-09-29T20:24:40.5351812Z 	at org.gradle.execution.taskgraph.DefaultTaskExecutionGraph$BuildOperationAwareExecutionAction.execute(DefaultTaskExecutionGraph.java:303)
2026-09-29T20:24:40.5353385Z 	at org.gradle.execution.plan.DefaultPlanExecutor$ExecutorWorker.execute(DefaultPlanExecutor.java:459)
2026-09-29T20:24:40.5354545Z 	at org.gradle.execution.plan.DefaultPlanExecutor$ExecutorWorker.run(DefaultPlanExecutor.java:376)
2026-09-29T20:24:40.5355722Z 	at org.gradle.internal.concurrent.ExecutorPolicy$CatchAndRecordFailures.onExecute(ExecutorPolicy.java:64)
2026-09-29T20:24:40.5356990Z 	at org.gradle.internal.concurrent.AbstractManagedExecutor$1.run(AbstractManagedExecutor.java:48)
2026-09-29T20:24:40.5357700Z 
2026-09-29T20:24:40.5357708Z 
2026-09-29T20:24:40.5357871Z BUILD FAILED in 1m 27s
2026-09-29T20:24:40.9577642Z ##[error]Process completed with exit code 1.
2026-09-29T20:24:40.9707139Z Post job cleanup.
2026-09-29T20:24:41.1136320Z (node:2562) [DEP0040] DeprecationWarning: The `punycode` module is deprecated. Please use a userland alternative instead.
2026-09-29T20:24:41.1137518Z (Use `node --trace-deprecation ...` to show where the warning was created)
2026-09-29T20:24:41.1344095Z Post job cleanup.
2026-09-29T20:24:41.2249541Z [command]/usr/bin/git version
2026-09-29T20:24:41.2293187Z git version 2.55.0
2026-09-29T20:24:41.2329279Z Temporarily overriding HOME='/home/runner/work/_temp/7facb8c9-c374-4738-96f9-36c03cf4f487' before making global git config changes
2026-09-29T20:24:41.2330637Z Adding repository directory to the temporary git global config as a safe directory
2026-09-29T20:24:41.2334661Z [command]/usr/bin/git config --global --add safe.directory /home/runner/work/bofq/bofq
2026-09-29T20:24:41.2378712Z [command]/usr/bin/git config --local --name-only --get-regexp core\.sshCommand
2026-09-29T20:24:41.2416805Z [command]/usr/bin/git submodule foreach --recursive sh -c "git config --local --name-only --get-regexp 'core\.sshCommand' && git config --local --unset-all 'core.sshCommand' || :"
2026-09-29T20:24:41.2692350Z [command]/usr/bin/git config --local --name-only --get-regexp http\.https\:\/\/github\.com\/\.extraheader
2026-09-29T20:24:41.2721764Z http.https://github.com/.extraheader
2026-09-29T20:24:41.2733350Z [command]/usr/bin/git config --local --unset-all http.https://github.com/.extraheader
2026-09-29T20:24:41.2769615Z [command]/usr/bin/git submodule foreach --recursive sh -c "git config --local --name-only --get-regexp 'http\.https\:\/\/github\.com\/\.extraheader' && git config --local --unset-all 'http.https://github.com/.extraheader' || :"
2026-09-29T20:24:41.3049429Z [command]/usr/bin/git config --local --name-only --get-regexp ^includeIf\.gitdir:
2026-09-29T20:24:41.3093603Z [command]/usr/bin/git submodule foreach --recursive git config --local --show-origin --name-only --get-regexp remote.origin.url
2026-09-29T20:24:41.3522302Z Cleaning up orphan processes
2026-09-29T20:24:41.3848946Z Terminate orphan process: pid (2509) (java)
2026-09-29T20:24:41.3861097Z ##[warning]Node.js 20 is deprecated. The following actions target Node.js 20 but are being forced to run on Node.js 24: actions/checkout@v4, actions/setup-java@v4. For more information see: https://github.blog/changelog/2025-09-19-deprecation-of-node-20-on-github-actions-runners/
