2026-09-30T00:53:37.1142065Z Current runner version: '2.337.0'
2026-09-30T00:53:37.1162671Z ##[group]Runner Image Provisioner
2026-09-30T00:53:37.1163456Z Hosted Compute Agent
2026-09-30T00:53:37.1163943Z Version: 20260901.588
2026-09-30T00:53:37.1164559Z Commit: f88ec8081b781fac6c440065ac7ff9e710ce3d0b
2026-09-30T00:53:37.1165154Z Build Date: 2026-09-01T19:56:44Z
2026-09-30T00:53:37.1165833Z Worker ID: {ddf7c350-fbe3-4a54-aa5f-7dbb0c97639f}
2026-09-30T00:53:37.1166462Z Azure Region: westus
2026-09-30T00:53:37.1166943Z ##[endgroup]
2026-09-30T00:53:37.1168183Z ##[group]Operating System
2026-09-30T00:53:37.1168698Z Ubuntu
2026-09-30T00:53:37.1169113Z 24.04.5
2026-09-30T00:53:37.1169629Z LTS
2026-09-30T00:53:37.1170058Z ##[endgroup]
2026-09-30T00:53:37.1170527Z ##[group]Runner Image
2026-09-30T00:53:37.1171071Z Image: ubuntu-24.04
2026-09-30T00:53:37.1171523Z Version: 20260927.320.1
2026-09-30T00:53:37.1172791Z Included Software: https://github.com/actions/runner-images/blob/ubuntu24/20260927.320/images/ubuntu/Ubuntu2404-Readme.md
2026-09-30T00:53:37.1174097Z Image Release: https://github.com/actions/runner-images/releases/tag/ubuntu24%2F20260927.320
2026-09-30T00:53:37.1174879Z ##[endgroup]
2026-09-30T00:53:37.1175874Z ##[group]GITHUB_TOKEN Permissions
2026-09-30T00:53:37.1177635Z Contents: read
2026-09-30T00:53:37.1178097Z Metadata: read
2026-09-30T00:53:37.1178910Z Packages: read
2026-09-30T00:53:37.1179377Z ##[endgroup]
2026-09-30T00:53:37.1181111Z Secret source: Actions
2026-09-30T00:53:37.1181933Z Cache mode: write
2026-09-30T00:53:37.1182789Z Prepare workflow directory
2026-09-30T00:53:37.1435638Z Prepare all required actions
2026-09-30T00:53:37.1473810Z Getting action download info
2026-09-30T00:53:37.5132778Z Download action repository 'actions/checkout@v4' (SHA:11d5960a326750d5838078e36cf38b85af677262)
2026-09-30T00:53:37.6521081Z Download action repository 'actions/setup-java@v4' (SHA:cf277c60eb25467037889841efdb72551f06f6c3)
2026-09-30T00:53:38.1988907Z Download action repository 'actions/upload-artifact@v4' (SHA:ea165f8d65b6e75b540449e92b4886f43607fa02)
2026-09-30T00:53:38.4283605Z Complete job name: build
2026-09-30T00:53:38.4891113Z ##[group]Run actions/checkout@v4
2026-09-30T00:53:38.4892131Z with:
2026-09-30T00:53:38.4892855Z   repository: likesugar/bofq
2026-09-30T00:53:38.4896326Z   token: ***
2026-09-30T00:53:38.4896725Z   ssh-strict: true
2026-09-30T00:53:38.4897113Z   ssh-user: git
2026-09-30T00:53:38.4897506Z   persist-credentials: true
2026-09-30T00:53:38.4897925Z   clean: true
2026-09-30T00:53:38.4898306Z   sparse-checkout-cone-mode: true
2026-09-30T00:53:38.4898753Z   fetch-depth: 1
2026-09-30T00:53:38.4899127Z   fetch-tags: false
2026-09-30T00:53:38.4899514Z   show-progress: true
2026-09-30T00:53:38.4899906Z   lfs: false
2026-09-30T00:53:38.4900275Z   submodules: false
2026-09-30T00:53:38.4900669Z   set-safe-directory: true
2026-09-30T00:53:38.4901098Z   allow-unsafe-pr-checkout: false
2026-09-30T00:53:38.4901846Z ##[endgroup]
2026-09-30T00:53:38.5754595Z Syncing repository: likesugar/bofq
2026-09-30T00:53:38.5756732Z ##[group]Getting Git version info
2026-09-30T00:53:38.5757756Z Working directory is '/home/runner/work/bofq/bofq'
2026-09-30T00:53:38.5759132Z [command]/usr/bin/git version
2026-09-30T00:53:38.5810792Z git version 2.55.0
2026-09-30T00:53:38.5826700Z ##[endgroup]
2026-09-30T00:53:38.5843820Z Temporarily overriding HOME='/home/runner/work/_temp/9204d794-162a-4cb1-99e8-375fa45476f8' before making global git config changes
2026-09-30T00:53:38.5845895Z Adding repository directory to the temporary git global config as a safe directory
2026-09-30T00:53:38.5847553Z [command]/usr/bin/git config --global --add safe.directory /home/runner/work/bofq/bofq
2026-09-30T00:53:38.5892691Z Deleting the contents of '/home/runner/work/bofq/bofq'
2026-09-30T00:53:38.5896202Z ##[group]Initializing the repository
2026-09-30T00:53:38.5898855Z [command]/usr/bin/git init /home/runner/work/bofq/bofq
2026-09-30T00:53:38.5998486Z hint: Using 'master' as the name for the initial branch. This default branch name
2026-09-30T00:53:38.5999974Z hint: will change to "main" in Git 3.0. To configure the initial branch name
2026-09-30T00:53:38.6001855Z hint: to use in all of your new repositories, which will suppress this warning,
2026-09-30T00:53:38.6003076Z hint: call:
2026-09-30T00:53:38.6003962Z hint:
2026-09-30T00:53:38.6004672Z hint: 	git config --global init.defaultBranch <name>
2026-09-30T00:53:38.6005523Z hint:
2026-09-30T00:53:38.6006321Z hint: Names commonly chosen instead of 'master' are 'main', 'trunk' and
2026-09-30T00:53:38.6007653Z hint: 'development'. The just-created branch can be renamed via this command:
2026-09-30T00:53:38.6008868Z hint:
2026-09-30T00:53:38.6009437Z hint: 	git branch -m <name>
2026-09-30T00:53:38.6010095Z hint:
2026-09-30T00:53:38.6010987Z hint: Disable this message with "git config set advice.defaultBranchName false"
2026-09-30T00:53:38.6012489Z Initialized empty Git repository in /home/runner/work/bofq/bofq/.git/
2026-09-30T00:53:38.6015263Z [command]/usr/bin/git remote add origin https://github.com/likesugar/bofq
2026-09-30T00:53:38.6056423Z ##[endgroup]
2026-09-30T00:53:38.6057564Z ##[group]Disabling automatic garbage collection
2026-09-30T00:53:38.6059057Z [command]/usr/bin/git config --local gc.auto 0
2026-09-30T00:53:38.6086466Z ##[endgroup]
2026-09-30T00:53:38.6088263Z ##[group]Setting up auth
2026-09-30T00:53:38.6092557Z [command]/usr/bin/git config --local --name-only --get-regexp core\.sshCommand
2026-09-30T00:53:38.6120216Z [command]/usr/bin/git submodule foreach --recursive sh -c "git config --local --name-only --get-regexp 'core\.sshCommand' && git config --local --unset-all 'core.sshCommand' || :"
2026-09-30T00:53:38.6448127Z [command]/usr/bin/git config --local --name-only --get-regexp http\.https\:\/\/github\.com\/\.extraheader
2026-09-30T00:53:38.6479697Z [command]/usr/bin/git submodule foreach --recursive sh -c "git config --local --name-only --get-regexp 'http\.https\:\/\/github\.com\/\.extraheader' && git config --local --unset-all 'http.https://github.com/.extraheader' || :"
2026-09-30T00:53:38.6669204Z [command]/usr/bin/git config --local --name-only --get-regexp ^includeIf\.gitdir:
2026-09-30T00:53:38.6697393Z [command]/usr/bin/git submodule foreach --recursive git config --local --show-origin --name-only --get-regexp remote.origin.url
2026-09-30T00:53:38.6885617Z [command]/usr/bin/git config --local http.https://github.com/.extraheader AUTHORIZATION: basic ***
2026-09-30T00:53:38.6920469Z ##[endgroup]
2026-09-30T00:53:38.6921156Z ##[group]Fetching the repository
2026-09-30T00:53:38.6928003Z [command]/usr/bin/git -c protocol.version=2 fetch --no-tags --prune --no-recurse-submodules --depth=1 origin +78eef87f8ab528ba72f435aae213f2e52bafb781:refs/remotes/origin/main
2026-09-30T00:53:39.8843226Z From https://github.com/likesugar/bofq
2026-09-30T00:53:39.8844358Z  * [new ref]         78eef87f8ab528ba72f435aae213f2e52bafb781 -> origin/main
2026-09-30T00:53:39.8848607Z ##[endgroup]
2026-09-30T00:53:39.8849716Z ##[group]Determining the checkout info
2026-09-30T00:53:39.8850833Z ##[endgroup]
2026-09-30T00:53:39.8854083Z [command]/usr/bin/git sparse-checkout disable
2026-09-30T00:53:39.8900415Z [command]/usr/bin/git config --local --unset-all extensions.worktreeConfig
2026-09-30T00:53:39.8927757Z ##[group]Checking out the ref
2026-09-30T00:53:39.8930720Z [command]/usr/bin/git checkout --progress --force -B main refs/remotes/origin/main
2026-09-30T00:53:40.0598478Z Switched to a new branch 'main'
2026-09-30T00:53:40.0601666Z branch 'main' set up to track 'origin/main'.
2026-09-30T00:53:40.0613601Z ##[endgroup]
2026-09-30T00:53:40.0655546Z [command]/usr/bin/git log -1 --format=%H
2026-09-30T00:53:40.0678656Z 78eef87f8ab528ba72f435aae213f2e52bafb781
2026-09-30T00:53:40.1072720Z ##[group]Run actions/setup-java@v4
2026-09-30T00:53:40.1073544Z with:
2026-09-30T00:53:40.1074152Z   distribution: temurin
2026-09-30T00:53:40.1074840Z   java-version: 17
2026-09-30T00:53:40.1075478Z   java-package: jdk
2026-09-30T00:53:40.1076129Z   check-latest: false
2026-09-30T00:53:40.1076790Z   server-id: github
2026-09-30T00:53:40.1077623Z   server-username: GITHUB_ACTOR
2026-09-30T00:53:40.1078443Z   server-password: GITHUB_TOKEN
2026-09-30T00:53:40.1079238Z   overwrite-settings: true
2026-09-30T00:53:40.1079984Z   job-status: success
2026-09-30T00:53:40.1087529Z   token: ***
2026-09-30T00:53:40.1088142Z ##[endgroup]
2026-09-30T00:53:40.2411409Z ##[warning]setup-java v4 is deprecated and will no longer receive updates. Please migrate to actions/setup-java@v5.
2026-09-30T00:53:40.2420318Z ##[group]Installed distributions
2026-09-30T00:53:40.2446675Z Resolved Java 17.0.20+1 from tool-cache
2026-09-30T00:53:40.2448008Z Setting Java 17.0.20+1 as the default
2026-09-30T00:53:40.2456788Z (node:2101) [DEP0040] DeprecationWarning: The `punycode` module is deprecated. Please use a userland alternative instead.
2026-09-30T00:53:40.2459827Z (Use `node --trace-deprecation ...` to show where the warning was created)
2026-09-30T00:53:40.2461772Z Creating toolchains.xml for JDK version 17 from temurin
2026-09-30T00:53:40.2513074Z Writing to /home/runner/.m2/toolchains.xml
2026-09-30T00:53:40.2514233Z 
2026-09-30T00:53:40.2514650Z Java configuration:
2026-09-30T00:53:40.2515642Z   Distribution: temurin
2026-09-30T00:53:40.2516662Z   Version: 17.0.20+1
2026-09-30T00:53:40.2518024Z   Path: /opt/hostedtoolcache/Java_Temurin-Hotspot_jdk/17.0.20-1/x64
2026-09-30T00:53:40.2519315Z 
2026-09-30T00:53:40.2520331Z ##[endgroup]
2026-09-30T00:53:40.2536801Z Creating settings.xml with server-id: github
2026-09-30T00:53:40.2559855Z Writing to /home/runner/.m2/settings.xml
2026-09-30T00:53:40.2743803Z ##[group]Run chmod +x gradlew
2026-09-30T00:53:40.2745038Z [36;1mchmod +x gradlew[0m
2026-09-30T00:53:40.2746698Z [36;1m./gradlew :dkplayer-sample:assembleRelease --no-daemon --stacktrace[0m
2026-09-30T00:53:40.2997916Z shell: /usr/bin/bash -e {0}
2026-09-30T00:53:40.2998760Z env:
2026-09-30T00:53:40.2999687Z   JAVA_HOME: /opt/hostedtoolcache/Java_Temurin-Hotspot_jdk/17.0.20-1/x64
2026-09-30T00:53:40.3001224Z   JAVA_HOME_17_X64: /opt/hostedtoolcache/Java_Temurin-Hotspot_jdk/17.0.20-1/x64
2026-09-30T00:53:40.3002680Z ##[endgroup]
2026-09-30T00:53:40.5700038Z Downloading https://mirrors.cloud.tencent.com/gradle/gradle-8.11.1-bin.zip
2026-09-30T00:53:46.0495052Z ..............................................................................................................................................................................................................................................................................................................................................................................................................................................................................................................................................................................................................................................................................................................................................................................................................................................................................................................................................................................................................................................................................................................................................................................................................................................................................................................................................................................................................................................................................................................................................................................................................................................................................................................................................................................................................................................................................................................................................................................................................................................................................................................................................................................................................................................................................................................................................................................................................................................................................................................................................................................................................................................................................................................................................................................................................................................................................................................................................................................................................................................................................................................................................................................................................................................................................................................................................................................................................................................................................................................................................................................................................................................................................................................................................................................................................................................................................................................................................................................................................................................................................................................................................................................................................................................................................................................................................................................................................................................................................................................................................................................................................................................................................................................................................................................................................................................................................................................................................................................................................................................................................................................................................................................................................................................................................................................................................................................................................................................................................................................................................................................................................................................................................................................................................................................................................................................................................................................................................................................................................................................................................................................................................................................................................................................................................................................................................................................................................................................................................................................................................................................................................................................................................................................................................................................................................................................................................................................................................................................................................................................................................................................................
2026-09-30T00:53:46.0511608Z Unzipping /home/runner/.gradle/wrapper/dists/gradle-8.11.1-bin/eac4u065zwes5phgltp5f9b9e/gradle-8.11.1-bin.zip to /home/runner/.gradle/wrapper/dists/gradle-8.11.1-bin/eac4u065zwes5phgltp5f9b9e
2026-09-30T00:53:46.6475409Z Set executable permissions for: /home/runner/.gradle/wrapper/dists/gradle-8.11.1-bin/eac4u065zwes5phgltp5f9b9e/gradle-8.11.1/bin/gradle
2026-09-30T00:53:47.0203289Z 
2026-09-30T00:53:47.0223366Z Welcome to Gradle 8.11.1!
2026-09-30T00:53:47.0256135Z 
2026-09-30T00:53:47.0271845Z Here are the highlights of this release:
2026-09-30T00:53:47.0274398Z  - Parallel load and store for Configuration Cache
2026-09-30T00:53:47.0275278Z  - Java compilation errors at the end of the build output
2026-09-30T00:53:47.0302999Z  - Consolidated report for warnings and deprecations
2026-09-30T00:53:47.0307897Z 
2026-09-30T00:53:47.0308488Z For more details see https://docs.gradle.org/8.11.1/release-notes.html
2026-09-30T00:53:47.0309117Z 
2026-09-30T00:53:47.0310326Z To honour the JVM settings for this build a single-use Daemon process will be forked. For more on this, please refer to https://docs.gradle.org/8.11.1/userguide/gradle_daemon.html#sec:disabling_the_daemon in the Gradle documentation.
2026-09-30T00:53:47.9173192Z Daemon will be stopped at the end of the build 
2026-09-30T00:54:20.2184114Z WARNING: The specified Android SDK Build Tools version (34.0.0) is ignored, as it is below the minimum supported version (35.0.0) for Android Gradle Plugin 8.9.1.
2026-09-30T00:54:20.2223189Z Android SDK Build Tools 35.0.0 will be used.
2026-09-30T00:54:20.2249817Z To suppress this warning, remove "buildToolsVersion '34.0.0'" from your build.gradle file, as each version of the Android Gradle Plugin now has a default version of the build tools.
2026-09-30T00:54:20.9214986Z > Task :dkplayer-java:preBuild UP-TO-DATE
2026-09-30T00:54:20.9217664Z > Task :dkplayer-java:preReleaseBuild UP-TO-DATE
2026-09-30T00:54:21.0173178Z > Task :dkplayer-java:mergeReleaseJniLibFolders
2026-09-30T00:54:21.0226440Z > Task :dkplayer-java:mergeReleaseNativeLibs NO-SOURCE
2026-09-30T00:54:21.0236279Z > Task :dkplayer-sample:preBuild UP-TO-DATE
2026-09-30T00:54:21.0237059Z > Task :dkplayer-sample:preReleaseBuild UP-TO-DATE
2026-09-30T00:54:21.0237719Z > Task :dkplayer-java:copyReleaseJniLibsProjectOnly
2026-09-30T00:54:21.0238381Z > Task :dkplayer-sample:mergeReleaseJniLibFolders
2026-09-30T00:54:21.0238981Z > Task :dkplayer-ui:preBuild UP-TO-DATE
2026-09-30T00:54:21.0239563Z > Task :dkplayer-ui:preReleaseBuild UP-TO-DATE
2026-09-30T00:54:21.0240280Z > Task :dkplayer-ui:mergeReleaseJniLibFolders
2026-09-30T00:54:21.0241231Z > Task :dkplayer-ui:mergeReleaseNativeLibs NO-SOURCE
2026-09-30T00:54:21.0242004Z > Task :dkplayer-videocache:preBuild UP-TO-DATE
2026-09-30T00:54:21.0242959Z > Task :dkplayer-videocache:preReleaseBuild UP-TO-DATE
2026-09-30T00:54:21.0243649Z > Task :dkplayer-ui:copyReleaseJniLibsProjectOnly
2026-09-30T00:54:21.0244314Z > Task :dkplayer-videocache:mergeReleaseJniLibFolders
2026-09-30T00:54:21.0245079Z > Task :dkplayer-videocache:mergeReleaseNativeLibs NO-SOURCE
2026-09-30T00:54:21.0245781Z > Task :dkplayer-players:exo:preBuild UP-TO-DATE
2026-09-30T00:54:21.0246702Z > Task :dkplayer-players:exo:preReleaseBuild UP-TO-DATE
2026-09-30T00:54:21.0247407Z > Task :dkplayer-videocache:copyReleaseJniLibsProjectOnly
2026-09-30T00:54:21.1180993Z > Task :dkplayer-players:exo:mergeReleaseJniLibFolders
2026-09-30T00:54:21.1181850Z > Task :dkplayer-players:exo:mergeReleaseNativeLibs NO-SOURCE
2026-09-30T00:54:21.1182743Z > Task :dkplayer-players:exo:copyReleaseJniLibsProjectOnly
2026-09-30T00:54:21.1183149Z > Task :dkplayer-players:ijk:preBuild UP-TO-DATE
2026-09-30T00:54:21.1183469Z > Task :dkplayer-players:ijk:preReleaseBuild UP-TO-DATE
2026-09-30T00:54:21.2174697Z > Task :dkplayer-players:ijk:mergeReleaseJniLibFolders
2026-09-30T00:54:21.2175234Z > Task :dkplayer-java:generateReleaseBuildConfig
2026-09-30T00:54:21.2175672Z > Task :dkplayer-java:generateReleaseResValues
2026-09-30T00:54:21.2176074Z > Task :dkplayer-java:generateReleaseResources
2026-09-30T00:54:21.3193967Z > Task :dkplayer-players:ijk:mergeReleaseNativeLibs
2026-09-30T00:54:21.3222807Z > Task :dkplayer-java:packageReleaseResources
2026-09-30T00:54:21.4172652Z > Task :dkplayer-players:ijk:copyReleaseJniLibsProjectOnly
2026-09-30T00:54:25.3173092Z > Task :dkplayer-java:parseReleaseLocalResources
2026-09-30T00:54:36.6172867Z > Task :dkplayer-java:javaPreCompileRelease
2026-09-30T00:54:36.6173615Z > Task :dkplayer-ui:generateReleaseResValues
2026-09-30T00:54:36.6174111Z > Task :dkplayer-java:generateReleaseRFile
2026-09-30T00:54:36.6174828Z > Task :dkplayer-ui:generateReleaseResources
2026-09-30T00:54:36.7172021Z > Task :dkplayer-sample:mergeReleaseNativeLibs
2026-09-30T00:54:38.2187025Z Note: Some input files use or override a deprecated API.
2026-09-30T00:54:38.2188029Z Note: Recompile with -Xlint:deprecation for details.
2026-09-30T00:54:38.2189394Z Note: /home/runner/work/bofq/bofq/dkplayer-java/src/main/java/xyz/doikki/videoplayer/player/BaseVideoView.java uses unchecked or unsafe operations.
2026-09-30T00:54:38.2190611Z Note: Recompile with -Xlint:unchecked for details.
2026-09-30T00:54:38.2212926Z 
2026-09-30T00:54:38.2219846Z > Task :dkplayer-java:compileReleaseJavaWithJavac
2026-09-30T00:54:38.3172323Z 
2026-09-30T00:54:38.3173135Z > Task :dkplayer-java:bundleLibCompileToJarRelease
2026-09-30T00:54:38.4193390Z > Task :dkplayer-ui:packageReleaseResources
2026-09-30T00:54:38.4222589Z 
2026-09-30T00:54:38.4222975Z > Task :dkplayer-sample:stripReleaseDebugSymbols
2026-09-30T00:54:38.4223938Z Unable to strip the following libraries, packaging them as they are: libijkffmpeg.so, libijkplayer.so, libijksdl.so, librtmp-jni.so.
2026-09-30T00:54:38.4224608Z 
2026-09-30T00:54:38.4224802Z > Task :dkplayer-players:exo:generateReleaseResValues
2026-09-30T00:54:38.4225261Z > Task :dkplayer-ui:javaPreCompileRelease
2026-09-30T00:54:38.4225697Z > Task :dkplayer-players:exo:generateReleaseResources
2026-09-30T00:54:38.4226206Z > Task :dkplayer-sample:extractReleaseNativeSymbolTables
2026-09-30T00:54:38.4226662Z > Task :dkplayer-ui:parseReleaseLocalResources
2026-09-30T00:54:38.4227103Z > Task :dkplayer-players:exo:packageReleaseResources
2026-09-30T00:54:38.4227636Z > Task :dkplayer-sample:mergeReleaseNativeDebugMetadata NO-SOURCE
2026-09-30T00:54:38.4228126Z > Task :dkplayer-ui:generateReleaseRFile
2026-09-30T00:54:38.4228563Z > Task :dkplayer-players:exo:parseReleaseLocalResources
2026-09-30T00:54:38.7172423Z > Task :dkplayer-ui:compileReleaseJavaWithJavac
2026-09-30T00:54:38.7173109Z > Task :dkplayer-ui:mergeReleaseGeneratedProguardFiles
2026-09-30T00:54:38.7173650Z > Task :dkplayer-ui:exportReleaseConsumerProguardFiles
2026-09-30T00:54:38.8208887Z > Task :dkplayer-players:exo:javaPreCompileRelease
2026-09-30T00:54:38.8215657Z > Task :dkplayer-java:mergeReleaseGeneratedProguardFiles
2026-09-30T00:54:38.8253118Z > Task :dkplayer-java:exportReleaseConsumerProguardFiles
2026-09-30T00:54:38.8282969Z > Task :dkplayer-players:ijk:generateReleaseResValues
2026-09-30T00:54:38.8285427Z > Task :dkplayer-players:ijk:generateReleaseResources
2026-09-30T00:54:38.8286298Z > Task :dkplayer-players:ijk:packageReleaseResources
2026-09-30T00:54:38.8322888Z > Task :dkplayer-players:exo:generateReleaseRFile
2026-09-30T00:54:40.0173735Z Note: /home/runner/work/bofq/bofq/dkplayer-players/exo/src/main/java/xyz/doikki/videoplayer/exo/ExoMediaPlayer.java uses or overrides a deprecated API.
2026-09-30T00:54:40.0174581Z 
2026-09-30T00:54:40.0174802Z > Task :dkplayer-players:exo:compileReleaseJavaWithJavac
2026-09-30T00:54:40.0175138Z 
2026-09-30T00:54:40.0175370Z > Task :dkplayer-players:exo:mergeReleaseGeneratedProguardFiles
2026-09-30T00:54:40.0175980Z > Task :dkplayer-players:exo:exportReleaseConsumerProguardFiles
2026-09-30T00:54:40.0176562Z > Task :dkplayer-players:ijk:parseReleaseLocalResources
2026-09-30T00:54:40.0193398Z Note: Recompile with -Xlint:deprecation for details.
2026-09-30T00:54:40.0204317Z > Task :dkplayer-players:ijk:javaPreCompileRelease
2026-09-30T00:54:40.0233008Z > Task :dkplayer-videocache:generateReleaseResValues
2026-09-30T00:54:40.0262728Z > Task :dkplayer-players:ijk:generateReleaseRFile
2026-09-30T00:54:40.4171495Z 
2026-09-30T00:54:40.4183168Z Note: Some input files use or override a deprecated API.
2026-09-30T00:54:40.4183753Z > Task :dkplayer-players:ijk:compileReleaseJavaWithJavac
2026-09-30T00:54:40.4184544Z Note: Recompile with -Xlint:deprecation for details.
2026-09-30T00:54:40.4184854Z 
2026-09-30T00:54:40.4185302Z > Task :dkplayer-players:ijk:mergeReleaseGeneratedProguardFiles
2026-09-30T00:54:40.4185943Z > Task :dkplayer-players:ijk:exportReleaseConsumerProguardFiles
2026-09-30T00:54:40.4187101Z > Task :dkplayer-videocache:generateReleaseResources
2026-09-30T00:54:40.4197384Z > Task :dkplayer-videocache:packageReleaseResources
2026-09-30T00:54:40.4198055Z > Task :dkplayer-videocache:parseReleaseLocalResources
2026-09-30T00:54:40.4205582Z > Task :dkplayer-videocache:javaPreCompileRelease
2026-09-30T00:54:40.4223979Z > Task :dkplayer-videocache:generateReleaseRFile
2026-09-30T00:54:40.4243322Z > Task :dkplayer-java:bundleLibRuntimeToJarRelease
2026-09-30T00:54:40.5191036Z > Task :dkplayer-sample:buildKotlinToolingMetadata
2026-09-30T00:54:40.7243495Z > Task :dkplayer-videocache:compileReleaseJavaWithJavac
2026-09-30T00:54:40.7333337Z > Task :dkplayer-videocache:mergeReleaseGeneratedProguardFiles
2026-09-30T00:54:40.7373092Z > Task :dkplayer-videocache:exportReleaseConsumerProguardFiles
2026-09-30T00:54:41.0203479Z > Task :dkplayer-sample:checkKotlinGradlePluginConfigurationErrors
2026-09-30T00:54:41.0207081Z > Task :dkplayer-sample:generateReleaseBuildConfig
2026-09-30T00:54:41.0240116Z > Task :dkplayer-ui:writeReleaseAarMetadata
2026-09-30T00:54:41.0263038Z > Task :dkplayer-sample:checkReleaseDuplicateClasses
2026-09-30T00:54:41.0263877Z > Task :dkplayer-videocache:writeReleaseAarMetadata
2026-09-30T00:54:41.0264542Z > Task :dkplayer-java:writeReleaseAarMetadata
2026-09-30T00:54:41.0265219Z > Task :dkplayer-players:exo:writeReleaseAarMetadata
2026-09-30T00:54:41.1173410Z > Task :dkplayer-sample:generateReleaseResValues
2026-09-30T00:54:41.1183158Z > Task :dkplayer-players:ijk:writeReleaseAarMetadata
2026-09-30T00:54:41.1222863Z > Task :dkplayer-sample:mapReleaseSourceSetPaths
2026-09-30T00:54:41.2179321Z > Task :dkplayer-sample:generateReleaseResources
2026-09-30T00:54:41.2233109Z > Task :dkplayer-sample:checkReleaseAarMetadata
2026-09-30T00:54:42.9233534Z > Task :dkplayer-sample:createReleaseCompatibleScreenManifests
2026-09-30T00:54:42.9234734Z > Task :dkplayer-java:extractDeepLinksRelease
2026-09-30T00:54:42.9313715Z > Task :dkplayer-sample:extractDeepLinksRelease
2026-09-30T00:54:42.9369164Z > Task :dkplayer-ui:extractDeepLinksRelease
2026-09-30T00:54:43.0173812Z > Task :dkplayer-videocache:extractDeepLinksRelease
2026-09-30T00:54:43.0199208Z > Task :dkplayer-java:processReleaseManifest
2026-09-30T00:54:43.0209388Z > Task :dkplayer-players:exo:extractDeepLinksRelease
2026-09-30T00:54:43.1193084Z > Task :dkplayer-ui:processReleaseManifest
2026-09-30T00:54:43.1218840Z > Task :dkplayer-players:ijk:extractDeepLinksRelease
2026-09-30T00:54:43.1236247Z > Task :dkplayer-players:exo:processReleaseManifest
2026-09-30T00:54:43.1268701Z > Task :dkplayer-videocache:processReleaseManifest
2026-09-30T00:54:43.1312960Z > Task :dkplayer-players:ijk:processReleaseManifest
2026-09-30T00:54:43.1353160Z > Task :dkplayer-videocache:bundleLibCompileToJarRelease
2026-09-30T00:54:43.1391437Z > Task :dkplayer-ui:bundleLibCompileToJarRelease
2026-09-30T00:54:43.4172344Z > Task :dkplayer-sample:mergeReleaseResources
2026-09-30T00:54:43.5179458Z > Task :dkplayer-sample:processReleaseMainManifest
2026-09-30T00:54:43.6178412Z > Task :dkplayer-sample:processReleaseManifest
2026-09-30T00:54:43.6189010Z > Task :dkplayer-players:exo:bundleLibCompileToJarRelease
2026-09-30T00:54:43.6212127Z > Task :dkplayer-sample:processReleaseManifestForPackage
2026-09-30T00:54:43.7172778Z > Task :dkplayer-players:ijk:bundleLibCompileToJarRelease
2026-09-30T00:54:44.3198595Z > Task :dkplayer-sample:processReleaseResources
2026-09-30T00:54:44.3214404Z > Task :dkplayer-sample:javaPreCompileRelease
2026-09-30T00:54:49.6204967Z > Task :dkplayer-java:prepareReleaseArtProfile
2026-09-30T00:54:49.6232851Z > Task :dkplayer-ui:prepareReleaseArtProfile
2026-09-30T00:54:49.6267204Z > Task :dkplayer-videocache:prepareReleaseArtProfile
2026-09-30T00:54:49.6267992Z > Task :dkplayer-players:exo:prepareReleaseArtProfile
2026-09-30T00:54:49.6268678Z > Task :dkplayer-players:ijk:prepareReleaseArtProfile
2026-09-30T00:54:49.6269370Z > Task :dkplayer-sample:mergeReleaseArtProfile
2026-09-30T00:54:49.6269970Z > Task :dkplayer-ui:bundleLibRuntimeToJarRelease
2026-09-30T00:54:49.7181236Z > Task :dkplayer-videocache:bundleLibRuntimeToJarRelease
2026-09-30T00:54:49.7225304Z > Task :dkplayer-players:exo:bundleLibRuntimeToJarRelease
2026-09-30T00:54:49.7273416Z > Task :dkplayer-players:ijk:bundleLibRuntimeToJarRelease
2026-09-30T00:54:49.7338939Z > Task :dkplayer-sample:extractProguardFiles
2026-09-30T00:54:49.7403055Z > Task :dkplayer-java:processReleaseJavaRes NO-SOURCE
2026-09-30T00:54:49.7403791Z > Task :dkplayer-ui:processReleaseJavaRes NO-SOURCE
2026-09-30T00:54:49.7453026Z > Task :dkplayer-videocache:processReleaseJavaRes NO-SOURCE
2026-09-30T00:54:49.7491893Z > Task :dkplayer-players:exo:processReleaseJavaRes NO-SOURCE
2026-09-30T00:54:49.7513218Z > Task :dkplayer-players:ijk:processReleaseJavaRes NO-SOURCE
2026-09-30T00:54:49.7528088Z > Task :dkplayer-sample:mergeReleaseStartupProfile
2026-09-30T00:54:49.7580419Z > Task :dkplayer-java:mergeReleaseShaders
2026-09-30T00:54:49.7603000Z > Task :dkplayer-java:compileReleaseShaders NO-SOURCE
2026-09-30T00:54:49.7625599Z > Task :dkplayer-java:generateReleaseAssets UP-TO-DATE
2026-09-30T00:54:49.7656382Z > Task :dkplayer-java:mergeReleaseAssets
2026-09-30T00:54:49.7703474Z > Task :dkplayer-sample:mergeReleaseShaders
2026-09-30T00:54:49.7708625Z > Task :dkplayer-sample:compileReleaseShaders NO-SOURCE
2026-09-30T00:54:49.7748718Z > Task :dkplayer-sample:generateReleaseAssets UP-TO-DATE
2026-09-30T00:54:49.7749457Z > Task :dkplayer-ui:mergeReleaseShaders
2026-09-30T00:54:49.7784823Z > Task :dkplayer-ui:compileReleaseShaders NO-SOURCE
2026-09-30T00:54:49.7787038Z > Task :dkplayer-ui:generateReleaseAssets UP-TO-DATE
2026-09-30T00:54:49.7787866Z > Task :dkplayer-ui:mergeReleaseAssets
2026-09-30T00:54:49.8233057Z > Task :dkplayer-videocache:mergeReleaseShaders
2026-09-30T00:54:49.8296144Z > Task :dkplayer-videocache:compileReleaseShaders NO-SOURCE
2026-09-30T00:54:49.8302799Z > Task :dkplayer-videocache:generateReleaseAssets UP-TO-DATE
2026-09-30T00:54:49.8325405Z > Task :dkplayer-videocache:mergeReleaseAssets
2026-09-30T00:54:49.8332835Z > Task :dkplayer-players:exo:mergeReleaseShaders
2026-09-30T00:54:49.8352899Z > Task :dkplayer-players:exo:compileReleaseShaders NO-SOURCE
2026-09-30T00:54:49.8382766Z > Task :dkplayer-players:exo:generateReleaseAssets UP-TO-DATE
2026-09-30T00:54:49.8412658Z > Task :dkplayer-players:exo:mergeReleaseAssets
2026-09-30T00:54:49.8413133Z > Task :dkplayer-players:ijk:mergeReleaseShaders
2026-09-30T00:54:49.8413635Z > Task :dkplayer-players:ijk:compileReleaseShaders NO-SOURCE
2026-09-30T00:54:49.8414186Z > Task :dkplayer-players:ijk:generateReleaseAssets UP-TO-DATE
2026-09-30T00:54:49.8415008Z > Task :dkplayer-players:ijk:mergeReleaseAssets
2026-09-30T00:54:49.9173833Z > Task :dkplayer-sample:mergeReleaseAssets
2026-09-30T00:54:49.9193115Z > Task :dkplayer-sample:compressReleaseAssets
2026-09-30T00:54:50.0183272Z > Task :dkplayer-sample:extractReleaseVersionControlInfo
2026-09-30T00:54:50.0263071Z > Task :dkplayer-sample:collectReleaseDependencies
2026-09-30T00:54:50.1172592Z > Task :dkplayer-sample:sdkReleaseDependencyData
2026-09-30T00:54:50.1183738Z > Task :dkplayer-sample:validateSigningRelease
2026-09-30T00:54:50.1187377Z > Task :dkplayer-sample:writeReleaseAppMetadata
2026-09-30T00:54:50.1187885Z > Task :dkplayer-sample:writeReleaseSigningConfigVersions
2026-09-30T00:54:57.6172434Z 
2026-09-30T00:54:57.6173444Z > Task :dkplayer-sample:compileReleaseKotlin
2026-09-30T00:54:57.6174759Z w: file:///home/runner/work/bofq/bofq/dkplayer-sample/src/main/java/xyz/doikki/dkplayer/activity/api/PlayerActivity.kt:49:19 'toLowerCase(): String' is deprecated. Use lowercase() instead.
2026-09-30T00:54:57.6176647Z w: file:///home/runner/work/bofq/bofq/dkplayer-sample/src/main/java/xyz/doikki/dkplayer/activity/api/PlayerActivity.kt:66:19 'toLowerCase(): String' is deprecated. Use lowercase() instead.
2026-09-30T00:54:57.6178342Z w: file:///home/runner/work/bofq/bofq/dkplayer-sample/src/main/java/xyz/doikki/dkplayer/activity/api/PlayerActivity.kt:483:23 Parameter 'view' is never used
2026-09-30T00:54:59.1179003Z 
2026-09-30T00:54:59.1181044Z /home/runner/work/bofq/bofq/dkplayer-sample/src/main/java/xyz/doikki/dkplayer/widget/component/MxPanelView.java:36: error: MxPanelView is not abstract and does not override abstract method onFling(MotionEvent,MotionEvent,float,float) in OnGestureListener
2026-09-30T00:54:59.1182696Z > Task :dkplayer-sample:compileReleaseJavaWithJavac FAILED
2026-09-30T00:54:59.1193426Z public class MxPanelView extends GestureView implements android.view.GestureDetector.OnGestureListener, android.view.GestureDetector.OnDoubleTapListener {
2026-09-30T00:54:59.1194342Z        ^
2026-09-30T00:54:59.1194662Z Note: Some input files use or override a deprecated API.
2026-09-30T00:54:59.1195148Z Note: Recompile with -Xlint:deprecation for details.
2026-09-30T00:54:59.1195619Z Note: Some input files use unchecked or unsafe operations.
2026-09-30T00:54:59.1196018Z Note: Recompile with -Xlint:unchecked for details.
2026-09-30T00:54:59.1196354Z 1 error
2026-09-30T00:54:59.2171254Z 
2026-09-30T00:54:59.2172383Z [Incubating] Problems report is available at: file:///home/runner/work/bofq/bofq/build/reports/problems/problems-report.html
2026-09-30T00:54:59.2193011Z FAILURE: Build failed with an exception.
2026-09-30T00:54:59.2193429Z 131 actionable tasks: 131 executed
2026-09-30T00:54:59.2193866Z 
2026-09-30T00:54:59.2194068Z * What went wrong:
2026-09-30T00:54:59.2194642Z Execution failed for task ':dkplayer-sample:compileReleaseJavaWithJavac'.
2026-09-30T00:54:59.2198261Z > Compilation failed; see the compiler output below.
2026-09-30T00:54:59.2199886Z   /home/runner/work/bofq/bofq/dkplayer-sample/src/main/java/xyz/doikki/dkplayer/widget/component/MxPanelView.java:36: error: MxPanelView is not abstract and does not override abstract method onFling(MotionEvent,MotionEvent,float,float) in OnGestureListener
2026-09-30T00:54:59.2203158Z   public class MxPanelView extends GestureView implements android.view.GestureDetector.OnGestureListener, android.view.GestureDetector.OnDoubleTapListener {
2026-09-30T00:54:59.2204068Z          ^
2026-09-30T00:54:59.2204404Z   Note: Some input files use unchecked or unsafe operations.
2026-09-30T00:54:59.2204857Z   Note: Recompile with -Xlint:unchecked for details.
2026-09-30T00:54:59.2205266Z   Note: Recompile with -Xlint:deprecation for details.
2026-09-30T00:54:59.2205662Z   Note: Some input files use or override a deprecated API.
2026-09-30T00:54:59.2206067Z   1 error
2026-09-30T00:54:59.2206195Z 
2026-09-30T00:54:59.2206283Z * Try:
2026-09-30T00:54:59.2206596Z > Check your code and dependencies to fix the compilation error(s)
2026-09-30T00:54:59.2207318Z > Run with --scan to get full insights.
2026-09-30T00:54:59.2207538Z 
2026-09-30T00:54:59.2207642Z * Exception is:
2026-09-30T00:54:59.2208217Z org.gradle.api.tasks.TaskExecutionException: Execution failed for task ':dkplayer-sample:compileReleaseJavaWithJavac'.
2026-09-30T00:54:59.2209424Z 	at org.gradle.api.internal.tasks.execution.ExecuteActionsTaskExecuter.lambda$executeIfValid$1(ExecuteActionsTaskExecuter.java:130)
2026-09-30T00:54:59.2210301Z 	at org.gradle.internal.Try$Failure.ifSuccessfulOrElse(Try.java:293)
2026-09-30T00:54:59.2211109Z 	at org.gradle.api.internal.tasks.execution.ExecuteActionsTaskExecuter.executeIfValid(ExecuteActionsTaskExecuter.java:128)
2026-09-30T00:54:59.2212345Z 	at org.gradle.api.internal.tasks.execution.ExecuteActionsTaskExecuter.execute(ExecuteActionsTaskExecuter.java:116)
2026-09-30T00:54:59.2213448Z 	at org.gradle.api.internal.tasks.execution.FinalizePropertiesTaskExecuter.execute(FinalizePropertiesTaskExecuter.java:46)
2026-09-30T00:54:59.2214599Z 	at org.gradle.api.internal.tasks.execution.ResolveTaskExecutionModeExecuter.execute(ResolveTaskExecutionModeExecuter.java:51)
2026-09-30T00:54:59.2215818Z 	at org.gradle.api.internal.tasks.execution.SkipTaskWithNoActionsExecuter.execute(SkipTaskWithNoActionsExecuter.java:57)
2026-09-30T00:54:59.2216865Z 	at org.gradle.api.internal.tasks.execution.SkipOnlyIfTaskExecuter.execute(SkipOnlyIfTaskExecuter.java:74)
2026-09-30T00:54:59.2218085Z 	at org.gradle.api.internal.tasks.execution.CatchExceptionTaskExecuter.execute(CatchExceptionTaskExecuter.java:36)
2026-09-30T00:54:59.2219130Z 	at org.gradle.api.internal.tasks.execution.EventFiringTaskExecuter$1.executeTask(EventFiringTaskExecuter.java:77)
2026-09-30T00:54:59.2220151Z 	at org.gradle.api.internal.tasks.execution.EventFiringTaskExecuter$1.call(EventFiringTaskExecuter.java:55)
2026-09-30T00:54:59.2221130Z 	at org.gradle.api.internal.tasks.execution.EventFiringTaskExecuter$1.call(EventFiringTaskExecuter.java:52)
2026-09-30T00:54:59.2222402Z 	at org.gradle.internal.operations.DefaultBuildOperationRunner$CallableBuildOperationWorker.execute(DefaultBuildOperationRunner.java:209)
2026-09-30T00:54:59.2223698Z 	at org.gradle.internal.operations.DefaultBuildOperationRunner$CallableBuildOperationWorker.execute(DefaultBuildOperationRunner.java:204)
2026-09-30T00:54:59.2224857Z 	at org.gradle.internal.operations.DefaultBuildOperationRunner$2.execute(DefaultBuildOperationRunner.java:66)
2026-09-30T00:54:59.2225853Z 	at org.gradle.internal.operations.DefaultBuildOperationRunner$2.execute(DefaultBuildOperationRunner.java:59)
2026-09-30T00:54:59.2226856Z 	at org.gradle.internal.operations.DefaultBuildOperationRunner.execute(DefaultBuildOperationRunner.java:166)
2026-09-30T00:54:59.2227901Z 	at org.gradle.internal.operations.DefaultBuildOperationRunner.execute(DefaultBuildOperationRunner.java:59)
2026-09-30T00:54:59.2228934Z 	at org.gradle.internal.operations.DefaultBuildOperationRunner.call(DefaultBuildOperationRunner.java:53)
2026-09-30T00:54:59.2229910Z 	at org.gradle.api.internal.tasks.execution.EventFiringTaskExecuter.execute(EventFiringTaskExecuter.java:52)
2026-09-30T00:54:59.2230850Z 	at org.gradle.execution.plan.LocalTaskNodeExecutor.execute(LocalTaskNodeExecutor.java:42)
2026-09-30T00:54:59.2231819Z 	at org.gradle.execution.taskgraph.DefaultTaskExecutionGraph$InvokeNodeExecutorsAction.execute(DefaultTaskExecutionGraph.java:331)
2026-09-30T00:54:59.2233721Z 	at org.gradle.execution.taskgraph.DefaultTaskExecutionGraph$InvokeNodeExecutorsAction.execute(DefaultTaskExecutionGraph.java:318)
2026-09-30T00:54:59.2235086Z 	at org.gradle.execution.taskgraph.DefaultTaskExecutionGraph$BuildOperationAwareExecutionAction.lambda$execute$0(DefaultTaskExecutionGraph.java:314)
2026-09-30T00:54:59.2236240Z 	at org.gradle.internal.operations.CurrentBuildOperationRef.with(CurrentBuildOperationRef.java:85)
2026-09-30T00:54:59.2237391Z 	at org.gradle.execution.taskgraph.DefaultTaskExecutionGraph$BuildOperationAwareExecutionAction.execute(DefaultTaskExecutionGraph.java:314)
2026-09-30T00:54:59.2238961Z 	at org.gradle.execution.taskgraph.DefaultTaskExecutionGraph$BuildOperationAwareExecutionAction.execute(DefaultTaskExecutionGraph.java:303)
2026-09-30T00:54:59.2240093Z 	at org.gradle.execution.plan.DefaultPlanExecutor$ExecutorWorker.execute(DefaultPlanExecutor.java:459)
2026-09-30T00:54:59.2240943Z 	at org.gradle.execution.plan.DefaultPlanExecutor$ExecutorWorker.run(DefaultPlanExecutor.java:376)
2026-09-30T00:54:59.2241868Z 	at org.gradle.internal.concurrent.ExecutorPolicy$CatchAndRecordFailures.onExecute(ExecutorPolicy.java:64)
2026-09-30T00:54:59.2242984Z 	at org.gradle.internal.concurrent.AbstractManagedExecutor$1.run(AbstractManagedExecutor.java:48)
2026-09-30T00:54:59.2243938Z Caused by: org.gradle.api.internal.tasks.compile.CompilationFailedException: Compilation failed; see the compiler output below.
2026-09-30T00:54:59.2245581Z /home/runner/work/bofq/bofq/dkplayer-sample/src/main/java/xyz/doikki/dkplayer/widget/component/MxPanelView.java:36: error: MxPanelView is not abstract and does not override abstract method onFling(MotionEvent,MotionEvent,float,float) in OnGestureListener
2026-09-30T00:54:59.2247420Z public class MxPanelView extends GestureView implements android.view.GestureDetector.OnGestureListener, android.view.GestureDetector.OnDoubleTapListener {
2026-09-30T00:54:59.2248274Z        ^
2026-09-30T00:54:59.2248593Z Note: Some input files use unchecked or unsafe operations.
2026-09-30T00:54:59.2249026Z Note: Recompile with -Xlint:unchecked for details.
2026-09-30T00:54:59.2249644Z Note: Recompile with -Xlint:deprecation for details.
2026-09-30T00:54:59.2250176Z Note: Some input files use or override a deprecated API.
2026-09-30T00:54:59.2250553Z 1 error
2026-09-30T00:54:59.2251047Z 	at org.gradle.api.internal.tasks.compile.JdkJavaCompiler.execute(JdkJavaCompiler.java:84)
2026-09-30T00:54:59.2251849Z 	at org.gradle.api.internal.tasks.compile.JdkJavaCompiler.execute(JdkJavaCompiler.java:46)
2026-09-30T00:54:59.2252933Z 	at org.gradle.api.internal.tasks.compile.NormalizingJavaCompiler.delegateAndHandleErrors(NormalizingJavaCompiler.java:98)
2026-09-30T00:54:59.2253986Z 	at org.gradle.api.internal.tasks.compile.NormalizingJavaCompiler.execute(NormalizingJavaCompiler.java:52)
2026-09-30T00:54:59.2255005Z 	at org.gradle.api.internal.tasks.compile.NormalizingJavaCompiler.execute(NormalizingJavaCompiler.java:38)
2026-09-30T00:54:59.2256208Z 	at org.gradle.api.internal.tasks.compile.AnnotationProcessorDiscoveringCompiler.execute(AnnotationProcessorDiscoveringCompiler.java:52)
2026-09-30T00:54:59.2257584Z 	at org.gradle.api.internal.tasks.compile.AnnotationProcessorDiscoveringCompiler.execute(AnnotationProcessorDiscoveringCompiler.java:38)
2026-09-30T00:54:59.2258888Z 	at org.gradle.api.internal.tasks.compile.ModuleApplicationNameWritingCompiler.execute(ModuleApplicationNameWritingCompiler.java:46)
2026-09-30T00:54:59.2260160Z 	at org.gradle.api.internal.tasks.compile.ModuleApplicationNameWritingCompiler.execute(ModuleApplicationNameWritingCompiler.java:36)
2026-09-30T00:54:59.2261338Z 	at org.gradle.jvm.toolchain.internal.DefaultToolchainJavaCompiler.execute(DefaultToolchainJavaCompiler.java:57)
2026-09-30T00:54:59.2262638Z 	at org.gradle.api.tasks.compile.JavaCompile.lambda$createToolchainCompiler$3(JavaCompile.java:205)
2026-09-30T00:54:59.2263502Z 	at org.gradle.api.internal.tasks.compile.CleaningJavaCompiler.execute(CleaningJavaCompiler.java:53)
2026-09-30T00:54:59.2264694Z 	at org.gradle.api.internal.tasks.compile.incremental.IncrementalCompilerFactory.lambda$createRebuildAllCompiler$0(IncrementalCompilerFactory.java:52)
2026-09-30T00:54:59.2265888Z 	at org.gradle.api.internal.tasks.compile.incremental.SelectiveCompiler.execute(SelectiveCompiler.java:70)
2026-09-30T00:54:59.2266858Z 	at org.gradle.api.internal.tasks.compile.incremental.SelectiveCompiler.execute(SelectiveCompiler.java:44)
2026-09-30T00:54:59.2267991Z 	at org.gradle.api.internal.tasks.compile.incremental.IncrementalResultStoringCompiler.execute(IncrementalResultStoringCompiler.java:66)
2026-09-30T00:54:59.2269557Z 	at org.gradle.api.internal.tasks.compile.incremental.IncrementalResultStoringCompiler.execute(IncrementalResultStoringCompiler.java:52)
2026-09-30T00:54:59.2270983Z 	at org.gradle.api.internal.tasks.compile.CompileJavaBuildOperationReportingCompiler$1.call(CompileJavaBuildOperationReportingCompiler.java:64)
2026-09-30T00:54:59.2272671Z 	at org.gradle.api.internal.tasks.compile.CompileJavaBuildOperationReportingCompiler$1.call(CompileJavaBuildOperationReportingCompiler.java:48)
2026-09-30T00:54:59.2274046Z 	at org.gradle.internal.operations.DefaultBuildOperationRunner$CallableBuildOperationWorker.execute(DefaultBuildOperationRunner.java:209)
2026-09-30T00:54:59.2275289Z 	at org.gradle.internal.operations.DefaultBuildOperationRunner$CallableBuildOperationWorker.execute(DefaultBuildOperationRunner.java:204)
2026-09-30T00:54:59.2276439Z 	at org.gradle.internal.operations.DefaultBuildOperationRunner$2.execute(DefaultBuildOperationRunner.java:66)
2026-09-30T00:54:59.2277491Z 	at org.gradle.internal.operations.DefaultBuildOperationRunner$2.execute(DefaultBuildOperationRunner.java:59)
2026-09-30T00:54:59.2278537Z 	at org.gradle.internal.operations.DefaultBuildOperationRunner.execute(DefaultBuildOperationRunner.java:166)
2026-09-30T00:54:59.2279545Z 	at org.gradle.internal.operations.DefaultBuildOperationRunner.execute(DefaultBuildOperationRunner.java:59)
2026-09-30T00:54:59.2280154Z 	at org.gradle.internal.operations.DefaultBuildOperationRunner.call(DefaultBuildOperationRunner.java:53)
2026-09-30T00:54:59.2281044Z 	at org.gradle.api.internal.tasks.compile.CompileJavaBuildOperationReportingCompiler.execute(CompileJavaBuildOperationReportingCompiler.java:48)
2026-09-30T00:54:59.2281758Z 	at org.gradle.api.tasks.compile.JavaCompile.performCompilation(JavaCompile.java:223)
2026-09-30T00:54:59.2282531Z 	at org.gradle.api.tasks.compile.JavaCompile.performIncrementalCompilation(JavaCompile.java:164)
2026-09-30T00:54:59.2283332Z 	at org.gradle.api.tasks.compile.JavaCompile.compile(JavaCompile.java:149)
2026-09-30T00:54:59.2284229Z 	at java.base/jdk.internal.reflect.NativeMethodAccessorImpl.invoke0(Native Method)
2026-09-30T00:54:59.2285043Z 	at java.base/jdk.internal.reflect.NativeMethodAccessorImpl.invoke(NativeMethodAccessorImpl.java:77)
2026-09-30T00:54:59.2286031Z 	at java.base/jdk.internal.reflect.DelegatingMethodAccessorImpl.invoke(DelegatingMethodAccessorImpl.java:43)
2026-09-30T00:54:59.2286823Z 	at org.gradle.internal.reflect.JavaMethod.invoke(JavaMethod.java:125)
2026-09-30T00:54:59.2287637Z 	at org.gradle.api.internal.project.taskfactory.IncrementalTaskAction.doExecute(IncrementalTaskAction.java:45)
2026-09-30T00:54:59.2288598Z 	at org.gradle.api.internal.project.taskfactory.StandardTaskAction.execute(StandardTaskAction.java:51)
2026-09-30T00:54:59.2289634Z 	at org.gradle.api.internal.project.taskfactory.IncrementalTaskAction.execute(IncrementalTaskAction.java:26)
2026-09-30T00:54:59.2290663Z 	at org.gradle.api.internal.project.taskfactory.StandardTaskAction.execute(StandardTaskAction.java:29)
2026-09-30T00:54:59.2291287Z 	at org.gradle.api.internal.tasks.execution.TaskExecution$3.run(TaskExecution.java:244)
2026-09-30T00:54:59.2291844Z 	at org.gradle.internal.operations.DefaultBuildOperationRunner$1.execute(DefaultBuildOperationRunner.java:29)
2026-09-30T00:54:59.2292644Z 	at org.gradle.internal.operations.DefaultBuildOperationRunner$1.execute(DefaultBuildOperationRunner.java:26)
2026-09-30T00:54:59.2293257Z 	at org.gradle.internal.operations.DefaultBuildOperationRunner$2.execute(DefaultBuildOperationRunner.java:66)
2026-09-30T00:54:59.2293856Z 	at org.gradle.internal.operations.DefaultBuildOperationRunner$2.execute(DefaultBuildOperationRunner.java:59)
2026-09-30T00:54:59.2294466Z 	at org.gradle.internal.operations.DefaultBuildOperationRunner.execute(DefaultBuildOperationRunner.java:166)
2026-09-30T00:54:59.2295081Z 	at org.gradle.internal.operations.DefaultBuildOperationRunner.execute(DefaultBuildOperationRunner.java:59)
2026-09-30T00:54:59.2295681Z 	at org.gradle.internal.operations.DefaultBuildOperationRunner.run(DefaultBuildOperationRunner.java:47)
2026-09-30T00:54:59.2296410Z 	at org.gradle.api.internal.tasks.execution.TaskExecution.executeAction(TaskExecution.java:229)
2026-09-30T00:54:59.2296940Z 	at org.gradle.api.internal.tasks.execution.TaskExecution.executeActions(TaskExecution.java:212)
2026-09-30T00:54:59.2297547Z 	at org.gradle.api.internal.tasks.execution.TaskExecution.executeWithPreviousOutputFiles(TaskExecution.java:195)
2026-09-30T00:54:59.2298122Z 	at org.gradle.api.internal.tasks.execution.TaskExecution.execute(TaskExecution.java:162)
2026-09-30T00:54:59.2298615Z 	at org.gradle.internal.execution.steps.ExecuteStep.executeInternal(ExecuteStep.java:105)
2026-09-30T00:54:59.2299081Z 	at org.gradle.internal.execution.steps.ExecuteStep.access$000(ExecuteStep.java:44)
2026-09-30T00:54:59.2299516Z 	at org.gradle.internal.execution.steps.ExecuteStep$1.call(ExecuteStep.java:59)
2026-09-30T00:54:59.2299927Z 	at org.gradle.internal.execution.steps.ExecuteStep$1.call(ExecuteStep.java:56)
2026-09-30T00:54:59.2300533Z 	at org.gradle.internal.operations.DefaultBuildOperationRunner$CallableBuildOperationWorker.execute(DefaultBuildOperationRunner.java:209)
2026-09-30T00:54:59.2301323Z 	at org.gradle.internal.operations.DefaultBuildOperationRunner$CallableBuildOperationWorker.execute(DefaultBuildOperationRunner.java:204)
2026-09-30T00:54:59.2302027Z 	at org.gradle.internal.operations.DefaultBuildOperationRunner$2.execute(DefaultBuildOperationRunner.java:66)
2026-09-30T00:54:59.2303234Z 	at org.gradle.internal.operations.DefaultBuildOperationRunner$2.execute(DefaultBuildOperationRunner.java:59)
2026-09-30T00:54:59.2304310Z 	at org.gradle.internal.operations.DefaultBuildOperationRunner.execute(DefaultBuildOperationRunner.java:166)
2026-09-30T00:54:59.2305059Z 	at org.gradle.internal.operations.DefaultBuildOperationRunner.execute(DefaultBuildOperationRunner.java:59)
2026-09-30T00:54:59.2305671Z 	at org.gradle.internal.operations.DefaultBuildOperationRunner.call(DefaultBuildOperationRunner.java:53)
2026-09-30T00:54:59.2306228Z 	at org.gradle.internal.execution.steps.ExecuteStep.execute(ExecuteStep.java:56)
2026-09-30T00:54:59.2306666Z 	at org.gradle.internal.execution.steps.ExecuteStep.execute(ExecuteStep.java:44)
2026-09-30T00:54:59.2307155Z 	at org.gradle.internal.execution.steps.CancelExecutionStep.execute(CancelExecutionStep.java:42)
2026-09-30T00:54:59.2307690Z 	at org.gradle.internal.execution.steps.TimeoutStep.executeWithoutTimeout(TimeoutStep.java:75)
2026-09-30T00:54:59.2308171Z 	at org.gradle.internal.execution.steps.TimeoutStep.execute(TimeoutStep.java:55)
2026-09-30T00:54:59.2308705Z 	at org.gradle.internal.execution.steps.PreCreateOutputParentsStep.execute(PreCreateOutputParentsStep.java:50)
2026-09-30T00:54:59.2309328Z 	at org.gradle.internal.execution.steps.PreCreateOutputParentsStep.execute(PreCreateOutputParentsStep.java:28)
2026-09-30T00:54:59.2309948Z 	at org.gradle.internal.execution.steps.RemovePreviousOutputsStep.execute(RemovePreviousOutputsStep.java:67)
2026-09-30T00:54:59.2310552Z 	at org.gradle.internal.execution.steps.RemovePreviousOutputsStep.execute(RemovePreviousOutputsStep.java:37)
2026-09-30T00:54:59.2311200Z 	at org.gradle.internal.execution.steps.BroadcastChangingOutputsStep.execute(BroadcastChangingOutputsStep.java:61)
2026-09-30T00:54:59.2311878Z 	at org.gradle.internal.execution.steps.BroadcastChangingOutputsStep.execute(BroadcastChangingOutputsStep.java:26)
2026-09-30T00:54:59.2335719Z 	at org.gradle.internal.execution.steps.CaptureOutputsAfterExecutionStep.execute(CaptureOutputsAfterExecutionStep.java:69)
2026-09-30T00:54:59.2336513Z 	at org.gradle.internal.execution.steps.CaptureOutputsAfterExecutionStep.execute(CaptureOutputsAfterExecutionStep.java:46)
2026-09-30T00:54:59.2337196Z 	at org.gradle.internal.execution.steps.ResolveInputChangesStep.execute(ResolveInputChangesStep.java:40)
2026-09-30T00:54:59.2337786Z 	at org.gradle.internal.execution.steps.ResolveInputChangesStep.execute(ResolveInputChangesStep.java:29)
2026-09-30T00:54:59.2338362Z 	at org.gradle.internal.execution.steps.BuildCacheStep.executeWithoutCache(BuildCacheStep.java:189)
2026-09-30T00:54:59.2339179Z 	at org.gradle.internal.execution.steps.BuildCacheStep.lambda$execute$1(BuildCacheStep.java:75)
2026-09-30T00:54:59.2339597Z 	at org.gradle.internal.Either$Right.fold(Either.java:175)
2026-09-30T00:54:59.2339975Z 	at org.gradle.internal.execution.caching.CachingState.fold(CachingState.java:62)
2026-09-30T00:54:59.2340432Z 	at org.gradle.internal.execution.steps.BuildCacheStep.execute(BuildCacheStep.java:73)
2026-09-30T00:54:59.2340910Z 	at org.gradle.internal.execution.steps.BuildCacheStep.execute(BuildCacheStep.java:48)
2026-09-30T00:54:59.2341438Z 	at org.gradle.internal.execution.steps.StoreExecutionStateStep.execute(StoreExecutionStateStep.java:46)
2026-09-30T00:54:59.2342015Z 	at org.gradle.internal.execution.steps.StoreExecutionStateStep.execute(StoreExecutionStateStep.java:35)
2026-09-30T00:54:59.2342769Z 	at org.gradle.internal.execution.steps.SkipUpToDateStep.executeBecause(SkipUpToDateStep.java:75)
2026-09-30T00:54:59.2343322Z 	at org.gradle.internal.execution.steps.SkipUpToDateStep.lambda$execute$2(SkipUpToDateStep.java:53)
2026-09-30T00:54:59.2343838Z 	at org.gradle.internal.execution.steps.SkipUpToDateStep.execute(SkipUpToDateStep.java:53)
2026-09-30T00:54:59.2344319Z 	at org.gradle.internal.execution.steps.SkipUpToDateStep.execute(SkipUpToDateStep.java:35)
2026-09-30T00:54:59.2344951Z 	at org.gradle.internal.execution.steps.legacy.MarkSnapshottingInputsFinishedStep.execute(MarkSnapshottingInputsFinishedStep.java:37)
2026-09-30T00:54:59.2345843Z 	at org.gradle.internal.execution.steps.legacy.MarkSnapshottingInputsFinishedStep.execute(MarkSnapshottingInputsFinishedStep.java:27)
2026-09-30T00:54:59.2346668Z 	at org.gradle.internal.execution.steps.ResolveIncrementalCachingStateStep.executeDelegate(ResolveIncrementalCachingStateStep.java:49)
2026-09-30T00:54:59.2347462Z 	at org.gradle.internal.execution.steps.ResolveIncrementalCachingStateStep.executeDelegate(ResolveIncrementalCachingStateStep.java:27)
2026-09-30T00:54:59.2348212Z 	at org.gradle.internal.execution.steps.AbstractResolveCachingStateStep.execute(AbstractResolveCachingStateStep.java:71)
2026-09-30T00:54:59.2348902Z 	at org.gradle.internal.execution.steps.AbstractResolveCachingStateStep.execute(AbstractResolveCachingStateStep.java:39)
2026-09-30T00:54:59.2349505Z 	at org.gradle.internal.execution.steps.ResolveChangesStep.execute(ResolveChangesStep.java:65)
2026-09-30T00:54:59.2350020Z 	at org.gradle.internal.execution.steps.ResolveChangesStep.execute(ResolveChangesStep.java:36)
2026-09-30T00:54:59.2350500Z 	at org.gradle.internal.execution.steps.ValidateStep.execute(ValidateStep.java:107)
2026-09-30T00:54:59.2350951Z 	at org.gradle.internal.execution.steps.ValidateStep.execute(ValidateStep.java:56)
2026-09-30T00:54:59.2351579Z 	at org.gradle.internal.execution.steps.AbstractCaptureStateBeforeExecutionStep.execute(AbstractCaptureStateBeforeExecutionStep.java:64)
2026-09-30T00:54:59.2356436Z 	at org.gradle.internal.execution.steps.AbstractCaptureStateBeforeExecutionStep.execute(AbstractCaptureStateBeforeExecutionStep.java:43)
2026-09-30T00:54:59.2357634Z 	at org.gradle.internal.execution.steps.AbstractSkipEmptyWorkStep.executeWithNonEmptySources(AbstractSkipEmptyWorkStep.java:125)
2026-09-30T00:54:59.2370120Z 	at org.gradle.internal.execution.steps.AbstractSkipEmptyWorkStep.execute(AbstractSkipEmptyWorkStep.java:61)
2026-09-30T00:54:59.2370782Z 	at org.gradle.internal.execution.steps.AbstractSkipEmptyWorkStep.execute(AbstractSkipEmptyWorkStep.java:36)
2026-09-30T00:54:59.2371510Z 	at org.gradle.internal.execution.steps.legacy.MarkSnapshottingInputsStartedStep.execute(MarkSnapshottingInputsStartedStep.java:38)
2026-09-30T00:54:59.2372427Z 	at org.gradle.internal.execution.steps.LoadPreviousExecutionStateStep.execute(LoadPreviousExecutionStateStep.java:36)
2026-09-30T00:54:59.2373234Z 	at org.gradle.internal.execution.steps.LoadPreviousExecutionStateStep.execute(LoadPreviousExecutionStateStep.java:23)
2026-09-30T00:54:59.2373873Z 	at org.gradle.internal.execution.steps.HandleStaleOutputsStep.execute(HandleStaleOutputsStep.java:75)
2026-09-30T00:54:59.2374611Z 	at org.gradle.internal.execution.steps.HandleStaleOutputsStep.execute(HandleStaleOutputsStep.java:41)
2026-09-30T00:54:59.2375226Z 	at org.gradle.internal.execution.steps.AssignMutableWorkspaceStep.lambda$execute$0(AssignMutableWorkspaceStep.java:35)
2026-09-30T00:54:59.2375835Z 	at org.gradle.api.internal.tasks.execution.TaskExecution$4.withWorkspace(TaskExecution.java:289)
2026-09-30T00:54:59.2376426Z 	at org.gradle.internal.execution.steps.AssignMutableWorkspaceStep.execute(AssignMutableWorkspaceStep.java:31)
2026-09-30T00:54:59.2377051Z 	at org.gradle.internal.execution.steps.AssignMutableWorkspaceStep.execute(AssignMutableWorkspaceStep.java:22)
2026-09-30T00:54:59.2377622Z 	at org.gradle.internal.execution.steps.ChoosePipelineStep.execute(ChoosePipelineStep.java:40)
2026-09-30T00:54:59.2378126Z 	at org.gradle.internal.execution.steps.ChoosePipelineStep.execute(ChoosePipelineStep.java:23)
2026-09-30T00:54:59.2378782Z 	at org.gradle.internal.execution.steps.ExecuteWorkBuildOperationFiringStep.lambda$execute$2(ExecuteWorkBuildOperationFiringStep.java:67)
2026-09-30T00:54:59.2379572Z 	at org.gradle.internal.execution.steps.ExecuteWorkBuildOperationFiringStep.execute(ExecuteWorkBuildOperationFiringStep.java:67)
2026-09-30T00:54:59.2380334Z 	at org.gradle.internal.execution.steps.ExecuteWorkBuildOperationFiringStep.execute(ExecuteWorkBuildOperationFiringStep.java:39)
2026-09-30T00:54:59.2381059Z 	at org.gradle.internal.execution.steps.IdentityCacheStep.execute(IdentityCacheStep.java:46)
2026-09-30T00:54:59.2381649Z 	at org.gradle.internal.execution.steps.IdentityCacheStep.execute(IdentityCacheStep.java:34)
2026-09-30T00:54:59.2382130Z 	at org.gradle.internal.execution.steps.IdentifyStep.execute(IdentifyStep.java:48)
2026-09-30T00:54:59.2383104Z 	at org.gradle.internal.execution.steps.IdentifyStep.execute(IdentifyStep.java:35)
2026-09-30T00:54:59.2383853Z 	at org.gradle.internal.execution.impl.DefaultExecutionEngine$1.execute(DefaultExecutionEngine.java:61)
2026-09-30T00:54:59.2384623Z 	at org.gradle.api.internal.tasks.execution.ExecuteActionsTaskExecuter.executeIfValid(ExecuteActionsTaskExecuter.java:127)
2026-09-30T00:54:59.2385341Z 	at org.gradle.api.internal.tasks.execution.ExecuteActionsTaskExecuter.execute(ExecuteActionsTaskExecuter.java:116)
2026-09-30T00:54:59.2386028Z 	at org.gradle.api.internal.tasks.execution.FinalizePropertiesTaskExecuter.execute(FinalizePropertiesTaskExecuter.java:46)
2026-09-30T00:54:59.2386816Z 	at org.gradle.api.internal.tasks.execution.ResolveTaskExecutionModeExecuter.execute(ResolveTaskExecutionModeExecuter.java:51)
2026-09-30T00:54:59.2387536Z 	at org.gradle.api.internal.tasks.execution.SkipTaskWithNoActionsExecuter.execute(SkipTaskWithNoActionsExecuter.java:57)
2026-09-30T00:54:59.2388181Z 	at org.gradle.api.internal.tasks.execution.SkipOnlyIfTaskExecuter.execute(SkipOnlyIfTaskExecuter.java:74)
2026-09-30T00:54:59.2388804Z 	at org.gradle.api.internal.tasks.execution.CatchExceptionTaskExecuter.execute(CatchExceptionTaskExecuter.java:36)
2026-09-30T00:54:59.2389439Z 	at org.gradle.api.internal.tasks.execution.EventFiringTaskExecuter$1.executeTask(EventFiringTaskExecuter.java:77)
2026-09-30T00:54:59.2390035Z 	at org.gradle.api.internal.tasks.execution.EventFiringTaskExecuter$1.call(EventFiringTaskExecuter.java:55)
2026-09-30T00:54:59.2390607Z 	at org.gradle.api.internal.tasks.execution.EventFiringTaskExecuter$1.call(EventFiringTaskExecuter.java:52)
2026-09-30T00:54:59.2399177Z 	at org.gradle.internal.operations.DefaultBuildOperationRunner$CallableBuildOperationWorker.execute(DefaultBuildOperationRunner.java:209)
2026-09-30T00:54:59.2400018Z 	at org.gradle.internal.operations.DefaultBuildOperationRunner$CallableBuildOperationWorker.execute(DefaultBuildOperationRunner.java:204)
2026-09-30T00:54:59.2400726Z 	at org.gradle.internal.operations.DefaultBuildOperationRunner$2.execute(DefaultBuildOperationRunner.java:66)
2026-09-30T00:54:59.2401331Z 	at org.gradle.internal.operations.DefaultBuildOperationRunner$2.execute(DefaultBuildOperationRunner.java:59)
2026-09-30T00:54:59.2402118Z 	at org.gradle.internal.operations.DefaultBuildOperationRunner.execute(DefaultBuildOperationRunner.java:166)
2026-09-30T00:54:59.2402912Z 	at org.gradle.internal.operations.DefaultBuildOperationRunner.execute(DefaultBuildOperationRunner.java:59)
2026-09-30T00:54:59.2403522Z 	at org.gradle.internal.operations.DefaultBuildOperationRunner.call(DefaultBuildOperationRunner.java:53)
2026-09-30T00:54:59.2404144Z 	at org.gradle.api.internal.tasks.execution.EventFiringTaskExecuter.execute(EventFiringTaskExecuter.java:52)
2026-09-30T00:54:59.2404711Z 	at org.gradle.execution.plan.LocalTaskNodeExecutor.execute(LocalTaskNodeExecutor.java:42)
2026-09-30T00:54:59.2405331Z 	at org.gradle.execution.taskgraph.DefaultTaskExecutionGraph$InvokeNodeExecutorsAction.execute(DefaultTaskExecutionGraph.java:331)
2026-09-30T00:54:59.2406098Z 	at org.gradle.execution.taskgraph.DefaultTaskExecutionGraph$InvokeNodeExecutorsAction.execute(DefaultTaskExecutionGraph.java:318)
2026-09-30T00:54:59.2406892Z 	at org.gradle.execution.taskgraph.DefaultTaskExecutionGraph$BuildOperationAwareExecutionAction.lambda$execute$0(DefaultTaskExecutionGraph.java:314)
2026-09-30T00:54:59.2407611Z 	at org.gradle.internal.operations.CurrentBuildOperationRef.with(CurrentBuildOperationRef.java:85)
2026-09-30T00:54:59.2408294Z 	at org.gradle.execution.taskgraph.DefaultTaskExecutionGraph$BuildOperationAwareExecutionAction.execute(DefaultTaskExecutionGraph.java:314)
2026-09-30T00:54:59.2409206Z 	at org.gradle.execution.taskgraph.DefaultTaskExecutionGraph$BuildOperationAwareExecutionAction.execute(DefaultTaskExecutionGraph.java:303)
2026-09-30T00:54:59.2409890Z 	at org.gradle.execution.plan.DefaultPlanExecutor$ExecutorWorker.execute(DefaultPlanExecutor.java:459)
2026-09-30T00:54:59.2410431Z 	at org.gradle.execution.plan.DefaultPlanExecutor$ExecutorWorker.run(DefaultPlanExecutor.java:376)
2026-09-30T00:54:59.2410988Z 	at org.gradle.internal.concurrent.ExecutorPolicy$CatchAndRecordFailures.onExecute(ExecutorPolicy.java:64)
2026-09-30T00:54:59.2411542Z 	at org.gradle.internal.concurrent.AbstractManagedExecutor$1.run(AbstractManagedExecutor.java:48)
2026-09-30T00:54:59.2411848Z 
2026-09-30T00:54:59.2411852Z 
2026-09-30T00:54:59.2411929Z BUILD FAILED in 1m 18s
2026-09-30T00:54:59.6264549Z ##[error]Process completed with exit code 1.
2026-09-30T00:54:59.6367656Z Post job cleanup.
2026-09-30T00:54:59.7473864Z (node:2365) [DEP0040] DeprecationWarning: The `punycode` module is deprecated. Please use a userland alternative instead.
2026-09-30T00:54:59.7474733Z (Use `node --trace-deprecation ...` to show where the warning was created)
2026-09-30T00:54:59.7670108Z Post job cleanup.
2026-09-30T00:54:59.8462791Z [command]/usr/bin/git version
2026-09-30T00:54:59.8499975Z git version 2.55.0
2026-09-30T00:54:59.8545139Z Temporarily overriding HOME='/home/runner/work/_temp/d0eb4460-45ff-4950-91c8-afcedb2b44b3' before making global git config changes
2026-09-30T00:54:59.8546354Z Adding repository directory to the temporary git global config as a safe directory
2026-09-30T00:54:59.8547339Z [command]/usr/bin/git config --global --add safe.directory /home/runner/work/bofq/bofq
2026-09-30T00:54:59.8600333Z [command]/usr/bin/git config --local --name-only --get-regexp core\.sshCommand
2026-09-30T00:54:59.8648133Z [command]/usr/bin/git submodule foreach --recursive sh -c "git config --local --name-only --get-regexp 'core\.sshCommand' && git config --local --unset-all 'core.sshCommand' || :"
2026-09-30T00:54:59.8913270Z [command]/usr/bin/git config --local --name-only --get-regexp http\.https\:\/\/github\.com\/\.extraheader
2026-09-30T00:54:59.8953080Z http.https://github.com/.extraheader
2026-09-30T00:54:59.8954681Z [command]/usr/bin/git config --local --unset-all http.https://github.com/.extraheader
2026-09-30T00:54:59.8980226Z [command]/usr/bin/git submodule foreach --recursive sh -c "git config --local --name-only --get-regexp 'http\.https\:\/\/github\.com\/\.extraheader' && git config --local --unset-all 'http.https://github.com/.extraheader' || :"
2026-09-30T00:54:59.9205632Z [command]/usr/bin/git config --local --name-only --get-regexp ^includeIf\.gitdir:
2026-09-30T00:54:59.9232705Z [command]/usr/bin/git submodule foreach --recursive git config --local --show-origin --name-only --get-regexp remote.origin.url
2026-09-30T00:54:59.9548894Z Cleaning up orphan processes
2026-09-30T00:54:59.9806489Z Terminate orphan process: pid (2308) (java)
2026-09-30T00:54:59.9815870Z ##[warning]Node.js 20 is deprecated. The following actions target Node.js 20 but are being forced to run on Node.js 24: actions/checkout@v4, actions/setup-java@v4. For more information see: https://github.blog/changelog/2025-09-19-deprecation-of-node-20-on-github-actions-runners/
