2026-09-29T10:58:00.2122872Z Current runner version: '2.337.0'
2026-09-29T10:58:00.2147205Z ##[group]Runner Image Provisioner
2026-09-29T10:58:00.2148296Z Hosted Compute Agent
2026-09-29T10:58:00.2148903Z Version: 20260828.587
2026-09-29T10:58:00.2149527Z Commit: abac92662cab4cc7352de4f9f9d2e2419aad9c29
2026-09-29T10:58:00.2150565Z Build Date: 2026-08-28T16:44:25Z
2026-09-29T10:58:00.2151271Z Worker ID: {8dc59ddb-300a-43ec-b18e-ee235d7c816f}
2026-09-29T10:58:00.2152053Z Azure Region: westus
2026-09-29T10:58:00.2152640Z ##[endgroup]
2026-09-29T10:58:00.2154254Z ##[group]Operating System
2026-09-29T10:58:00.2155019Z Ubuntu
2026-09-29T10:58:00.2155586Z 24.04.5
2026-09-29T10:58:00.2156171Z LTS
2026-09-29T10:58:00.2156692Z ##[endgroup]
2026-09-29T10:58:00.2157277Z ##[group]Runner Image
2026-09-29T10:58:00.2157940Z Image: ubuntu-24.04
2026-09-29T10:58:00.2158503Z Version: 20260920.314.1
2026-09-29T10:58:00.2159815Z Included Software: https://github.com/actions/runner-images/blob/ubuntu24/20260920.314/images/ubuntu/Ubuntu2404-Readme.md
2026-09-29T10:58:00.2161905Z Image Release: https://github.com/actions/runner-images/releases/tag/ubuntu24%2F20260920.314
2026-09-29T10:58:00.2162963Z ##[endgroup]
2026-09-29T10:58:00.2164181Z ##[group]GITHUB_TOKEN Permissions
2026-09-29T10:58:00.2166342Z Contents: read
2026-09-29T10:58:00.2167004Z Metadata: read
2026-09-29T10:58:00.2167879Z Packages: read
2026-09-29T10:58:00.2168552Z ##[endgroup]
2026-09-29T10:58:00.2171123Z Secret source: Actions
2026-09-29T10:58:00.2172165Z Cache mode: write
2026-09-29T10:58:00.2172854Z Prepare workflow directory
2026-09-29T10:58:00.2511726Z Prepare all required actions
2026-09-29T10:58:00.2562599Z Getting action download info
2026-09-29T10:58:00.6326687Z Download action repository 'actions/checkout@v4' (SHA:11d5960a326750d5838078e36cf38b85af677262)
2026-09-29T10:58:00.7176004Z Download action repository 'actions/setup-java@v4' (SHA:cf277c60eb25467037889841efdb72551f06f6c3)
2026-09-29T10:58:01.2592487Z Download action repository 'actions/upload-artifact@v4' (SHA:ea165f8d65b6e75b540449e92b4886f43607fa02)
2026-09-29T10:58:01.4774010Z Complete job name: build
2026-09-29T10:58:01.5563358Z ##[group]Run actions/checkout@v4
2026-09-29T10:58:01.5564316Z with:
2026-09-29T10:58:01.5564815Z   repository: likesugar/bofq
2026-09-29T10:58:01.5568694Z   token: ***
2026-09-29T10:58:01.5569169Z   ssh-strict: true
2026-09-29T10:58:01.5569648Z   ssh-user: git
2026-09-29T10:58:01.5570634Z   persist-credentials: true
2026-09-29T10:58:01.5571186Z   clean: true
2026-09-29T10:58:01.5571671Z   sparse-checkout-cone-mode: true
2026-09-29T10:58:01.5572238Z   fetch-depth: 1
2026-09-29T10:58:01.5572699Z   fetch-tags: false
2026-09-29T10:58:01.5573176Z   show-progress: true
2026-09-29T10:58:01.5573668Z   lfs: false
2026-09-29T10:58:01.5574130Z   submodules: false
2026-09-29T10:58:01.5574612Z   set-safe-directory: true
2026-09-29T10:58:01.5575158Z   allow-unsafe-pr-checkout: false
2026-09-29T10:58:01.5576053Z ##[endgroup]
2026-09-29T10:58:01.6575570Z Syncing repository: likesugar/bofq
2026-09-29T10:58:01.6578443Z ##[group]Getting Git version info
2026-09-29T10:58:01.6579760Z Working directory is '/home/runner/work/bofq/bofq'
2026-09-29T10:58:01.6581747Z [command]/usr/bin/git version
2026-09-29T10:58:01.6638477Z git version 2.55.0
2026-09-29T10:58:01.6662025Z ##[endgroup]
2026-09-29T10:58:01.6676945Z Temporarily overriding HOME='/home/runner/work/_temp/e15808fe-6dcb-4a66-9ead-15e79796295d' before making global git config changes
2026-09-29T10:58:01.6679632Z Adding repository directory to the temporary git global config as a safe directory
2026-09-29T10:58:01.6682407Z [command]/usr/bin/git config --global --add safe.directory /home/runner/work/bofq/bofq
2026-09-29T10:58:01.6741071Z Deleting the contents of '/home/runner/work/bofq/bofq'
2026-09-29T10:58:01.6743142Z ##[group]Initializing the repository
2026-09-29T10:58:01.6744393Z [command]/usr/bin/git init /home/runner/work/bofq/bofq
2026-09-29T10:58:01.6875507Z hint: Using 'master' as the name for the initial branch. This default branch name
2026-09-29T10:58:01.6877024Z hint: will change to "main" in Git 3.0. To configure the initial branch name
2026-09-29T10:58:01.6878712Z hint: to use in all of your new repositories, which will suppress this warning,
2026-09-29T10:58:01.6879570Z hint: call:
2026-09-29T10:58:01.6880274Z hint:
2026-09-29T10:58:01.6880880Z hint: 	git config --global init.defaultBranch <name>
2026-09-29T10:58:01.6881546Z hint:
2026-09-29T10:58:01.6882422Z hint: Names commonly chosen instead of 'master' are 'main', 'trunk' and
2026-09-29T10:58:01.6883448Z hint: 'development'. The just-created branch can be renamed via this command:
2026-09-29T10:58:01.6884251Z hint:
2026-09-29T10:58:01.6884708Z hint: 	git branch -m <name>
2026-09-29T10:58:01.6885227Z hint:
2026-09-29T10:58:01.6885901Z hint: Disable this message with "git config set advice.defaultBranchName false"
2026-09-29T10:58:01.6892207Z Initialized empty Git repository in /home/runner/work/bofq/bofq/.git/
2026-09-29T10:58:01.6903182Z [command]/usr/bin/git remote add origin https://github.com/likesugar/bofq
2026-09-29T10:58:01.6954424Z ##[endgroup]
2026-09-29T10:58:01.6955956Z ##[group]Disabling automatic garbage collection
2026-09-29T10:58:01.6959050Z [command]/usr/bin/git config --local gc.auto 0
2026-09-29T10:58:01.6993967Z ##[endgroup]
2026-09-29T10:58:01.6996148Z ##[group]Setting up auth
2026-09-29T10:58:01.7002399Z [command]/usr/bin/git config --local --name-only --get-regexp core\.sshCommand
2026-09-29T10:58:01.7038645Z [command]/usr/bin/git submodule foreach --recursive sh -c "git config --local --name-only --get-regexp 'core\.sshCommand' && git config --local --unset-all 'core.sshCommand' || :"
2026-09-29T10:58:01.7419102Z [command]/usr/bin/git config --local --name-only --get-regexp http\.https\:\/\/github\.com\/\.extraheader
2026-09-29T10:58:01.7462330Z [command]/usr/bin/git submodule foreach --recursive sh -c "git config --local --name-only --get-regexp 'http\.https\:\/\/github\.com\/\.extraheader' && git config --local --unset-all 'http.https://github.com/.extraheader' || :"
2026-09-29T10:58:01.7695487Z [command]/usr/bin/git config --local --name-only --get-regexp ^includeIf\.gitdir:
2026-09-29T10:58:01.7732753Z [command]/usr/bin/git submodule foreach --recursive git config --local --show-origin --name-only --get-regexp remote.origin.url
2026-09-29T10:58:01.7957755Z [command]/usr/bin/git config --local http.https://github.com/.extraheader AUTHORIZATION: basic ***
2026-09-29T10:58:01.8000858Z ##[endgroup]
2026-09-29T10:58:01.8001776Z ##[group]Fetching the repository
2026-09-29T10:58:01.8013731Z [command]/usr/bin/git -c protocol.version=2 fetch --no-tags --prune --no-recurse-submodules --depth=1 origin +d0f94f74795ba9748155c81823c922169104f73f:refs/remotes/origin/main
2026-09-29T10:58:03.6161133Z From https://github.com/likesugar/bofq
2026-09-29T10:58:03.6164008Z  * [new ref]         d0f94f74795ba9748155c81823c922169104f73f -> origin/main
2026-09-29T10:58:03.6172062Z ##[endgroup]
2026-09-29T10:58:03.6173669Z ##[group]Determining the checkout info
2026-09-29T10:58:03.6175147Z ##[endgroup]
2026-09-29T10:58:03.6176040Z [command]/usr/bin/git sparse-checkout disable
2026-09-29T10:58:03.6224768Z [command]/usr/bin/git config --local --unset-all extensions.worktreeConfig
2026-09-29T10:58:03.6257525Z ##[group]Checking out the ref
2026-09-29T10:58:03.6261830Z [command]/usr/bin/git checkout --progress --force -B main refs/remotes/origin/main
2026-09-29T10:58:03.8159039Z Switched to a new branch 'main'
2026-09-29T10:58:03.8163016Z branch 'main' set up to track 'origin/main'.
2026-09-29T10:58:03.8178867Z ##[endgroup]
2026-09-29T10:58:03.8223361Z [command]/usr/bin/git log -1 --format=%H
2026-09-29T10:58:03.8252003Z d0f94f74795ba9748155c81823c922169104f73f
2026-09-29T10:58:03.8696300Z ##[group]Run actions/setup-java@v4
2026-09-29T10:58:03.8697262Z with:
2026-09-29T10:58:03.8698056Z   distribution: temurin
2026-09-29T10:58:03.8698876Z   java-version: 17
2026-09-29T10:58:03.8699659Z   java-package: jdk
2026-09-29T10:58:03.8700826Z   check-latest: false
2026-09-29T10:58:03.8701656Z   server-id: github
2026-09-29T10:58:03.8702697Z   server-username: GITHUB_ACTOR
2026-09-29T10:58:03.8703574Z   server-password: GITHUB_TOKEN
2026-09-29T10:58:03.8704498Z   overwrite-settings: true
2026-09-29T10:58:03.8705330Z   job-status: success
2026-09-29T10:58:03.8708627Z   token: ***
2026-09-29T10:58:03.8709436Z ##[endgroup]
2026-09-29T10:58:04.0394129Z ##[warning]setup-java v4 is deprecated and will no longer receive updates. Please migrate to actions/setup-java@v5.
2026-09-29T10:58:04.0402939Z ##[group]Installed distributions
2026-09-29T10:58:04.0440042Z Resolved Java 17.0.20+1 from tool-cache
2026-09-29T10:58:04.0441236Z Setting Java 17.0.20+1 as the default
2026-09-29T10:58:04.0450722Z (node:2255) [DEP0040] DeprecationWarning: The `punycode` module is deprecated. Please use a userland alternative instead.
2026-09-29T10:58:04.0452228Z (Use `node --trace-deprecation ...` to show where the warning was created)
2026-09-29T10:58:04.0454458Z Creating toolchains.xml for JDK version 17 from temurin
2026-09-29T10:58:04.0534668Z Writing to /home/runner/.m2/toolchains.xml
2026-09-29T10:58:04.0535713Z 
2026-09-29T10:58:04.0536433Z Java configuration:
2026-09-29T10:58:04.0538090Z   Distribution: temurin
2026-09-29T10:58:04.0539602Z   Version: 17.0.20+1
2026-09-29T10:58:04.0541405Z   Path: /opt/hostedtoolcache/Java_Temurin-Hotspot_jdk/17.0.20-1/x64
2026-09-29T10:58:04.0542340Z 
2026-09-29T10:58:04.0543887Z ##[endgroup]
2026-09-29T10:58:04.0562125Z Creating settings.xml with server-id: github
2026-09-29T10:58:04.0586254Z Writing to /home/runner/.m2/settings.xml
2026-09-29T10:58:04.0782028Z ##[group]Run chmod +x gradlew
2026-09-29T10:58:04.0782999Z [36;1mchmod +x gradlew[0m
2026-09-29T10:58:04.0784056Z [36;1m./gradlew :dkplayer-sample:assembleRelease --no-daemon --stacktrace[0m
2026-09-29T10:58:04.1139357Z shell: /usr/bin/bash -e {0}
2026-09-29T10:58:04.1140631Z env:
2026-09-29T10:58:04.1141575Z   JAVA_HOME: /opt/hostedtoolcache/Java_Temurin-Hotspot_jdk/17.0.20-1/x64
2026-09-29T10:58:04.1142766Z   JAVA_HOME_17_X64: /opt/hostedtoolcache/Java_Temurin-Hotspot_jdk/17.0.20-1/x64
2026-09-29T10:58:04.1143826Z ##[endgroup]
2026-09-29T10:58:04.3173761Z Downloading https://mirrors.cloud.tencent.com/gradle/gradle-8.11.1-bin.zip
2026-09-29T10:58:09.8426723Z ..............................................................................................................................................................................................................................................................................................................................................................................................................................................................................................................................................................................................................................................................................................................................................................................................................................................................................................................................................................................................................................................................................................................................................................................................................................................................................................................................................................................................................................................................................................................................................................................................................................................................................................................................................................................................................................................................................................................................................................................................................................................................................................................................................................................................................................................................................................................................................................................................................................................................................................................................................................................................................................................................................................................................................................................................................................................................................................................................................................................................................................................................................................................................................................................................................................................................................................................................................................................................................................................................................................................................................................................................................................................................................................................................................................................................................................................................................................................................................................................................................................................................................................................................................................................................................................................................................................................................................................................................................................................................................................................................................................................................................................................................................................................................................................................................................................................................................................................................................................................................................................................................................................................................................................................................................................................................................................................................................................................................................................................................................................................................................................................................................................................................................................................................................................................................................................................................................................................................................................................................................................................................................................................................................................................................................................................................................................................................................................................................................................................................................................................................................................................................................................................................................................................................................................................................................................................................................................................................................................................................................................................................................................................................
2026-09-29T10:58:09.8444825Z Unzipping /home/runner/.gradle/wrapper/dists/gradle-8.11.1-bin/eac4u065zwes5phgltp5f9b9e/gradle-8.11.1-bin.zip to /home/runner/.gradle/wrapper/dists/gradle-8.11.1-bin/eac4u065zwes5phgltp5f9b9e
2026-09-29T10:58:10.5397145Z Set executable permissions for: /home/runner/.gradle/wrapper/dists/gradle-8.11.1-bin/eac4u065zwes5phgltp5f9b9e/gradle-8.11.1/bin/gradle
2026-09-29T10:58:11.0112781Z 
2026-09-29T10:58:11.0113268Z Welcome to Gradle 8.11.1!
2026-09-29T10:58:11.0113709Z 
2026-09-29T10:58:11.0113907Z Here are the highlights of this release:
2026-09-29T10:58:11.0118318Z  - Parallel load and store for Configuration Cache
2026-09-29T10:58:11.0125072Z  - Java compilation errors at the end of the build output
2026-09-29T10:58:11.0125962Z  - Consolidated report for warnings and deprecations
2026-09-29T10:58:11.0126462Z 
2026-09-29T10:58:11.0129800Z For more details see https://docs.gradle.org/8.11.1/release-notes.html
2026-09-29T10:58:11.0130808Z 
2026-09-29T10:58:11.1128208Z To honour the JVM settings for this build a single-use Daemon process will be forked. For more on this, please refer to https://docs.gradle.org/8.11.1/userguide/gradle_daemon.html#sec:disabling_the_daemon in the Gradle documentation.
2026-09-29T10:58:12.2103154Z Daemon will be stopped at the end of the build 
2026-09-29T10:58:45.7111630Z WARNING: The specified Android SDK Build Tools version (34.0.0) is ignored, as it is below the minimum supported version (35.0.0) for Android Gradle Plugin 8.9.1.
2026-09-29T10:58:45.7140626Z Android SDK Build Tools 35.0.0 will be used.
2026-09-29T10:58:45.7171560Z To suppress this warning, remove "buildToolsVersion '34.0.0'" from your build.gradle file, as each version of the Android Gradle Plugin now has a default version of the build tools.
2026-09-29T10:58:46.4166393Z > Task :dkplayer-java:preBuild UP-TO-DATE
2026-09-29T10:58:46.4167126Z > Task :dkplayer-java:preReleaseBuild UP-TO-DATE
2026-09-29T10:58:46.6121125Z > Task :dkplayer-java:mergeReleaseJniLibFolders
2026-09-29T10:58:46.6133471Z > Task :dkplayer-java:mergeReleaseNativeLibs NO-SOURCE
2026-09-29T10:58:46.6150507Z > Task :dkplayer-sample:preBuild UP-TO-DATE
2026-09-29T10:58:46.6180585Z > Task :dkplayer-sample:preReleaseBuild UP-TO-DATE
2026-09-29T10:58:46.6210536Z > Task :dkplayer-java:copyReleaseJniLibsProjectOnly
2026-09-29T10:58:46.6220376Z > Task :dkplayer-sample:mergeReleaseJniLibFolders
2026-09-29T10:58:46.6249325Z > Task :dkplayer-ui:preBuild UP-TO-DATE
2026-09-29T10:58:46.6270628Z > Task :dkplayer-ui:preReleaseBuild UP-TO-DATE
2026-09-29T10:58:46.6271486Z > Task :dkplayer-ui:mergeReleaseJniLibFolders
2026-09-29T10:58:46.6272162Z > Task :dkplayer-ui:mergeReleaseNativeLibs NO-SOURCE
2026-09-29T10:58:46.6300620Z > Task :dkplayer-videocache:preBuild UP-TO-DATE
2026-09-29T10:58:46.6331289Z > Task :dkplayer-videocache:preReleaseBuild UP-TO-DATE
2026-09-29T10:58:46.6350295Z > Task :dkplayer-ui:copyReleaseJniLibsProjectOnly
2026-09-29T10:58:46.6351068Z > Task :dkplayer-videocache:mergeReleaseJniLibFolders
2026-09-29T10:58:46.6370958Z > Task :dkplayer-videocache:mergeReleaseNativeLibs NO-SOURCE
2026-09-29T10:58:46.6371866Z > Task :dkplayer-players:exo:preBuild UP-TO-DATE
2026-09-29T10:58:46.6385281Z > Task :dkplayer-players:exo:preReleaseBuild UP-TO-DATE
2026-09-29T10:58:46.6386291Z > Task :dkplayer-videocache:copyReleaseJniLibsProjectOnly
2026-09-29T10:58:46.6387190Z > Task :dkplayer-players:exo:mergeReleaseJniLibFolders
2026-09-29T10:58:46.6390475Z > Task :dkplayer-players:exo:mergeReleaseNativeLibs NO-SOURCE
2026-09-29T10:58:46.6392551Z > Task :dkplayer-players:ijk:preBuild UP-TO-DATE
2026-09-29T10:58:46.6393425Z > Task :dkplayer-players:exo:copyReleaseJniLibsProjectOnly
2026-09-29T10:58:46.6394279Z > Task :dkplayer-players:ijk:preReleaseBuild UP-TO-DATE
2026-09-29T10:58:46.8131228Z > Task :dkplayer-players:ijk:mergeReleaseJniLibFolders
2026-09-29T10:58:46.8187614Z > Task :dkplayer-java:generateReleaseBuildConfig
2026-09-29T10:58:46.8188140Z > Task :dkplayer-java:generateReleaseResValues
2026-09-29T10:58:46.8220659Z > Task :dkplayer-java:generateReleaseResources
2026-09-29T10:58:46.9101712Z > Task :dkplayer-players:ijk:mergeReleaseNativeLibs
2026-09-29T10:58:46.9126866Z > Task :dkplayer-java:packageReleaseResources
2026-09-29T10:58:47.0104039Z > Task :dkplayer-players:ijk:copyReleaseJniLibsProjectOnly
2026-09-29T10:58:48.1105213Z > Task :dkplayer-java:parseReleaseLocalResources
2026-09-29T10:58:56.9120973Z > Task :dkplayer-ui:generateReleaseResValues
2026-09-29T10:58:56.9150448Z > Task :dkplayer-java:javaPreCompileRelease
2026-09-29T10:58:57.0106214Z > Task :dkplayer-ui:generateReleaseResources
2026-09-29T10:58:57.0107346Z > Task :dkplayer-java:generateReleaseRFile
2026-09-29T10:58:57.0108029Z > Task :dkplayer-sample:mergeReleaseNativeLibs
2026-09-29T10:58:57.1107304Z > Task :dkplayer-ui:packageReleaseResources
2026-09-29T10:58:57.2106298Z 
2026-09-29T10:58:57.2110784Z > Task :dkplayer-sample:stripReleaseDebugSymbols
2026-09-29T10:58:57.2138306Z Unable to strip the following libraries, packaging them as they are: libijkffmpeg.so, libijkplayer.so, libijksdl.so, librtmp-jni.so.
2026-09-29T10:58:59.0116153Z 
2026-09-29T10:58:59.0124795Z Note: Some input files use or override a deprecated API.
2026-09-29T10:58:59.0161912Z > Task :dkplayer-java:compileReleaseJavaWithJavac
2026-09-29T10:58:59.0165152Z Note: Recompile with -Xlint:deprecation for details.
2026-09-29T10:58:59.0213323Z 
2026-09-29T10:58:59.0214445Z Note: /home/runner/work/bofq/bofq/dkplayer-java/src/main/java/xyz/doikki/videoplayer/player/BaseVideoView.java uses unchecked or unsafe operations.
2026-09-29T10:58:59.0220720Z > Task :dkplayer-sample:extractReleaseNativeSymbolTables
2026-09-29T10:58:59.0260646Z Note: Recompile with -Xlint:unchecked for details.
2026-09-29T10:58:59.0261823Z > Task :dkplayer-sample:mergeReleaseNativeDebugMetadata NO-SOURCE
2026-09-29T10:58:59.1123394Z > Task :dkplayer-players:exo:generateReleaseResValues
2026-09-29T10:58:59.1160655Z > Task :dkplayer-ui:javaPreCompileRelease
2026-09-29T10:58:59.1161362Z > Task :dkplayer-players:exo:generateReleaseResources
2026-09-29T10:58:59.1162019Z > Task :dkplayer-java:bundleLibCompileToJarRelease
2026-09-29T10:58:59.1162631Z > Task :dkplayer-ui:parseReleaseLocalResources
2026-09-29T10:58:59.1163274Z > Task :dkplayer-players:exo:packageReleaseResources
2026-09-29T10:58:59.1163870Z > Task :dkplayer-ui:generateReleaseRFile
2026-09-29T10:58:59.1164425Z > Task :dkplayer-players:exo:javaPreCompileRelease
2026-09-29T10:58:59.1165060Z > Task :dkplayer-players:exo:parseReleaseLocalResources
2026-09-29T10:58:59.5120911Z > Task :dkplayer-ui:compileReleaseJavaWithJavac
2026-09-29T10:58:59.5130903Z > Task :dkplayer-ui:mergeReleaseGeneratedProguardFiles
2026-09-29T10:58:59.5132013Z > Task :dkplayer-ui:exportReleaseConsumerProguardFiles
2026-09-29T10:58:59.6122282Z > Task :dkplayer-java:mergeReleaseGeneratedProguardFiles
2026-09-29T10:58:59.6180654Z > Task :dkplayer-java:exportReleaseConsumerProguardFiles
2026-09-29T10:58:59.6230621Z > Task :dkplayer-players:ijk:generateReleaseResValues
2026-09-29T10:58:59.6248092Z > Task :dkplayer-players:exo:generateReleaseRFile
2026-09-29T10:58:59.6248926Z > Task :dkplayer-players:ijk:generateReleaseResources
2026-09-29T10:59:01.0121980Z Note: /home/runner/work/bofq/bofq/dkplayer-players/exo/src/main/java/xyz/doikki/videoplayer/exo/ExoMediaPlayer.java uses or overrides a deprecated API.
2026-09-29T10:59:01.0123114Z 
2026-09-29T10:59:01.0123417Z > Task :dkplayer-players:exo:compileReleaseJavaWithJavac
2026-09-29T10:59:01.0123850Z 
2026-09-29T10:59:01.0124172Z > Task :dkplayer-players:exo:mergeReleaseGeneratedProguardFiles
2026-09-29T10:59:01.0124997Z > Task :dkplayer-players:exo:exportReleaseConsumerProguardFiles
2026-09-29T10:59:01.0125742Z > Task :dkplayer-players:ijk:packageReleaseResources
2026-09-29T10:59:01.0126457Z > Task :dkplayer-players:ijk:javaPreCompileRelease
2026-09-29T10:59:01.0127113Z > Task :dkplayer-players:ijk:parseReleaseLocalResources
2026-09-29T10:59:01.0127792Z > Task :dkplayer-videocache:generateReleaseResValues
2026-09-29T10:59:01.0128436Z > Task :dkplayer-videocache:generateReleaseResources
2026-09-29T10:59:01.0130480Z Note: Recompile with -Xlint:deprecation for details.
2026-09-29T10:59:01.1128457Z > Task :dkplayer-players:ijk:generateReleaseRFile
2026-09-29T10:59:01.1130242Z > Task :dkplayer-videocache:packageReleaseResources
2026-09-29T10:59:01.5132692Z Note: Some input files use or override a deprecated API.
2026-09-29T10:59:01.5133203Z 
2026-09-29T10:59:01.5161086Z > Task :dkplayer-players:ijk:compileReleaseJavaWithJavac
2026-09-29T10:59:01.5161772Z 
2026-09-29T10:59:01.5162269Z > Task :dkplayer-players:ijk:mergeReleaseGeneratedProguardFiles
2026-09-29T10:59:01.5163511Z > Task :dkplayer-players:ijk:exportReleaseConsumerProguardFiles
2026-09-29T10:59:01.5164427Z > Task :dkplayer-videocache:javaPreCompileRelease
2026-09-29T10:59:01.5165229Z > Task :dkplayer-videocache:parseReleaseLocalResources
2026-09-29T10:59:01.5166081Z > Task :dkplayer-java:bundleLibRuntimeToJarRelease
2026-09-29T10:59:01.5166872Z > Task :dkplayer-sample:buildKotlinToolingMetadata
2026-09-29T10:59:01.5220637Z Note: Recompile with -Xlint:deprecation for details.
2026-09-29T10:59:01.6161086Z > Task :dkplayer-videocache:generateReleaseRFile
2026-09-29T10:59:02.0104240Z > Task :dkplayer-sample:checkReleaseDuplicateClasses
2026-09-29T10:59:02.3110952Z > Task :dkplayer-videocache:compileReleaseJavaWithJavac
2026-09-29T10:59:02.3140627Z > Task :dkplayer-videocache:mergeReleaseGeneratedProguardFiles
2026-09-29T10:59:02.3161419Z > Task :dkplayer-videocache:exportReleaseConsumerProguardFiles
2026-09-29T10:59:02.3170797Z > Task :dkplayer-sample:checkKotlinGradlePluginConfigurationErrors
2026-09-29T10:59:02.3171667Z > Task :dkplayer-sample:generateReleaseBuildConfig
2026-09-29T10:59:02.3187059Z > Task :dkplayer-java:writeReleaseAarMetadata
2026-09-29T10:59:02.3200531Z > Task :dkplayer-ui:writeReleaseAarMetadata
2026-09-29T10:59:02.3211472Z > Task :dkplayer-videocache:writeReleaseAarMetadata
2026-09-29T10:59:02.3212323Z > Task :dkplayer-players:exo:writeReleaseAarMetadata
2026-09-29T10:59:02.3231025Z > Task :dkplayer-players:ijk:writeReleaseAarMetadata
2026-09-29T10:59:02.3252971Z > Task :dkplayer-sample:generateReleaseResValues
2026-09-29T10:59:02.4102640Z > Task :dkplayer-sample:checkReleaseAarMetadata
2026-09-29T10:59:02.5101790Z > Task :dkplayer-sample:mapReleaseSourceSetPaths
2026-09-29T10:59:02.5140807Z > Task :dkplayer-sample:generateReleaseResources
2026-09-29T10:59:04.4098012Z > Task :dkplayer-sample:createReleaseCompatibleScreenManifests
2026-09-29T10:59:04.4150567Z > Task :dkplayer-java:extractDeepLinksRelease
2026-09-29T10:59:05.0120862Z > Task :dkplayer-sample:extractDeepLinksRelease
2026-09-29T10:59:05.0136230Z > Task :dkplayer-ui:extractDeepLinksRelease
2026-09-29T10:59:05.0192076Z > Task :dkplayer-videocache:extractDeepLinksRelease
2026-09-29T10:59:05.0236575Z > Task :dkplayer-java:processReleaseManifest
2026-09-29T10:59:05.0260568Z > Task :dkplayer-players:exo:extractDeepLinksRelease
2026-09-29T10:59:05.1098273Z > Task :dkplayer-ui:processReleaseManifest
2026-09-29T10:59:05.1120770Z > Task :dkplayer-players:ijk:extractDeepLinksRelease
2026-09-29T10:59:05.1150744Z > Task :dkplayer-videocache:processReleaseManifest
2026-09-29T10:59:05.1180542Z > Task :dkplayer-ui:bundleLibCompileToJarRelease
2026-09-29T10:59:05.1181881Z > Task :dkplayer-players:exo:processReleaseManifest
2026-09-29T10:59:05.1210737Z > Task :dkplayer-players:ijk:processReleaseManifest
2026-09-29T10:59:05.1240561Z > Task :dkplayer-videocache:bundleLibCompileToJarRelease
2026-09-29T10:59:05.6121196Z > Task :dkplayer-sample:mergeReleaseResources
2026-09-29T10:59:05.7104615Z > Task :dkplayer-sample:processReleaseMainManifest
2026-09-29T10:59:05.8101735Z > Task :dkplayer-sample:processReleaseManifest
2026-09-29T10:59:05.8102910Z > Task :dkplayer-sample:processReleaseManifestForPackage
2026-09-29T10:59:05.8103785Z > Task :dkplayer-players:exo:bundleLibCompileToJarRelease
2026-09-29T10:59:05.8104679Z > Task :dkplayer-players:ijk:bundleLibCompileToJarRelease
2026-09-29T10:59:06.5111162Z > Task :dkplayer-sample:javaPreCompileRelease
2026-09-29T10:59:06.5120657Z > Task :dkplayer-java:prepareReleaseArtProfile
2026-09-29T10:59:06.5140777Z > Task :dkplayer-ui:prepareReleaseArtProfile
2026-09-29T10:59:06.5170591Z > Task :dkplayer-videocache:prepareReleaseArtProfile
2026-09-29T10:59:06.5200611Z > Task :dkplayer-players:exo:prepareReleaseArtProfile
2026-09-29T10:59:06.5210514Z > Task :dkplayer-players:ijk:prepareReleaseArtProfile
2026-09-29T10:59:06.6117947Z > Task :dkplayer-sample:mergeReleaseArtProfile
2026-09-29T10:59:06.6150550Z > Task :dkplayer-ui:bundleLibRuntimeToJarRelease
2026-09-29T10:59:06.7121229Z > Task :dkplayer-players:exo:bundleLibRuntimeToJarRelease
2026-09-29T10:59:06.7130938Z > Task :dkplayer-videocache:bundleLibRuntimeToJarRelease
2026-09-29T10:59:06.7160577Z > Task :dkplayer-players:ijk:bundleLibRuntimeToJarRelease
2026-09-29T10:59:06.7161662Z > Task :dkplayer-sample:extractProguardFiles
2026-09-29T10:59:06.7190567Z > Task :dkplayer-java:processReleaseJavaRes NO-SOURCE
2026-09-29T10:59:06.7191227Z > Task :dkplayer-sample:processReleaseResources
2026-09-29T10:59:06.7191855Z > Task :dkplayer-ui:processReleaseJavaRes NO-SOURCE
2026-09-29T10:59:12.1101177Z > Task :dkplayer-videocache:processReleaseJavaRes NO-SOURCE
2026-09-29T10:59:12.1130976Z > Task :dkplayer-players:exo:processReleaseJavaRes NO-SOURCE
2026-09-29T10:59:12.1138763Z > Task :dkplayer-players:ijk:processReleaseJavaRes NO-SOURCE
2026-09-29T10:59:12.1139754Z > Task :dkplayer-sample:mergeReleaseStartupProfile
2026-09-29T10:59:12.2096633Z > Task :dkplayer-java:mergeReleaseShaders
2026-09-29T10:59:12.2131098Z > Task :dkplayer-java:compileReleaseShaders NO-SOURCE
2026-09-29T10:59:12.2212849Z > Task :dkplayer-java:generateReleaseAssets UP-TO-DATE
2026-09-29T10:59:12.2213569Z > Task :dkplayer-java:mergeReleaseAssets
2026-09-29T10:59:12.2285068Z > Task :dkplayer-sample:mergeReleaseShaders
2026-09-29T10:59:12.2332685Z > Task :dkplayer-sample:compileReleaseShaders NO-SOURCE
2026-09-29T10:59:12.2432870Z > Task :dkplayer-sample:generateReleaseAssets UP-TO-DATE
2026-09-29T10:59:12.2493097Z > Task :dkplayer-ui:mergeReleaseShaders
2026-09-29T10:59:12.2508651Z > Task :dkplayer-ui:compileReleaseShaders NO-SOURCE
2026-09-29T10:59:12.2570513Z > Task :dkplayer-ui:generateReleaseAssets UP-TO-DATE
2026-09-29T10:59:12.2610582Z > Task :dkplayer-ui:mergeReleaseAssets
2026-09-29T10:59:12.2658341Z > Task :dkplayer-videocache:mergeReleaseShaders
2026-09-29T10:59:12.2700732Z > Task :dkplayer-videocache:compileReleaseShaders NO-SOURCE
2026-09-29T10:59:12.2716904Z > Task :dkplayer-videocache:generateReleaseAssets UP-TO-DATE
2026-09-29T10:59:12.2777103Z > Task :dkplayer-videocache:mergeReleaseAssets
2026-09-29T10:59:12.2830637Z > Task :dkplayer-players:exo:mergeReleaseShaders
2026-09-29T10:59:12.2857780Z > Task :dkplayer-players:exo:compileReleaseShaders NO-SOURCE
2026-09-29T10:59:12.2876007Z > Task :dkplayer-players:exo:generateReleaseAssets UP-TO-DATE
2026-09-29T10:59:12.2905147Z > Task :dkplayer-players:exo:mergeReleaseAssets
2026-09-29T10:59:12.2937151Z > Task :dkplayer-players:ijk:mergeReleaseShaders
2026-09-29T10:59:12.2950568Z > Task :dkplayer-players:ijk:compileReleaseShaders NO-SOURCE
2026-09-29T10:59:12.2951343Z > Task :dkplayer-players:ijk:generateReleaseAssets UP-TO-DATE
2026-09-29T10:59:12.3123199Z > Task :dkplayer-players:ijk:mergeReleaseAssets
2026-09-29T10:59:12.4107980Z > Task :dkplayer-sample:mergeReleaseAssets
2026-09-29T10:59:12.4120823Z > Task :dkplayer-sample:compressReleaseAssets
2026-09-29T10:59:12.5109681Z > Task :dkplayer-sample:extractReleaseVersionControlInfo
2026-09-29T10:59:12.6100617Z > Task :dkplayer-sample:collectReleaseDependencies
2026-09-29T10:59:12.7107742Z > Task :dkplayer-sample:sdkReleaseDependencyData
2026-09-29T10:59:12.7124065Z > Task :dkplayer-sample:validateSigningRelease
2026-09-29T10:59:12.7153214Z > Task :dkplayer-sample:writeReleaseAppMetadata
2026-09-29T10:59:12.7161454Z > Task :dkplayer-sample:writeReleaseSigningConfigVersions
2026-09-29T10:59:22.0102141Z 
2026-09-29T10:59:22.0122775Z > Task :dkplayer-sample:compileReleaseKotlin
2026-09-29T10:59:22.0174111Z w: file:///home/runner/work/bofq/bofq/dkplayer-sample/src/main/java/xyz/doikki/dkplayer/activity/api/PlayerActivity.kt:46:19 'toLowerCase(): String' is deprecated. Use lowercase() instead.
2026-09-29T10:59:22.0176573Z w: file:///home/runner/work/bofq/bofq/dkplayer-sample/src/main/java/xyz/doikki/dkplayer/activity/api/PlayerActivity.kt:63:19 'toLowerCase(): String' is deprecated. Use lowercase() instead.
2026-09-29T10:59:22.0178971Z w: file:///home/runner/work/bofq/bofq/dkplayer-sample/src/main/java/xyz/doikki/dkplayer/activity/api/PlayerActivity.kt:346:59 Unnecessary non-null assertion (!!) on a non-null receiver of type String
2026-09-29T10:59:22.0182073Z w: file:///home/runner/work/bofq/bofq/dkplayer-sample/src/main/java/xyz/doikki/dkplayer/activity/api/PlayerActivity.kt:346:87 Unnecessary non-null assertion (!!) on a non-null receiver of type String
2026-09-29T10:59:22.0184328Z w: file:///home/runner/work/bofq/bofq/dkplayer-sample/src/main/java/xyz/doikki/dkplayer/activity/api/PlayerActivity.kt:430:23 Parameter 'view' is never used
2026-09-29T10:59:24.2102565Z /home/runner/work/bofq/bofq/dkplayer-sample/src/main/java/xyz/doikki/dkplayer/util/DlnaRenderer.java:57: error: incompatible types: List<InterfaceAddress> cannot be converted to Enumeration<InterfaceAddress>
2026-09-29T10:59:24.2104184Z 
2026-09-29T10:59:24.2104941Z > Task :dkplayer-sample:compileReleaseJavaWithJavac
2026-09-29T10:59:24.2121290Z                 Enumeration<InterfaceAddress> ias = ni.getInterfaceAddresses();
2026-09-29T10:59:24.2123269Z                                                                             ^
2026-09-29T10:59:24.2125116Z Note: Some input files use or override a deprecated API.
2026-09-29T10:59:24.2127008Z Note: Recompile with -Xlint:deprecation for details.
2026-09-29T10:59:24.2128961Z Note: Some input files use unchecked or unsafe operations.
2026-09-29T10:59:24.2130658Z Note: Recompile with -Xlint:unchecked for details.
2026-09-29T10:59:24.2131971Z 1 error
2026-09-29T10:59:24.3140621Z 
2026-09-29T10:59:24.3140642Z 
2026-09-29T10:59:24.3170768Z FAILURE: Build failed with an exception.
2026-09-29T10:59:24.3171482Z > Task :dkplayer-sample:compileReleaseJavaWithJavac FAILED
2026-09-29T10:59:24.3187132Z 
2026-09-29T10:59:24.3187886Z [Incubating] Problems report is available at: file:///home/runner/work/bofq/bofq/build/reports/problems/problems-report.html
2026-09-29T10:59:24.3189206Z * What went wrong:
2026-09-29T10:59:24.3190284Z Execution failed for task ':dkplayer-sample:compileReleaseJavaWithJavac'.
2026-09-29T10:59:24.3191282Z > Compilation failed; see the compiler output below.
2026-09-29T10:59:24.3193121Z   /home/runner/work/bofq/bofq/dkplayer-sample/src/main/java/xyz/doikki/dkplayer/util/DlnaRenderer.java:57: error: incompatible types: List<InterfaceAddress> cannot be converted to Enumeration<InterfaceAddress>
2026-09-29T10:59:24.3195048Z                   Enumeration<InterfaceAddress> ias = ni.getInterfaceAddresses();
2026-09-29T10:59:24.3195970Z                                                                               ^
2026-09-29T10:59:24.3196798Z   Note: Some input files use unchecked or unsafe operations.
2026-09-29T10:59:24.3197624Z   Note: Recompile with -Xlint:unchecked for details.
2026-09-29T10:59:24.3198794Z   Note: Recompile with -Xlint:deprecation for details.
2026-09-29T10:59:24.3199614Z   Note: Some input files use or override a deprecated API.
2026-09-29T10:59:24.3200546Z   1 error
2026-09-29T10:59:24.3200883Z 
2026-09-29T10:59:24.3201157Z * Try:
2026-09-29T10:59:24.3201803Z > Check your code and dependencies to fix the compilation error(s)
2026-09-29T10:59:24.3202622Z > Run with --scan to get full insights.
2026-09-29T10:59:24.3203121Z 
2026-09-29T10:59:24.3203411Z * Exception is:
2026-09-29T10:59:24.3204443Z org.gradle.api.tasks.TaskExecutionException: Execution failed for task ':dkplayer-sample:compileReleaseJavaWithJavac'.
2026-09-29T10:59:24.3206356Z 	at org.gradle.api.internal.tasks.execution.ExecuteActionsTaskExecuter.lambda$executeIfValid$1(ExecuteActionsTaskExecuter.java:130)
2026-09-29T10:59:24.3208013Z 	at org.gradle.internal.Try$Failure.ifSuccessfulOrElse(Try.java:293)
2026-09-29T10:59:24.3209430Z 	at org.gradle.api.internal.tasks.execution.ExecuteActionsTaskExecuter.executeIfValid(ExecuteActionsTaskExecuter.java:128)
2026-09-29T10:59:24.3215642Z 	at org.gradle.api.internal.tasks.execution.ExecuteActionsTaskExecuter.execute(ExecuteActionsTaskExecuter.java:116)
2026-09-29T10:59:24.3217598Z 	at org.gradle.api.internal.tasks.execution.FinalizePropertiesTaskExecuter.execute(FinalizePropertiesTaskExecuter.java:46)
2026-09-29T10:59:24.3219760Z 	at org.gradle.api.internal.tasks.execution.ResolveTaskExecutionModeExecuter.execute(ResolveTaskExecutionModeExecuter.java:51)
2026-09-29T10:59:24.3221900Z 	at org.gradle.api.internal.tasks.execution.SkipTaskWithNoActionsExecuter.execute(SkipTaskWithNoActionsExecuter.java:57)
2026-09-29T10:59:24.3223626Z 	at org.gradle.api.internal.tasks.execution.SkipOnlyIfTaskExecuter.execute(SkipOnlyIfTaskExecuter.java:74)
2026-09-29T10:59:24.3225375Z 	at org.gradle.api.internal.tasks.execution.CatchExceptionTaskExecuter.execute(CatchExceptionTaskExecuter.java:36)
2026-09-29T10:59:24.3227124Z 	at org.gradle.api.internal.tasks.execution.EventFiringTaskExecuter$1.executeTask(EventFiringTaskExecuter.java:77)
2026-09-29T10:59:24.3228781Z 	at org.gradle.api.internal.tasks.execution.EventFiringTaskExecuter$1.call(EventFiringTaskExecuter.java:55)
2026-09-29T10:59:24.3230564Z 	at org.gradle.api.internal.tasks.execution.EventFiringTaskExecuter$1.call(EventFiringTaskExecuter.java:52)
2026-09-29T10:59:24.3232445Z 	at org.gradle.internal.operations.DefaultBuildOperationRunner$CallableBuildOperationWorker.execute(DefaultBuildOperationRunner.java:209)
2026-09-29T10:59:24.3236347Z 	at org.gradle.internal.operations.DefaultBuildOperationRunner$CallableBuildOperationWorker.execute(DefaultBuildOperationRunner.java:204)
2026-09-29T10:59:24.3245144Z 	at org.gradle.internal.operations.DefaultBuildOperationRunner$2.execute(DefaultBuildOperationRunner.java:66)
2026-09-29T10:59:24.3247481Z 	at org.gradle.internal.operations.DefaultBuildOperationRunner$2.execute(DefaultBuildOperationRunner.java:59)
2026-09-29T10:59:24.3250614Z 	at org.gradle.internal.operations.DefaultBuildOperationRunner.execute(DefaultBuildOperationRunner.java:166)
2026-09-29T10:59:24.3252564Z 	at org.gradle.internal.operations.DefaultBuildOperationRunner.execute(DefaultBuildOperationRunner.java:59)
2026-09-29T10:59:24.3254433Z 	at org.gradle.internal.operations.DefaultBuildOperationRunner.call(DefaultBuildOperationRunner.java:53)
2026-09-29T10:59:24.3256275Z 	at org.gradle.api.internal.tasks.execution.EventFiringTaskExecuter.execute(EventFiringTaskExecuter.java:52)
2026-09-29T10:59:24.3258023Z 	at org.gradle.execution.plan.LocalTaskNodeExecutor.execute(LocalTaskNodeExecutor.java:42)
2026-09-29T10:59:24.3260164Z 	at org.gradle.execution.taskgraph.DefaultTaskExecutionGraph$InvokeNodeExecutorsAction.execute(DefaultTaskExecutionGraph.java:331)
2026-09-29T10:59:24.3262396Z 	at org.gradle.execution.taskgraph.DefaultTaskExecutionGraph$InvokeNodeExecutorsAction.execute(DefaultTaskExecutionGraph.java:318)
2026-09-29T10:59:24.3271986Z 	at org.gradle.execution.taskgraph.DefaultTaskExecutionGraph$BuildOperationAwareExecutionAction.lambda$execute$0(DefaultTaskExecutionGraph.java:314)
2026-09-29T10:59:24.3280883Z 	at org.gradle.internal.operations.CurrentBuildOperationRef.with(CurrentBuildOperationRef.java:85)
2026-09-29T10:59:24.3283000Z 	at org.gradle.execution.taskgraph.DefaultTaskExecutionGraph$BuildOperationAwareExecutionAction.execute(DefaultTaskExecutionGraph.java:314)
2026-09-29T10:59:24.3285515Z 	at org.gradle.execution.taskgraph.DefaultTaskExecutionGraph$BuildOperationAwareExecutionAction.execute(DefaultTaskExecutionGraph.java:303)
2026-09-29T10:59:24.3287531Z 	at org.gradle.execution.plan.DefaultPlanExecutor$ExecutorWorker.execute(DefaultPlanExecutor.java:459)
2026-09-29T10:59:24.3289541Z 	at org.gradle.execution.plan.DefaultPlanExecutor$ExecutorWorker.run(DefaultPlanExecutor.java:376)
2026-09-29T10:59:24.3291681Z 	at org.gradle.internal.concurrent.ExecutorPolicy$CatchAndRecordFailures.onExecute(ExecutorPolicy.java:64)
2026-09-29T10:59:24.3293464Z 	at org.gradle.internal.concurrent.AbstractManagedExecutor$1.run(AbstractManagedExecutor.java:48)
2026-09-29T10:59:24.3295317Z Caused by: org.gradle.api.internal.tasks.compile.CompilationFailedException: Compilation failed; see the compiler output below.
2026-09-29T10:59:24.3297988Z /home/runner/work/bofq/bofq/dkplayer-sample/src/main/java/xyz/doikki/dkplayer/util/DlnaRenderer.java:57: error: incompatible types: List<InterfaceAddress> cannot be converted to Enumeration<InterfaceAddress>
2026-09-29T10:59:24.3300841Z                 Enumeration<InterfaceAddress> ias = ni.getInterfaceAddresses();
2026-09-29T10:59:24.3302003Z                                                                             ^
2026-09-29T10:59:24.3303122Z Note: Some input files use unchecked or unsafe operations.
2026-09-29T10:59:24.3305983Z Note: Recompile with -Xlint:unchecked for details.
2026-09-29T10:59:24.3306637Z Note: Recompile with -Xlint:deprecation for details.
2026-09-29T10:59:24.3307344Z Note: Some input files use or override a deprecated API.
2026-09-29T10:59:24.3307857Z 1 error
2026-09-29T10:59:24.3308544Z 	at org.gradle.api.internal.tasks.compile.JdkJavaCompiler.execute(JdkJavaCompiler.java:84)
2026-09-29T10:59:24.3309744Z 	at org.gradle.api.internal.tasks.compile.JdkJavaCompiler.execute(JdkJavaCompiler.java:46)
2026-09-29T10:59:24.3311862Z 	at org.gradle.api.internal.tasks.compile.NormalizingJavaCompiler.delegateAndHandleErrors(NormalizingJavaCompiler.java:98)
2026-09-29T10:59:24.3313619Z 	at org.gradle.api.internal.tasks.compile.NormalizingJavaCompiler.execute(NormalizingJavaCompiler.java:52)
2026-09-29T10:59:24.3315053Z 	at org.gradle.api.internal.tasks.compile.NormalizingJavaCompiler.execute(NormalizingJavaCompiler.java:38)
2026-09-29T10:59:24.3316738Z 	at org.gradle.api.internal.tasks.compile.AnnotationProcessorDiscoveringCompiler.execute(AnnotationProcessorDiscoveringCompiler.java:52)
2026-09-29T10:59:24.3318699Z 	at org.gradle.api.internal.tasks.compile.AnnotationProcessorDiscoveringCompiler.execute(AnnotationProcessorDiscoveringCompiler.java:38)
2026-09-29T10:59:24.3320888Z 	at org.gradle.api.internal.tasks.compile.ModuleApplicationNameWritingCompiler.execute(ModuleApplicationNameWritingCompiler.java:46)
2026-09-29T10:59:24.3322840Z 	at org.gradle.api.internal.tasks.compile.ModuleApplicationNameWritingCompiler.execute(ModuleApplicationNameWritingCompiler.java:36)
2026-09-29T10:59:24.3324591Z 	at org.gradle.jvm.toolchain.internal.DefaultToolchainJavaCompiler.execute(DefaultToolchainJavaCompiler.java:57)
2026-09-29T10:59:24.3326048Z 	at org.gradle.api.tasks.compile.JavaCompile.lambda$createToolchainCompiler$3(JavaCompile.java:205)
2026-09-29T10:59:24.3327384Z 	at org.gradle.api.internal.tasks.compile.CleaningJavaCompiler.execute(CleaningJavaCompiler.java:53)
2026-09-29T10:59:24.3329199Z 	at org.gradle.api.internal.tasks.compile.incremental.IncrementalCompilerFactory.lambda$createRebuildAllCompiler$0(IncrementalCompilerFactory.java:52)
2026-09-29T10:59:24.3331907Z 	at org.gradle.api.internal.tasks.compile.incremental.SelectiveCompiler.execute(SelectiveCompiler.java:70)
2026-09-29T10:59:24.3333771Z 	at org.gradle.api.internal.tasks.compile.incremental.SelectiveCompiler.execute(SelectiveCompiler.java:44)
2026-09-29T10:59:24.3335538Z 	at org.gradle.api.internal.tasks.compile.incremental.IncrementalResultStoringCompiler.execute(IncrementalResultStoringCompiler.java:66)
2026-09-29T10:59:24.3337618Z 	at org.gradle.api.internal.tasks.compile.incremental.IncrementalResultStoringCompiler.execute(IncrementalResultStoringCompiler.java:52)
2026-09-29T10:59:24.3339703Z 	at org.gradle.api.internal.tasks.compile.CompileJavaBuildOperationReportingCompiler$1.call(CompileJavaBuildOperationReportingCompiler.java:64)
2026-09-29T10:59:24.3342092Z 	at org.gradle.api.internal.tasks.compile.CompileJavaBuildOperationReportingCompiler$1.call(CompileJavaBuildOperationReportingCompiler.java:48)
2026-09-29T10:59:24.3344104Z 	at org.gradle.internal.operations.DefaultBuildOperationRunner$CallableBuildOperationWorker.execute(DefaultBuildOperationRunner.java:209)
2026-09-29T10:59:24.3345997Z 	at org.gradle.internal.operations.DefaultBuildOperationRunner$CallableBuildOperationWorker.execute(DefaultBuildOperationRunner.java:204)
2026-09-29T10:59:24.3347729Z 	at org.gradle.internal.operations.DefaultBuildOperationRunner$2.execute(DefaultBuildOperationRunner.java:66)
2026-09-29T10:59:24.3349246Z 	at org.gradle.internal.operations.DefaultBuildOperationRunner$2.execute(DefaultBuildOperationRunner.java:59)
2026-09-29T10:59:24.3351431Z 	at org.gradle.internal.operations.DefaultBuildOperationRunner.execute(DefaultBuildOperationRunner.java:166)
2026-09-29T10:59:24.3352930Z 	at org.gradle.internal.operations.DefaultBuildOperationRunner.execute(DefaultBuildOperationRunner.java:59)
2026-09-29T10:59:24.3354386Z 	at org.gradle.internal.operations.DefaultBuildOperationRunner.call(DefaultBuildOperationRunner.java:53)
2026-09-29T10:59:24.3356164Z 	at org.gradle.api.internal.tasks.compile.CompileJavaBuildOperationReportingCompiler.execute(CompileJavaBuildOperationReportingCompiler.java:48)
2026-09-29T10:59:24.3357785Z 	at org.gradle.api.tasks.compile.JavaCompile.performCompilation(JavaCompile.java:223)
2026-09-29T10:59:24.3359002Z 	at org.gradle.api.tasks.compile.JavaCompile.performIncrementalCompilation(JavaCompile.java:164)
2026-09-29T10:59:24.3361146Z 	at org.gradle.api.tasks.compile.JavaCompile.compile(JavaCompile.java:149)
2026-09-29T10:59:24.3362308Z 	at java.base/jdk.internal.reflect.NativeMethodAccessorImpl.invoke0(Native Method)
2026-09-29T10:59:24.3363536Z 	at java.base/jdk.internal.reflect.NativeMethodAccessorImpl.invoke(NativeMethodAccessorImpl.java:77)
2026-09-29T10:59:24.3364944Z 	at java.base/jdk.internal.reflect.DelegatingMethodAccessorImpl.invoke(DelegatingMethodAccessorImpl.java:43)
2026-09-29T10:59:24.3366152Z 	at org.gradle.internal.reflect.JavaMethod.invoke(JavaMethod.java:125)
2026-09-29T10:59:24.3367342Z 	at org.gradle.api.internal.project.taskfactory.IncrementalTaskAction.doExecute(IncrementalTaskAction.java:45)
2026-09-29T10:59:24.3368778Z 	at org.gradle.api.internal.project.taskfactory.StandardTaskAction.execute(StandardTaskAction.java:51)
2026-09-29T10:59:24.3370547Z 	at org.gradle.api.internal.project.taskfactory.IncrementalTaskAction.execute(IncrementalTaskAction.java:26)
2026-09-29T10:59:24.3372012Z 	at org.gradle.api.internal.project.taskfactory.StandardTaskAction.execute(StandardTaskAction.java:29)
2026-09-29T10:59:24.3373267Z 	at org.gradle.api.internal.tasks.execution.TaskExecution$3.run(TaskExecution.java:244)
2026-09-29T10:59:24.3374597Z 	at org.gradle.internal.operations.DefaultBuildOperationRunner$1.execute(DefaultBuildOperationRunner.java:29)
2026-09-29T10:59:24.3376070Z 	at org.gradle.internal.operations.DefaultBuildOperationRunner$1.execute(DefaultBuildOperationRunner.java:26)
2026-09-29T10:59:24.3377529Z 	at org.gradle.internal.operations.DefaultBuildOperationRunner$2.execute(DefaultBuildOperationRunner.java:66)
2026-09-29T10:59:24.3378992Z 	at org.gradle.internal.operations.DefaultBuildOperationRunner$2.execute(DefaultBuildOperationRunner.java:59)
2026-09-29T10:59:24.3380927Z 	at org.gradle.internal.operations.DefaultBuildOperationRunner.execute(DefaultBuildOperationRunner.java:166)
2026-09-29T10:59:24.3382683Z 	at org.gradle.internal.operations.DefaultBuildOperationRunner.execute(DefaultBuildOperationRunner.java:59)
2026-09-29T10:59:24.3384136Z 	at org.gradle.internal.operations.DefaultBuildOperationRunner.run(DefaultBuildOperationRunner.java:47)
2026-09-29T10:59:24.3385629Z 	at org.gradle.api.internal.tasks.execution.TaskExecution.executeAction(TaskExecution.java:229)
2026-09-29T10:59:24.3386933Z 	at org.gradle.api.internal.tasks.execution.TaskExecution.executeActions(TaskExecution.java:212)
2026-09-29T10:59:24.3388365Z 	at org.gradle.api.internal.tasks.execution.TaskExecution.executeWithPreviousOutputFiles(TaskExecution.java:195)
2026-09-29T10:59:24.3389730Z 	at org.gradle.api.internal.tasks.execution.TaskExecution.execute(TaskExecution.java:162)
2026-09-29T10:59:24.3391206Z 	at org.gradle.internal.execution.steps.ExecuteStep.executeInternal(ExecuteStep.java:105)
2026-09-29T10:59:24.3392314Z 	at org.gradle.internal.execution.steps.ExecuteStep.access$000(ExecuteStep.java:44)
2026-09-29T10:59:24.3393345Z 	at org.gradle.internal.execution.steps.ExecuteStep$1.call(ExecuteStep.java:59)
2026-09-29T10:59:24.3394334Z 	at org.gradle.internal.execution.steps.ExecuteStep$1.call(ExecuteStep.java:56)
2026-09-29T10:59:24.3395796Z 	at org.gradle.internal.operations.DefaultBuildOperationRunner$CallableBuildOperationWorker.execute(DefaultBuildOperationRunner.java:209)
2026-09-29T10:59:24.3397916Z 	at org.gradle.internal.operations.DefaultBuildOperationRunner$CallableBuildOperationWorker.execute(DefaultBuildOperationRunner.java:204)
2026-09-29T10:59:24.3399651Z 	at org.gradle.internal.operations.DefaultBuildOperationRunner$2.execute(DefaultBuildOperationRunner.java:66)
2026-09-29T10:59:24.3401465Z 	at org.gradle.internal.operations.DefaultBuildOperationRunner$2.execute(DefaultBuildOperationRunner.java:59)
2026-09-29T10:59:24.3402952Z 	at org.gradle.internal.operations.DefaultBuildOperationRunner.execute(DefaultBuildOperationRunner.java:166)
2026-09-29T10:59:24.3404562Z 	at org.gradle.internal.operations.DefaultBuildOperationRunner.execute(DefaultBuildOperationRunner.java:59)
2026-09-29T10:59:24.3406030Z 	at org.gradle.internal.operations.DefaultBuildOperationRunner.call(DefaultBuildOperationRunner.java:53)
2026-09-29T10:59:24.3407272Z 	at org.gradle.internal.execution.steps.ExecuteStep.execute(ExecuteStep.java:56)
2026-09-29T10:59:24.3408319Z 	at org.gradle.internal.execution.steps.ExecuteStep.execute(ExecuteStep.java:44)
2026-09-29T10:59:24.3409478Z 	at org.gradle.internal.execution.steps.CancelExecutionStep.execute(CancelExecutionStep.java:42)
2026-09-29T10:59:24.3410992Z 	at org.gradle.internal.execution.steps.TimeoutStep.executeWithoutTimeout(TimeoutStep.java:75)
2026-09-29T10:59:24.3412140Z 	at org.gradle.internal.execution.steps.TimeoutStep.execute(TimeoutStep.java:55)
2026-09-29T10:59:24.3413474Z 	at org.gradle.internal.execution.steps.PreCreateOutputParentsStep.execute(PreCreateOutputParentsStep.java:50)
2026-09-29T10:59:24.3415079Z 	at org.gradle.internal.execution.steps.PreCreateOutputParentsStep.execute(PreCreateOutputParentsStep.java:28)
2026-09-29T10:59:24.3416748Z 	at org.gradle.internal.execution.steps.RemovePreviousOutputsStep.execute(RemovePreviousOutputsStep.java:67)
2026-09-29T10:59:24.3418257Z 	at org.gradle.internal.execution.steps.RemovePreviousOutputsStep.execute(RemovePreviousOutputsStep.java:37)
2026-09-29T10:59:24.3419806Z 	at org.gradle.internal.execution.steps.BroadcastChangingOutputsStep.execute(BroadcastChangingOutputsStep.java:61)
2026-09-29T10:59:24.3421594Z 	at org.gradle.internal.execution.steps.BroadcastChangingOutputsStep.execute(BroadcastChangingOutputsStep.java:26)
2026-09-29T10:59:24.3423278Z 	at org.gradle.internal.execution.steps.CaptureOutputsAfterExecutionStep.execute(CaptureOutputsAfterExecutionStep.java:69)
2026-09-29T10:59:24.3424971Z 	at org.gradle.internal.execution.steps.CaptureOutputsAfterExecutionStep.execute(CaptureOutputsAfterExecutionStep.java:46)
2026-09-29T10:59:24.3426566Z 	at org.gradle.internal.execution.steps.ResolveInputChangesStep.execute(ResolveInputChangesStep.java:40)
2026-09-29T10:59:24.3428216Z 	at org.gradle.internal.execution.steps.ResolveInputChangesStep.execute(ResolveInputChangesStep.java:29)
2026-09-29T10:59:24.3429610Z 	at org.gradle.internal.execution.steps.BuildCacheStep.executeWithoutCache(BuildCacheStep.java:189)
2026-09-29T10:59:24.3431592Z 	at org.gradle.internal.execution.steps.BuildCacheStep.lambda$execute$1(BuildCacheStep.java:75)
2026-09-29T10:59:24.3432734Z 	at org.gradle.internal.Either$Right.fold(Either.java:175)
2026-09-29T10:59:24.3433612Z 	at org.gradle.internal.execution.caching.CachingState.fold(CachingState.java:62)
2026-09-29T10:59:24.3434716Z 	at org.gradle.internal.execution.steps.BuildCacheStep.execute(BuildCacheStep.java:73)
2026-09-29T10:59:24.3435835Z 	at org.gradle.internal.execution.steps.BuildCacheStep.execute(BuildCacheStep.java:48)
2026-09-29T10:59:24.3437094Z 	at org.gradle.internal.execution.steps.StoreExecutionStateStep.execute(StoreExecutionStateStep.java:46)
2026-09-29T10:59:24.3438502Z 	at org.gradle.internal.execution.steps.StoreExecutionStateStep.execute(StoreExecutionStateStep.java:35)
2026-09-29T10:59:24.3440073Z 	at org.gradle.internal.execution.steps.SkipUpToDateStep.executeBecause(SkipUpToDateStep.java:75)
2026-09-29T10:59:24.3441392Z 	at org.gradle.internal.execution.steps.SkipUpToDateStep.lambda$execute$2(SkipUpToDateStep.java:53)
2026-09-29T10:59:24.3442877Z 	at org.gradle.internal.execution.steps.SkipUpToDateStep.execute(SkipUpToDateStep.java:53)
2026-09-29T10:59:24.3444086Z 	at org.gradle.internal.execution.steps.SkipUpToDateStep.execute(SkipUpToDateStep.java:35)
2026-09-29T10:59:24.3445659Z 	at org.gradle.internal.execution.steps.legacy.MarkSnapshottingInputsFinishedStep.execute(MarkSnapshottingInputsFinishedStep.java:37)
2026-09-29T10:59:24.3447613Z 	at org.gradle.internal.execution.steps.legacy.MarkSnapshottingInputsFinishedStep.execute(MarkSnapshottingInputsFinishedStep.java:27)
2026-09-29T10:59:24.3449559Z 	at org.gradle.internal.execution.steps.ResolveIncrementalCachingStateStep.executeDelegate(ResolveIncrementalCachingStateStep.java:49)
2026-09-29T10:59:24.3451900Z 	at org.gradle.internal.execution.steps.ResolveIncrementalCachingStateStep.executeDelegate(ResolveIncrementalCachingStateStep.java:27)
2026-09-29T10:59:24.3453746Z 	at org.gradle.internal.execution.steps.AbstractResolveCachingStateStep.execute(AbstractResolveCachingStateStep.java:71)
2026-09-29T10:59:24.3455458Z 	at org.gradle.internal.execution.steps.AbstractResolveCachingStateStep.execute(AbstractResolveCachingStateStep.java:39)
2026-09-29T10:59:24.3456908Z 	at org.gradle.internal.execution.steps.ResolveChangesStep.execute(ResolveChangesStep.java:65)
2026-09-29T10:59:24.3458138Z 	at org.gradle.internal.execution.steps.ResolveChangesStep.execute(ResolveChangesStep.java:36)
2026-09-29T10:59:24.3459290Z 	at org.gradle.internal.execution.steps.ValidateStep.execute(ValidateStep.java:107)
2026-09-29T10:59:24.3460681Z 	at org.gradle.internal.execution.steps.ValidateStep.execute(ValidateStep.java:56)
2026-09-29T10:59:24.3462238Z 	at org.gradle.internal.execution.steps.AbstractCaptureStateBeforeExecutionStep.execute(AbstractCaptureStateBeforeExecutionStep.java:64)
2026-09-29T10:59:24.3464215Z 	at org.gradle.internal.execution.steps.AbstractCaptureStateBeforeExecutionStep.execute(AbstractCaptureStateBeforeExecutionStep.java:43)
2026-09-29T10:59:24.3466112Z 	at org.gradle.internal.execution.steps.AbstractSkipEmptyWorkStep.executeWithNonEmptySources(AbstractSkipEmptyWorkStep.java:125)
2026-09-29T10:59:24.3467806Z 	at org.gradle.internal.execution.steps.AbstractSkipEmptyWorkStep.execute(AbstractSkipEmptyWorkStep.java:61)
2026-09-29T10:59:24.3469327Z 	at org.gradle.internal.execution.steps.AbstractSkipEmptyWorkStep.execute(AbstractSkipEmptyWorkStep.java:36)
2026-09-29T10:59:24.3471281Z 	at org.gradle.internal.execution.steps.legacy.MarkSnapshottingInputsStartedStep.execute(MarkSnapshottingInputsStartedStep.java:38)
2026-09-29T10:59:24.3473112Z 	at org.gradle.internal.execution.steps.LoadPreviousExecutionStateStep.execute(LoadPreviousExecutionStateStep.java:36)
2026-09-29T10:59:24.3475027Z 	at org.gradle.internal.execution.steps.LoadPreviousExecutionStateStep.execute(LoadPreviousExecutionStateStep.java:23)
2026-09-29T10:59:24.3476591Z 	at org.gradle.internal.execution.steps.HandleStaleOutputsStep.execute(HandleStaleOutputsStep.java:75)
2026-09-29T10:59:24.3478010Z 	at org.gradle.internal.execution.steps.HandleStaleOutputsStep.execute(HandleStaleOutputsStep.java:41)
2026-09-29T10:59:24.3479542Z 	at org.gradle.internal.execution.steps.AssignMutableWorkspaceStep.lambda$execute$0(AssignMutableWorkspaceStep.java:35)
2026-09-29T10:59:24.3481180Z 	at org.gradle.api.internal.tasks.execution.TaskExecution$4.withWorkspace(TaskExecution.java:289)
2026-09-29T10:59:24.3482587Z 	at org.gradle.internal.execution.steps.AssignMutableWorkspaceStep.execute(AssignMutableWorkspaceStep.java:31)
2026-09-29T10:59:24.3484124Z 	at org.gradle.internal.execution.steps.AssignMutableWorkspaceStep.execute(AssignMutableWorkspaceStep.java:22)
2026-09-29T10:59:24.3485546Z 	at org.gradle.internal.execution.steps.ChoosePipelineStep.execute(ChoosePipelineStep.java:40)
2026-09-29T10:59:24.3486804Z 	at org.gradle.internal.execution.steps.ChoosePipelineStep.execute(ChoosePipelineStep.java:23)
2026-09-29T10:59:24.3488432Z 	at org.gradle.internal.execution.steps.ExecuteWorkBuildOperationFiringStep.lambda$execute$2(ExecuteWorkBuildOperationFiringStep.java:67)
2026-09-29T10:59:24.3490996Z 	at org.gradle.internal.execution.steps.ExecuteWorkBuildOperationFiringStep.execute(ExecuteWorkBuildOperationFiringStep.java:67)
2026-09-29T10:59:24.3492878Z 	at org.gradle.internal.execution.steps.ExecuteWorkBuildOperationFiringStep.execute(ExecuteWorkBuildOperationFiringStep.java:39)
2026-09-29T10:59:24.3494423Z 	at org.gradle.internal.execution.steps.IdentityCacheStep.execute(IdentityCacheStep.java:46)
2026-09-29T10:59:24.3495623Z 	at org.gradle.internal.execution.steps.IdentityCacheStep.execute(IdentityCacheStep.java:34)
2026-09-29T10:59:24.3496766Z 	at org.gradle.internal.execution.steps.IdentifyStep.execute(IdentifyStep.java:48)
2026-09-29T10:59:24.3497825Z 	at org.gradle.internal.execution.steps.IdentifyStep.execute(IdentifyStep.java:35)
2026-09-29T10:59:24.3499039Z 	at org.gradle.internal.execution.impl.DefaultExecutionEngine$1.execute(DefaultExecutionEngine.java:61)
2026-09-29T10:59:24.3500804Z 	at org.gradle.api.internal.tasks.execution.ExecuteActionsTaskExecuter.executeIfValid(ExecuteActionsTaskExecuter.java:127)
2026-09-29T10:59:24.3502516Z 	at org.gradle.api.internal.tasks.execution.ExecuteActionsTaskExecuter.execute(ExecuteActionsTaskExecuter.java:116)
2026-09-29T10:59:24.3504265Z 	at org.gradle.api.internal.tasks.execution.FinalizePropertiesTaskExecuter.execute(FinalizePropertiesTaskExecuter.java:46)
2026-09-29T10:59:24.3506092Z 	at org.gradle.api.internal.tasks.execution.ResolveTaskExecutionModeExecuter.execute(ResolveTaskExecutionModeExecuter.java:51)
2026-09-29T10:59:24.3507832Z 	at org.gradle.api.internal.tasks.execution.SkipTaskWithNoActionsExecuter.execute(SkipTaskWithNoActionsExecuter.java:57)
2026-09-29T10:59:24.3509404Z 	at org.gradle.api.internal.tasks.execution.SkipOnlyIfTaskExecuter.execute(SkipOnlyIfTaskExecuter.java:74)
2026-09-29T10:59:24.3511187Z 	at org.gradle.api.internal.tasks.execution.CatchExceptionTaskExecuter.execute(CatchExceptionTaskExecuter.java:36)
2026-09-29T10:59:24.3512754Z 	at org.gradle.api.internal.tasks.execution.EventFiringTaskExecuter$1.executeTask(EventFiringTaskExecuter.java:77)
2026-09-29T10:59:24.3514265Z 	at org.gradle.api.internal.tasks.execution.EventFiringTaskExecuter$1.call(EventFiringTaskExecuter.java:55)
2026-09-29T10:59:24.3515703Z 	at org.gradle.api.internal.tasks.execution.EventFiringTaskExecuter$1.call(EventFiringTaskExecuter.java:52)
2026-09-29T10:59:24.3517371Z 	at org.gradle.internal.operations.DefaultBuildOperationRunner$CallableBuildOperationWorker.execute(DefaultBuildOperationRunner.java:209)
2026-09-29T10:59:24.3519354Z 	at org.gradle.internal.operations.DefaultBuildOperationRunner$CallableBuildOperationWorker.execute(DefaultBuildOperationRunner.java:204)
2026-09-29T10:59:24.3521610Z 	at org.gradle.internal.operations.DefaultBuildOperationRunner$2.execute(DefaultBuildOperationRunner.java:66)
2026-09-29T10:59:24.3523084Z 	at org.gradle.internal.operations.DefaultBuildOperationRunner$2.execute(DefaultBuildOperationRunner.java:59)
2026-09-29T10:59:24.3524565Z 	at org.gradle.internal.operations.DefaultBuildOperationRunner.execute(DefaultBuildOperationRunner.java:166)
2026-09-29T10:59:24.3526050Z 	at org.gradle.internal.operations.DefaultBuildOperationRunner.execute(DefaultBuildOperationRunner.java:59)
2026-09-29T10:59:24.3527490Z 	at org.gradle.internal.operations.DefaultBuildOperationRunner.call(DefaultBuildOperationRunner.java:53)
2026-09-29T10:59:24.3529003Z 	at org.gradle.api.internal.tasks.execution.EventFiringTaskExecuter.execute(EventFiringTaskExecuter.java:52)
2026-09-29T10:59:24.3530538Z 	at org.gradle.execution.plan.LocalTaskNodeExecutor.execute(LocalTaskNodeExecutor.java:42)
2026-09-29T10:59:24.3533437Z 	at org.gradle.execution.taskgraph.DefaultTaskExecutionGraph$InvokeNodeExecutorsAction.execute(DefaultTaskExecutionGraph.java:331)
2026-09-29T10:59:24.3535293Z 	at org.gradle.execution.taskgraph.DefaultTaskExecutionGraph$InvokeNodeExecutorsAction.execute(DefaultTaskExecutionGraph.java:318)
2026-09-29T10:59:24.3537237Z 	at org.gradle.execution.taskgraph.DefaultTaskExecutionGraph$BuildOperationAwareExecutionAction.lambda$execute$0(DefaultTaskExecutionGraph.java:314)
2026-09-29T10:59:24.3539182Z 	at org.gradle.internal.operations.CurrentBuildOperationRef.with(CurrentBuildOperationRef.java:85)
2026-09-29T10:59:24.3541138Z 	at org.gradle.execution.taskgraph.DefaultTaskExecutionGraph$BuildOperationAwareExecutionAction.execute(DefaultTaskExecutionGraph.java:314)
2026-09-29T10:59:24.3543117Z 	at org.gradle.execution.taskgraph.DefaultTaskExecutionGraph$BuildOperationAwareExecutionAction.execute(DefaultTaskExecutionGraph.java:303)
2026-09-29T10:59:24.3544788Z 	at org.gradle.execution.plan.DefaultPlanExecutor$ExecutorWorker.execute(DefaultPlanExecutor.java:459)
2026-09-29T10:59:24.3546142Z 	at org.gradle.execution.plan.DefaultPlanExecutor$ExecutorWorker.run(DefaultPlanExecutor.java:376)
2026-09-29T10:59:24.3547510Z 	at org.gradle.internal.concurrent.ExecutorPolicy$CatchAndRecordFailures.onExecute(ExecutorPolicy.java:64)
2026-09-29T10:59:24.3548862Z 	at org.gradle.internal.concurrent.AbstractManagedExecutor$1.run(AbstractManagedExecutor.java:48)
2026-09-29T10:59:24.3549611Z 
2026-09-29T10:59:24.3549625Z 
2026-09-29T10:59:24.3549784Z BUILD FAILED in 1m 20s
2026-09-29T10:59:24.4131063Z 131 actionable tasks: 131 executed
2026-09-29T10:59:24.8087611Z ##[error]Process completed with exit code 1.
2026-09-29T10:59:24.8209709Z Post job cleanup.
2026-09-29T10:59:24.9586260Z (node:2544) [DEP0040] DeprecationWarning: The `punycode` module is deprecated. Please use a userland alternative instead.
2026-09-29T10:59:24.9587550Z (Use `node --trace-deprecation ...` to show where the warning was created)
2026-09-29T10:59:24.9853929Z Post job cleanup.
2026-09-29T10:59:25.0946189Z [command]/usr/bin/git version
2026-09-29T10:59:25.1001009Z git version 2.55.0
2026-09-29T10:59:25.1053761Z Temporarily overriding HOME='/home/runner/work/_temp/819e4a70-2b92-48f8-bd70-dbb76d4a2f39' before making global git config changes
2026-09-29T10:59:25.1055541Z Adding repository directory to the temporary git global config as a safe directory
2026-09-29T10:59:25.1059137Z [command]/usr/bin/git config --global --add safe.directory /home/runner/work/bofq/bofq
2026-09-29T10:59:25.1103445Z [command]/usr/bin/git config --local --name-only --get-regexp core\.sshCommand
2026-09-29T10:59:25.1147039Z [command]/usr/bin/git submodule foreach --recursive sh -c "git config --local --name-only --get-regexp 'core\.sshCommand' && git config --local --unset-all 'core.sshCommand' || :"
2026-09-29T10:59:25.1509367Z [command]/usr/bin/git config --local --name-only --get-regexp http\.https\:\/\/github\.com\/\.extraheader
2026-09-29T10:59:25.1544887Z http.https://github.com/.extraheader
2026-09-29T10:59:25.1571972Z [command]/usr/bin/git config --local --unset-all http.https://github.com/.extraheader
2026-09-29T10:59:25.1619494Z [command]/usr/bin/git submodule foreach --recursive sh -c "git config --local --name-only --get-regexp 'http\.https\:\/\/github\.com\/\.extraheader' && git config --local --unset-all 'http.https://github.com/.extraheader' || :"
2026-09-29T10:59:25.1942276Z [command]/usr/bin/git config --local --name-only --get-regexp ^includeIf\.gitdir:
2026-09-29T10:59:25.1980035Z [command]/usr/bin/git submodule foreach --recursive git config --local --show-origin --name-only --get-regexp remote.origin.url
2026-09-29T10:59:25.2367948Z Cleaning up orphan processes
2026-09-29T10:59:25.2677069Z Terminate orphan process: pid (2492) (java)
2026-09-29T10:59:25.2687018Z ##[warning]Node.js 20 is deprecated. The following actions target Node.js 20 but are being forced to run on Node.js 24: actions/checkout@v4, actions/setup-java@v4. For more information see: https://github.blog/changelog/2025-09-19-deprecation-of-node-20-on-github-actions-runners/
