2026-09-29T05:42:00.5202842Z Current runner version: '2.337.0'
2026-09-29T05:42:00.5228956Z ##[group]Runner Image Provisioner
2026-09-29T05:42:00.5229869Z Hosted Compute Agent
2026-09-29T05:42:00.5230481Z Version: 20260828.587
2026-09-29T05:42:00.5231153Z Commit: abac92662cab4cc7352de4f9f9d2e2419aad9c29
2026-09-29T05:42:00.5231945Z Build Date: 2026-08-28T16:44:25Z
2026-09-29T05:42:00.5232960Z Worker ID: {b98bbda7-cd42-4fed-83d1-c0c1b04953a5}
2026-09-29T05:42:00.5233777Z Azure Region: eastus2
2026-09-29T05:42:00.5234364Z ##[endgroup]
2026-09-29T05:42:00.5235911Z ##[group]Operating System
2026-09-29T05:42:00.5236651Z Ubuntu
2026-09-29T05:42:00.5237178Z 24.04.5
2026-09-29T05:42:00.5237725Z LTS
2026-09-29T05:42:00.5238251Z ##[endgroup]
2026-09-29T05:42:00.5238873Z ##[group]Runner Image
2026-09-29T05:42:00.5239535Z Image: ubuntu-24.04
2026-09-29T05:42:00.5240205Z Version: 20260920.314.1
2026-09-29T05:42:00.5241507Z Included Software: https://github.com/actions/runner-images/blob/ubuntu24/20260920.314/images/ubuntu/Ubuntu2404-Readme.md
2026-09-29T05:42:00.5243319Z Image Release: https://github.com/actions/runner-images/releases/tag/ubuntu24%2F20260920.314
2026-09-29T05:42:00.5244407Z ##[endgroup]
2026-09-29T05:42:00.5246000Z ##[group]GITHUB_TOKEN Permissions
2026-09-29T05:42:00.5248290Z Contents: read
2026-09-29T05:42:00.5248947Z Metadata: read
2026-09-29T05:42:00.5249617Z Packages: read
2026-09-29T05:42:00.5250174Z ##[endgroup]
2026-09-29T05:42:00.5253112Z Secret source: Actions
2026-09-29T05:42:00.5254228Z Cache mode: write
2026-09-29T05:42:00.5254987Z Prepare workflow directory
2026-09-29T05:42:00.5587367Z Prepare all required actions
2026-09-29T05:42:00.5635427Z Getting action download info
2026-09-29T05:42:00.7641101Z Download action repository 'actions/checkout@v4' (SHA:11d5960a326750d5838078e36cf38b85af677262)
2026-09-29T05:42:00.8507114Z Download action repository 'actions/setup-java@v4' (SHA:cf277c60eb25467037889841efdb72551f06f6c3)
2026-09-29T05:42:01.1396406Z Download action repository 'actions/upload-artifact@v4' (SHA:ea165f8d65b6e75b540449e92b4886f43607fa02)
2026-09-29T05:42:01.3611542Z Complete job name: build
2026-09-29T05:42:01.4507041Z ##[group]Run actions/checkout@v4
2026-09-29T05:42:01.4507956Z with:
2026-09-29T05:42:01.4508407Z   repository: likesugar/bofq
2026-09-29T05:42:01.4512390Z   token: ***
2026-09-29T05:42:01.4512850Z   ssh-strict: true
2026-09-29T05:42:01.4513301Z   ssh-user: git
2026-09-29T05:42:01.4513753Z   persist-credentials: true
2026-09-29T05:42:01.4514252Z   clean: true
2026-09-29T05:42:01.4514706Z   sparse-checkout-cone-mode: true
2026-09-29T05:42:01.4515235Z   fetch-depth: 1
2026-09-29T05:42:01.4515662Z   fetch-tags: false
2026-09-29T05:42:01.4516108Z   show-progress: true
2026-09-29T05:42:01.4516553Z   lfs: false
2026-09-29T05:42:01.4516971Z   submodules: false
2026-09-29T05:42:01.4517427Z   set-safe-directory: true
2026-09-29T05:42:01.4517928Z   allow-unsafe-pr-checkout: false
2026-09-29T05:42:01.4518780Z ##[endgroup]
2026-09-29T05:42:01.5704121Z Syncing repository: likesugar/bofq
2026-09-29T05:42:01.5707554Z ##[group]Getting Git version info
2026-09-29T05:42:01.5708834Z Working directory is '/home/runner/work/bofq/bofq'
2026-09-29T05:42:01.5757883Z [command]/usr/bin/git version
2026-09-29T05:42:01.5869397Z git version 2.55.0
2026-09-29T05:42:01.5895298Z ##[endgroup]
2026-09-29T05:42:01.5916287Z Temporarily overriding HOME='/home/runner/work/_temp/0f1d20ac-7a69-4ed7-9060-c4ef468c67d1' before making global git config changes
2026-09-29T05:42:01.5918752Z Adding repository directory to the temporary git global config as a safe directory
2026-09-29T05:42:01.5924409Z [command]/usr/bin/git config --global --add safe.directory /home/runner/work/bofq/bofq
2026-09-29T05:42:01.5995076Z Deleting the contents of '/home/runner/work/bofq/bofq'
2026-09-29T05:42:01.6004119Z ##[group]Initializing the repository
2026-09-29T05:42:01.6005721Z [command]/usr/bin/git init /home/runner/work/bofq/bofq
2026-09-29T05:42:01.6138199Z hint: Using 'master' as the name for the initial branch. This default branch name
2026-09-29T05:42:01.6140401Z hint: will change to "main" in Git 3.0. To configure the initial branch name
2026-09-29T05:42:01.6162928Z hint: to use in all of your new repositories, which will suppress this warning,
2026-09-29T05:42:01.6164760Z hint: call:
2026-09-29T05:42:01.6165321Z hint:
2026-09-29T05:42:01.6165886Z hint: 	git config --global init.defaultBranch <name>
2026-09-29T05:42:01.6166515Z hint:
2026-09-29T05:42:01.6167123Z hint: Names commonly chosen instead of 'master' are 'main', 'trunk' and
2026-09-29T05:42:01.6168078Z hint: 'development'. The just-created branch can be renamed via this command:
2026-09-29T05:42:01.6168842Z hint:
2026-09-29T05:42:01.6169272Z hint: 	git branch -m <name>
2026-09-29T05:42:01.6169764Z hint:
2026-09-29T05:42:01.6170400Z hint: Disable this message with "git config set advice.defaultBranchName false"
2026-09-29T05:42:01.6171346Z Initialized empty Git repository in /home/runner/work/bofq/bofq/.git/
2026-09-29T05:42:01.6173737Z [command]/usr/bin/git remote add origin https://github.com/likesugar/bofq
2026-09-29T05:42:01.6221215Z ##[endgroup]
2026-09-29T05:42:01.6223092Z ##[group]Disabling automatic garbage collection
2026-09-29T05:42:01.6226516Z [command]/usr/bin/git config --local gc.auto 0
2026-09-29T05:42:01.6274861Z ##[endgroup]
2026-09-29T05:42:01.6275906Z ##[group]Setting up auth
2026-09-29T05:42:01.6287023Z [command]/usr/bin/git config --local --name-only --get-regexp core\.sshCommand
2026-09-29T05:42:01.6337273Z [command]/usr/bin/git submodule foreach --recursive sh -c "git config --local --name-only --get-regexp 'core\.sshCommand' && git config --local --unset-all 'core.sshCommand' || :"
2026-09-29T05:42:01.6743651Z [command]/usr/bin/git config --local --name-only --get-regexp http\.https\:\/\/github\.com\/\.extraheader
2026-09-29T05:42:01.6774918Z [command]/usr/bin/git submodule foreach --recursive sh -c "git config --local --name-only --get-regexp 'http\.https\:\/\/github\.com\/\.extraheader' && git config --local --unset-all 'http.https://github.com/.extraheader' || :"
2026-09-29T05:42:01.7033087Z [command]/usr/bin/git config --local --name-only --get-regexp ^includeIf\.gitdir:
2026-09-29T05:42:01.7073244Z [command]/usr/bin/git submodule foreach --recursive git config --local --show-origin --name-only --get-regexp remote.origin.url
2026-09-29T05:42:01.7301686Z [command]/usr/bin/git config --local http.https://github.com/.extraheader AUTHORIZATION: basic ***
2026-09-29T05:42:01.7344605Z ##[endgroup]
2026-09-29T05:42:01.7345675Z ##[group]Fetching the repository
2026-09-29T05:42:01.7355370Z [command]/usr/bin/git -c protocol.version=2 fetch --no-tags --prune --no-recurse-submodules --depth=1 origin +c7e2560cbcae6e8533641dbd9eec83e11a3a178a:refs/remotes/origin/main
2026-09-29T05:42:02.5142759Z From https://github.com/likesugar/bofq
2026-09-29T05:42:02.5144934Z  * [new ref]         c7e2560cbcae6e8533641dbd9eec83e11a3a178a -> origin/main
2026-09-29T05:42:02.5149684Z ##[endgroup]
2026-09-29T05:42:02.5150782Z ##[group]Determining the checkout info
2026-09-29T05:42:02.5151915Z ##[endgroup]
2026-09-29T05:42:02.5161063Z [command]/usr/bin/git sparse-checkout disable
2026-09-29T05:42:02.5223645Z [command]/usr/bin/git config --local --unset-all extensions.worktreeConfig
2026-09-29T05:42:02.5265309Z ##[group]Checking out the ref
2026-09-29T05:42:02.5272655Z [command]/usr/bin/git checkout --progress --force -B main refs/remotes/origin/main
2026-09-29T05:42:02.7194845Z Switched to a new branch 'main'
2026-09-29T05:42:02.7203658Z branch 'main' set up to track 'origin/main'.
2026-09-29T05:42:02.7214403Z ##[endgroup]
2026-09-29T05:42:02.7264888Z [command]/usr/bin/git log -1 --format=%H
2026-09-29T05:42:02.7293987Z c7e2560cbcae6e8533641dbd9eec83e11a3a178a
2026-09-29T05:42:02.7812279Z ##[group]Run actions/setup-java@v4
2026-09-29T05:42:02.7813540Z with:
2026-09-29T05:42:02.7814461Z   distribution: temurin
2026-09-29T05:42:02.7815484Z   java-version: 17
2026-09-29T05:42:02.7816450Z   java-package: jdk
2026-09-29T05:42:02.7817433Z   check-latest: false
2026-09-29T05:42:02.7818452Z   server-id: github
2026-09-29T05:42:02.7819714Z   server-username: GITHUB_ACTOR
2026-09-29T05:42:02.7820859Z   server-password: GITHUB_TOKEN
2026-09-29T05:42:02.7822141Z   overwrite-settings: true
2026-09-29T05:42:02.7823195Z   job-status: success
2026-09-29T05:42:02.7831660Z   token: ***
2026-09-29T05:42:02.7832815Z ##[endgroup]
2026-09-29T05:42:02.9666077Z ##[warning]setup-java v4 is deprecated and will no longer receive updates. Please migrate to actions/setup-java@v5.
2026-09-29T05:42:02.9677892Z ##[group]Installed distributions
2026-09-29T05:42:02.9866199Z Resolved Java 17.0.20+1 from tool-cache
2026-09-29T05:42:02.9866924Z Setting Java 17.0.20+1 as the default
2026-09-29T05:42:02.9879280Z (node:2231) [DEP0040] DeprecationWarning: The `punycode` module is deprecated. Please use a userland alternative instead.
2026-09-29T05:42:02.9880730Z (Use `node --trace-deprecation ...` to show where the warning was created)
2026-09-29T05:42:02.9884146Z Creating toolchains.xml for JDK version 17 from temurin
2026-09-29T05:42:02.9964414Z Writing to /home/runner/.m2/toolchains.xml
2026-09-29T05:42:02.9965067Z 
2026-09-29T05:42:02.9965308Z Java configuration:
2026-09-29T05:42:02.9965897Z   Distribution: temurin
2026-09-29T05:42:02.9966436Z   Version: 17.0.20+1
2026-09-29T05:42:02.9967113Z   Path: /opt/hostedtoolcache/Java_Temurin-Hotspot_jdk/17.0.20-1/x64
2026-09-29T05:42:02.9967685Z 
2026-09-29T05:42:02.9968773Z ##[endgroup]
2026-09-29T05:42:02.9990246Z Creating settings.xml with server-id: github
2026-09-29T05:42:02.9992968Z Writing to /home/runner/.m2/settings.xml
2026-09-29T05:42:03.0206278Z ##[group]Run chmod +x gradlew
2026-09-29T05:42:03.0206812Z [36;1mchmod +x gradlew[0m
2026-09-29T05:42:03.0207284Z [36;1m./gradlew :dkplayer-sample:assembleRelease --no-daemon --stacktrace[0m
2026-09-29T05:42:03.0531227Z shell: /usr/bin/bash -e {0}
2026-09-29T05:42:03.0531632Z env:
2026-09-29T05:42:03.0532249Z   JAVA_HOME: /opt/hostedtoolcache/Java_Temurin-Hotspot_jdk/17.0.20-1/x64
2026-09-29T05:42:03.0532884Z   JAVA_HOME_17_X64: /opt/hostedtoolcache/Java_Temurin-Hotspot_jdk/17.0.20-1/x64
2026-09-29T05:42:03.0533374Z ##[endgroup]
2026-09-29T05:42:03.2617903Z Downloading https://mirrors.cloud.tencent.com/gradle/gradle-8.11.1-bin.zip
2026-09-29T05:42:05.4745434Z ..............................................................................................................................................................................................................................................................................................................................................................................................................................................................................................................................................................................................................................................................................................................................................................................................................................................................................................................................................................................................................................................................................................................................................................................................................................................................................................................................................................................................................................................................................................................................................................................................................................................................................................................................................................................................................................................................................................................................................................................................................................................................................................................................................................................................................................................................................................................................................................................................................................................................................................................................................................................................................................................................................................................................................................................................................................................................................................................................................................................................................................................................................................................................................................................................................................................................................................................................................................................................................................................................................................................................................................................................................................................................................................................................................................................................................................................................................................................................................................................................................................................................................................................................................................................................................................................................................................................................................................................................................................................................................................................................................................................................................................................................................................................................................................................................................................................................................................................................................................................................................................................................................................................................................................................................................................................................................................................................................................................................................................................................................................................................................................................................................................................................................................................................................................................................................................................................................................................................................................................................................................................................................................................................................................................................................................................................................................................................................................................................................................................................................................................................................................................................................................................................................................................................................................................................................................................................................................................................................................................................................................................................................................................................
2026-09-29T05:42:05.4760316Z Unzipping /home/runner/.gradle/wrapper/dists/gradle-8.11.1-bin/eac4u065zwes5phgltp5f9b9e/gradle-8.11.1-bin.zip to /home/runner/.gradle/wrapper/dists/gradle-8.11.1-bin/eac4u065zwes5phgltp5f9b9e
2026-09-29T05:42:06.1945623Z Set executable permissions for: /home/runner/.gradle/wrapper/dists/gradle-8.11.1-bin/eac4u065zwes5phgltp5f9b9e/gradle-8.11.1/bin/gradle
2026-09-29T05:42:06.6798170Z 
2026-09-29T05:42:06.6800877Z Welcome to Gradle 8.11.1!
2026-09-29T05:42:06.6801634Z 
2026-09-29T05:42:06.6802234Z Here are the highlights of this release:
2026-09-29T05:42:06.6803552Z  - Parallel load and store for Configuration Cache
2026-09-29T05:42:06.6804246Z  - Java compilation errors at the end of the build output
2026-09-29T05:42:06.6804899Z  - Consolidated report for warnings and deprecations
2026-09-29T05:42:06.6805311Z 
2026-09-29T05:42:06.6805706Z For more details see https://docs.gradle.org/8.11.1/release-notes.html
2026-09-29T05:42:06.6806245Z 
2026-09-29T05:42:06.7785853Z To honour the JVM settings for this build a single-use Daemon process will be forked. For more on this, please refer to https://docs.gradle.org/8.11.1/userguide/gradle_daemon.html#sec:disabling_the_daemon in the Gradle documentation.
2026-09-29T05:42:08.1785112Z Daemon will be stopped at the end of the build 
2026-09-29T05:42:44.4794627Z WARNING: The specified Android SDK Build Tools version (34.0.0) is ignored, as it is below the minimum supported version (35.0.0) for Android Gradle Plugin 8.9.1.
2026-09-29T05:42:44.4803454Z Android SDK Build Tools 35.0.0 will be used.
2026-09-29T05:42:44.4805304Z To suppress this warning, remove "buildToolsVersion '34.0.0'" from your build.gradle file, as each version of the Android Gradle Plugin now has a default version of the build tools.
2026-09-29T05:42:45.3836368Z > Task :dkplayer-java:preBuild UP-TO-DATE
2026-09-29T05:42:45.3846254Z > Task :dkplayer-java:preReleaseBuild UP-TO-DATE
2026-09-29T05:42:45.4787168Z > Task :dkplayer-java:mergeReleaseJniLibFolders
2026-09-29T05:42:45.4790646Z > Task :dkplayer-java:mergeReleaseNativeLibs NO-SOURCE
2026-09-29T05:42:45.5779016Z > Task :dkplayer-sample:preBuild UP-TO-DATE
2026-09-29T05:42:45.5779751Z > Task :dkplayer-sample:preReleaseBuild UP-TO-DATE
2026-09-29T05:42:45.5780684Z > Task :dkplayer-java:copyReleaseJniLibsProjectOnly
2026-09-29T05:42:45.5813068Z > Task :dkplayer-sample:mergeReleaseJniLibFolders
2026-09-29T05:42:45.5853071Z > Task :dkplayer-ui:preBuild UP-TO-DATE
2026-09-29T05:42:45.5873168Z > Task :dkplayer-ui:preReleaseBuild UP-TO-DATE
2026-09-29T05:42:45.5877217Z > Task :dkplayer-ui:mergeReleaseJniLibFolders
2026-09-29T05:42:45.5878381Z > Task :dkplayer-ui:mergeReleaseNativeLibs NO-SOURCE
2026-09-29T05:42:45.5902825Z > Task :dkplayer-videocache:preBuild UP-TO-DATE
2026-09-29T05:42:45.5953095Z > Task :dkplayer-videocache:preReleaseBuild UP-TO-DATE
2026-09-29T05:42:45.5953935Z > Task :dkplayer-ui:copyReleaseJniLibsProjectOnly
2026-09-29T05:42:45.5954650Z > Task :dkplayer-videocache:mergeReleaseJniLibFolders
2026-09-29T05:42:45.5955448Z > Task :dkplayer-videocache:mergeReleaseNativeLibs NO-SOURCE
2026-09-29T05:42:45.5956267Z > Task :dkplayer-players:exo:preBuild UP-TO-DATE
2026-09-29T05:42:45.5957463Z > Task :dkplayer-videocache:copyReleaseJniLibsProjectOnly
2026-09-29T05:42:45.5958237Z > Task :dkplayer-players:exo:preReleaseBuild UP-TO-DATE
2026-09-29T05:42:45.5958969Z > Task :dkplayer-players:exo:mergeReleaseJniLibFolders
2026-09-29T05:42:45.5959703Z > Task :dkplayer-players:exo:mergeReleaseNativeLibs NO-SOURCE
2026-09-29T05:42:45.5960416Z > Task :dkplayer-players:ijk:preBuild UP-TO-DATE
2026-09-29T05:42:45.5961062Z > Task :dkplayer-players:ijk:preReleaseBuild UP-TO-DATE
2026-09-29T05:42:45.5961812Z > Task :dkplayer-players:exo:copyReleaseJniLibsProjectOnly
2026-09-29T05:42:45.7833416Z > Task :dkplayer-players:ijk:mergeReleaseJniLibFolders
2026-09-29T05:42:45.7853170Z > Task :dkplayer-java:generateReleaseBuildConfig
2026-09-29T05:42:45.7854281Z > Task :dkplayer-java:generateReleaseResValues
2026-09-29T05:42:45.8785406Z > Task :dkplayer-java:generateReleaseResources
2026-09-29T05:42:45.9779344Z > Task :dkplayer-players:ijk:mergeReleaseNativeLibs
2026-09-29T05:42:45.9780113Z > Task :dkplayer-java:packageReleaseResources
2026-09-29T05:42:46.0778521Z > Task :dkplayer-players:ijk:copyReleaseJniLibsProjectOnly
2026-09-29T05:42:47.3789082Z > Task :dkplayer-java:parseReleaseLocalResources
2026-09-29T05:42:56.4809553Z > Task :dkplayer-java:javaPreCompileRelease
2026-09-29T05:42:56.4851568Z > Task :dkplayer-ui:generateReleaseResValues
2026-09-29T05:42:56.5779148Z > Task :dkplayer-java:generateReleaseRFile
2026-09-29T05:42:56.5781083Z > Task :dkplayer-sample:mergeReleaseNativeLibs
2026-09-29T05:42:56.5782443Z > Task :dkplayer-ui:generateReleaseResources
2026-09-29T05:42:56.6782580Z 
2026-09-29T05:42:56.6785087Z > Task :dkplayer-sample:stripReleaseDebugSymbols
2026-09-29T05:42:56.6786180Z Unable to strip the following libraries, packaging them as they are: libijkffmpeg.so, libijkplayer.so, libijksdl.so, librtmp-jni.so.
2026-09-29T05:42:58.8784870Z 
2026-09-29T05:42:58.8793894Z Note: Some input files use or override a deprecated API.
2026-09-29T05:42:58.8794676Z > Task :dkplayer-java:compileReleaseJavaWithJavac
2026-09-29T05:42:58.8813131Z Note: Recompile with -Xlint:deprecation for details.
2026-09-29T05:42:58.8814734Z Note: /home/runner/work/bofq/bofq/dkplayer-java/src/main/java/xyz/doikki/videoplayer/player/BaseVideoView.java uses unchecked or unsafe operations.
2026-09-29T05:42:58.8816220Z Note: Recompile with -Xlint:unchecked for details.
2026-09-29T05:42:59.0778341Z 
2026-09-29T05:42:59.0779310Z > Task :dkplayer-sample:extractReleaseNativeSymbolTables
2026-09-29T05:42:59.0782286Z > Task :dkplayer-sample:mergeReleaseNativeDebugMetadata NO-SOURCE
2026-09-29T05:42:59.0811606Z > Task :dkplayer-java:bundleLibCompileToJarRelease
2026-09-29T05:42:59.1813256Z > Task :dkplayer-ui:packageReleaseResources
2026-09-29T05:42:59.2804619Z > Task :dkplayer-ui:javaPreCompileRelease
2026-09-29T05:42:59.2844801Z > Task :dkplayer-players:exo:generateReleaseResValues
2026-09-29T05:42:59.2871708Z > Task :dkplayer-players:exo:generateReleaseResources
2026-09-29T05:42:59.2932817Z > Task :dkplayer-players:exo:packageReleaseResources
2026-09-29T05:42:59.2933758Z > Task :dkplayer-players:exo:javaPreCompileRelease
2026-09-29T05:42:59.2934413Z > Task :dkplayer-players:exo:parseReleaseLocalResources
2026-09-29T05:42:59.2935061Z > Task :dkplayer-java:mergeReleaseGeneratedProguardFiles
2026-09-29T05:42:59.2935655Z > Task :dkplayer-ui:parseReleaseLocalResources
2026-09-29T05:42:59.3803173Z > Task :dkplayer-players:exo:generateReleaseRFile
2026-09-29T05:42:59.3862953Z > Task :dkplayer-ui:generateReleaseRFile
2026-09-29T05:43:00.9777720Z 
2026-09-29T05:43:00.9779130Z Note: /home/runner/work/bofq/bofq/dkplayer-players/exo/src/main/java/xyz/doikki/videoplayer/exo/ExoMediaPlayer.java uses or overrides a deprecated API.
2026-09-29T05:43:00.9793508Z Note: Recompile with -Xlint:deprecation for details.
2026-09-29T05:43:00.9794634Z > Task :dkplayer-players:exo:compileReleaseJavaWithJavac
2026-09-29T05:43:01.2780976Z 
2026-09-29T05:43:01.2803210Z > Task :dkplayer-ui:compileReleaseJavaWithJavac
2026-09-29T05:43:01.2809971Z > Task :dkplayer-ui:mergeReleaseGeneratedProguardFiles
2026-09-29T05:43:01.2823864Z > Task :dkplayer-players:exo:mergeReleaseGeneratedProguardFiles
2026-09-29T05:43:01.2824892Z > Task :dkplayer-ui:exportReleaseConsumerProguardFiles
2026-09-29T05:43:01.2825887Z > Task :dkplayer-players:exo:exportReleaseConsumerProguardFiles
2026-09-29T05:43:01.2826835Z > Task :dkplayer-java:exportReleaseConsumerProguardFiles
2026-09-29T05:43:01.2827731Z > Task :dkplayer-players:ijk:generateReleaseResValues
2026-09-29T05:43:01.2828603Z > Task :dkplayer-players:ijk:generateReleaseResources
2026-09-29T05:43:01.3796161Z > Task :dkplayer-players:ijk:packageReleaseResources
2026-09-29T05:43:01.3797212Z > Task :dkplayer-players:ijk:javaPreCompileRelease
2026-09-29T05:43:01.3798116Z > Task :dkplayer-videocache:generateReleaseResValues
2026-09-29T05:43:01.3798968Z > Task :dkplayer-players:ijk:parseReleaseLocalResources
2026-09-29T05:43:01.3822708Z > Task :dkplayer-videocache:generateReleaseResources
2026-09-29T05:43:01.3852666Z > Task :dkplayer-players:ijk:generateReleaseRFile
2026-09-29T05:43:01.3869958Z > Task :dkplayer-videocache:packageReleaseResources
2026-09-29T05:43:01.7785078Z 
2026-09-29T05:43:01.7788859Z Note: Some input files use or override a deprecated API.
2026-09-29T05:43:01.7806838Z > Task :dkplayer-players:ijk:compileReleaseJavaWithJavac
2026-09-29T05:43:01.7816229Z Note: Recompile with -Xlint:deprecation for details.
2026-09-29T05:43:01.8792684Z 
2026-09-29T05:43:01.8820812Z > Task :dkplayer-players:ijk:mergeReleaseGeneratedProguardFiles
2026-09-29T05:43:01.8824226Z > Task :dkplayer-players:ijk:exportReleaseConsumerProguardFiles
2026-09-29T05:43:01.8852938Z > Task :dkplayer-videocache:parseReleaseLocalResources
2026-09-29T05:43:01.8882849Z > Task :dkplayer-videocache:javaPreCompileRelease
2026-09-29T05:43:01.8902527Z > Task :dkplayer-java:bundleLibRuntimeToJarRelease
2026-09-29T05:43:01.8924811Z > Task :dkplayer-sample:buildKotlinToolingMetadata
2026-09-29T05:43:01.8943749Z > Task :dkplayer-videocache:generateReleaseRFile
2026-09-29T05:43:02.3781323Z > Task :dkplayer-sample:checkReleaseDuplicateClasses
2026-09-29T05:43:02.6791216Z > Task :dkplayer-videocache:compileReleaseJavaWithJavac
2026-09-29T05:43:02.6803074Z > Task :dkplayer-videocache:mergeReleaseGeneratedProguardFiles
2026-09-29T05:43:02.6804322Z > Task :dkplayer-videocache:exportReleaseConsumerProguardFiles
2026-09-29T05:43:02.6805530Z > Task :dkplayer-sample:checkKotlinGradlePluginConfigurationErrors
2026-09-29T05:43:02.6806806Z > Task :dkplayer-sample:generateReleaseBuildConfig
2026-09-29T05:43:02.6807760Z > Task :dkplayer-java:writeReleaseAarMetadata
2026-09-29T05:43:02.6811883Z > Task :dkplayer-ui:writeReleaseAarMetadata
2026-09-29T05:43:02.6813103Z > Task :dkplayer-videocache:writeReleaseAarMetadata
2026-09-29T05:43:02.7793351Z > Task :dkplayer-players:exo:writeReleaseAarMetadata
2026-09-29T05:43:02.7812888Z > Task :dkplayer-sample:generateReleaseResValues
2026-09-29T05:43:02.7827546Z > Task :dkplayer-players:ijk:writeReleaseAarMetadata
2026-09-29T05:43:02.8780679Z > Task :dkplayer-sample:checkReleaseAarMetadata
2026-09-29T05:43:02.9785955Z > Task :dkplayer-sample:mapReleaseSourceSetPaths
2026-09-29T05:43:02.9803077Z > Task :dkplayer-sample:generateReleaseResources
2026-09-29T05:43:05.5813389Z > Task :dkplayer-sample:createReleaseCompatibleScreenManifests
2026-09-29T05:43:05.5843084Z > Task :dkplayer-java:extractDeepLinksRelease
2026-09-29T05:43:05.6795704Z > Task :dkplayer-sample:extractDeepLinksRelease
2026-09-29T05:43:05.6833088Z > Task :dkplayer-ui:extractDeepLinksRelease
2026-09-29T05:43:05.7783282Z > Task :dkplayer-videocache:extractDeepLinksRelease
2026-09-29T05:43:05.7817584Z > Task :dkplayer-videocache:processReleaseManifest
2026-09-29T05:43:05.7818310Z > Task :dkplayer-java:processReleaseManifest
2026-09-29T05:43:05.7892343Z > Task :dkplayer-ui:processReleaseManifest
2026-09-29T05:43:05.7932848Z > Task :dkplayer-players:exo:extractDeepLinksRelease
2026-09-29T05:43:05.8000071Z > Task :dkplayer-players:exo:processReleaseManifest
2026-09-29T05:43:05.8033618Z > Task :dkplayer-players:ijk:extractDeepLinksRelease
2026-09-29T05:43:05.8778929Z > Task :dkplayer-players:ijk:processReleaseManifest
2026-09-29T05:43:05.8793745Z > Task :dkplayer-ui:bundleLibCompileToJarRelease
2026-09-29T05:43:05.8794640Z > Task :dkplayer-videocache:bundleLibCompileToJarRelease
2026-09-29T05:43:06.1778754Z > Task :dkplayer-sample:mergeReleaseResources
2026-09-29T05:43:06.3782471Z > Task :dkplayer-sample:processReleaseMainManifest
2026-09-29T05:43:06.4795255Z > Task :dkplayer-sample:processReleaseManifest
2026-09-29T05:43:06.4817399Z > Task :dkplayer-players:exo:bundleLibCompileToJarRelease
2026-09-29T05:43:06.4822921Z > Task :dkplayer-sample:processReleaseManifestForPackage
2026-09-29T05:43:06.4823844Z > Task :dkplayer-players:ijk:bundleLibCompileToJarRelease
2026-09-29T05:43:06.7803715Z > Task :dkplayer-java:prepareReleaseArtProfile
2026-09-29T05:43:06.7842977Z > Task :dkplayer-sample:javaPreCompileRelease
2026-09-29T05:43:06.7872947Z > Task :dkplayer-ui:prepareReleaseArtProfile
2026-09-29T05:43:06.7873886Z > Task :dkplayer-videocache:prepareReleaseArtProfile
2026-09-29T05:43:06.7902824Z > Task :dkplayer-players:exo:prepareReleaseArtProfile
2026-09-29T05:43:06.7932749Z > Task :dkplayer-players:ijk:prepareReleaseArtProfile
2026-09-29T05:43:06.8791336Z > Task :dkplayer-sample:mergeReleaseArtProfile
2026-09-29T05:43:06.9782241Z > Task :dkplayer-ui:bundleLibRuntimeToJarRelease
2026-09-29T05:43:06.9821464Z > Task :dkplayer-videocache:bundleLibRuntimeToJarRelease
2026-09-29T05:43:06.9852990Z > Task :dkplayer-players:exo:bundleLibRuntimeToJarRelease
2026-09-29T05:43:06.9853834Z > Task :dkplayer-players:ijk:bundleLibRuntimeToJarRelease
2026-09-29T05:43:06.9879510Z > Task :dkplayer-sample:extractProguardFiles
2026-09-29T05:43:06.9912648Z > Task :dkplayer-java:processReleaseJavaRes NO-SOURCE
2026-09-29T05:43:06.9942916Z > Task :dkplayer-ui:processReleaseJavaRes NO-SOURCE
2026-09-29T05:43:06.9974323Z > Task :dkplayer-videocache:processReleaseJavaRes NO-SOURCE
2026-09-29T05:43:07.0003157Z > Task :dkplayer-players:exo:processReleaseJavaRes NO-SOURCE
2026-09-29T05:43:07.0007414Z > Task :dkplayer-players:ijk:processReleaseJavaRes NO-SOURCE
2026-09-29T05:43:07.0033383Z > Task :dkplayer-sample:mergeReleaseStartupProfile
2026-09-29T05:43:07.0062642Z > Task :dkplayer-java:mergeReleaseShaders
2026-09-29T05:43:07.0072705Z > Task :dkplayer-java:compileReleaseShaders NO-SOURCE
2026-09-29T05:43:07.0105248Z > Task :dkplayer-java:generateReleaseAssets UP-TO-DATE
2026-09-29T05:43:07.0140325Z > Task :dkplayer-java:mergeReleaseAssets
2026-09-29T05:43:07.0162836Z > Task :dkplayer-sample:mergeReleaseShaders
2026-09-29T05:43:07.0778468Z > Task :dkplayer-sample:compileReleaseShaders NO-SOURCE
2026-09-29T05:43:07.0792904Z > Task :dkplayer-sample:generateReleaseAssets UP-TO-DATE
2026-09-29T05:43:07.0793587Z > Task :dkplayer-ui:mergeReleaseShaders
2026-09-29T05:43:07.0796978Z > Task :dkplayer-ui:compileReleaseShaders NO-SOURCE
2026-09-29T05:43:07.0830494Z > Task :dkplayer-ui:generateReleaseAssets UP-TO-DATE
2026-09-29T05:43:07.0874357Z > Task :dkplayer-ui:mergeReleaseAssets
2026-09-29T05:43:07.0904246Z > Task :dkplayer-videocache:mergeReleaseShaders
2026-09-29T05:43:07.0924733Z > Task :dkplayer-videocache:compileReleaseShaders NO-SOURCE
2026-09-29T05:43:07.0930126Z > Task :dkplayer-videocache:generateReleaseAssets UP-TO-DATE
2026-09-29T05:43:07.0931000Z > Task :dkplayer-videocache:mergeReleaseAssets
2026-09-29T05:43:07.0931914Z > Task :dkplayer-players:exo:mergeReleaseShaders
2026-09-29T05:43:07.0932916Z > Task :dkplayer-players:exo:compileReleaseShaders NO-SOURCE
2026-09-29T05:43:07.0933753Z > Task :dkplayer-players:exo:generateReleaseAssets UP-TO-DATE
2026-09-29T05:43:07.0934533Z > Task :dkplayer-players:exo:mergeReleaseAssets
2026-09-29T05:43:07.0962975Z > Task :dkplayer-players:ijk:mergeReleaseShaders
2026-09-29T05:43:07.0972568Z > Task :dkplayer-players:ijk:compileReleaseShaders NO-SOURCE
2026-09-29T05:43:07.0982665Z > Task :dkplayer-players:ijk:generateReleaseAssets UP-TO-DATE
2026-09-29T05:43:07.1009831Z > Task :dkplayer-players:ijk:mergeReleaseAssets
2026-09-29T05:43:07.1783511Z > Task :dkplayer-sample:mergeReleaseAssets
2026-09-29T05:43:07.1784143Z > Task :dkplayer-sample:compressReleaseAssets
2026-09-29T05:43:07.2793362Z > Task :dkplayer-sample:extractReleaseVersionControlInfo
2026-09-29T05:43:07.3778226Z > Task :dkplayer-sample:collectReleaseDependencies
2026-09-29T05:43:07.3810837Z > Task :dkplayer-sample:sdkReleaseDependencyData
2026-09-29T05:43:07.4783428Z > Task :dkplayer-sample:validateSigningRelease
2026-09-29T05:43:07.4784176Z > Task :dkplayer-sample:writeReleaseAppMetadata
2026-09-29T05:43:07.4784859Z > Task :dkplayer-sample:writeReleaseSigningConfigVersions
2026-09-29T05:43:07.6779953Z > Task :dkplayer-sample:processReleaseResources
2026-09-29T05:43:23.6778249Z 
2026-09-29T05:43:23.6778928Z > Task :dkplayer-sample:compileReleaseKotlin FAILED
2026-09-29T05:43:23.6794816Z e: file:///home/runner/work/bofq/bofq/dkplayer-sample/src/main/java/xyz/doikki/dkplayer/activity/api/PlayerActivity.kt:76:24 Cannot access 'startFullScreen': it is protected in 'StandardVideoController'
2026-09-29T05:43:23.7785485Z [Incubating] Problems report is available at: file:///home/runner/work/bofq/bofq/build/reports/problems/problems-report.html
2026-09-29T05:43:23.7826423Z 
2026-09-29T05:43:23.7841806Z FAILURE: Build failed with an exception.
2026-09-29T05:43:23.7843204Z 130 actionable tasks: 130 executed
2026-09-29T05:43:23.7852607Z 
2026-09-29T05:43:23.7852830Z * What went wrong:
2026-09-29T05:43:23.7853773Z Execution failed for task ':dkplayer-sample:compileReleaseKotlin'.
2026-09-29T05:43:23.7855292Z > A failure occurred while executing org.jetbrains.kotlin.compilerRunner.GradleCompilerRunnerWithWorkers$GradleKotlinCompilerWorkAction
2026-09-29T05:43:23.7856480Z    > Compilation error. See log for more details
2026-09-29T05:43:23.7856843Z 
2026-09-29T05:43:23.7856968Z * Try:
2026-09-29T05:43:23.7857385Z > Run with --info or --debug option to get more log output.
2026-09-29T05:43:23.7857957Z > Run with --scan to get full insights.
2026-09-29T05:43:23.7858476Z > Get more help at https://help.gradle.org.
2026-09-29T05:43:23.7858838Z 
2026-09-29T05:43:23.7858978Z * Exception is:
2026-09-29T05:43:23.7859789Z org.gradle.api.tasks.TaskExecutionException: Execution failed for task ':dkplayer-sample:compileReleaseKotlin'.
2026-09-29T05:43:23.7861396Z 	at org.gradle.api.internal.tasks.execution.ExecuteActionsTaskExecuter.lambda$executeIfValid$1(ExecuteActionsTaskExecuter.java:130)
2026-09-29T05:43:23.7862994Z 	at org.gradle.internal.Try$Failure.ifSuccessfulOrElse(Try.java:293)
2026-09-29T05:43:23.7893690Z 	at org.gradle.api.internal.tasks.execution.ExecuteActionsTaskExecuter.executeIfValid(ExecuteActionsTaskExecuter.java:128)
2026-09-29T05:43:23.7895348Z 	at org.gradle.api.internal.tasks.execution.ExecuteActionsTaskExecuter.execute(ExecuteActionsTaskExecuter.java:116)
2026-09-29T05:43:23.7897025Z 	at org.gradle.api.internal.tasks.execution.FinalizePropertiesTaskExecuter.execute(FinalizePropertiesTaskExecuter.java:46)
2026-09-29T05:43:23.7898785Z 	at org.gradle.api.internal.tasks.execution.ResolveTaskExecutionModeExecuter.execute(ResolveTaskExecutionModeExecuter.java:51)
2026-09-29T05:43:23.7900490Z 	at org.gradle.api.internal.tasks.execution.SkipTaskWithNoActionsExecuter.execute(SkipTaskWithNoActionsExecuter.java:57)
2026-09-29T05:43:23.7902361Z 	at org.gradle.api.internal.tasks.execution.SkipOnlyIfTaskExecuter.execute(SkipOnlyIfTaskExecuter.java:74)
2026-09-29T05:43:23.7903887Z 	at org.gradle.api.internal.tasks.execution.CatchExceptionTaskExecuter.execute(CatchExceptionTaskExecuter.java:36)
2026-09-29T05:43:23.7905368Z 	at org.gradle.api.internal.tasks.execution.EventFiringTaskExecuter$1.executeTask(EventFiringTaskExecuter.java:77)
2026-09-29T05:43:23.7906833Z 	at org.gradle.api.internal.tasks.execution.EventFiringTaskExecuter$1.call(EventFiringTaskExecuter.java:55)
2026-09-29T05:43:23.7908252Z 	at org.gradle.api.internal.tasks.execution.EventFiringTaskExecuter$1.call(EventFiringTaskExecuter.java:52)
2026-09-29T05:43:23.7910280Z 	at org.gradle.internal.operations.DefaultBuildOperationRunner$CallableBuildOperationWorker.execute(DefaultBuildOperationRunner.java:209)
2026-09-29T05:43:23.7913715Z 	at org.gradle.internal.operations.DefaultBuildOperationRunner$CallableBuildOperationWorker.execute(DefaultBuildOperationRunner.java:204)
2026-09-29T05:43:23.7915425Z 	at org.gradle.internal.operations.DefaultBuildOperationRunner$2.execute(DefaultBuildOperationRunner.java:66)
2026-09-29T05:43:23.7917014Z 	at org.gradle.internal.operations.DefaultBuildOperationRunner$2.execute(DefaultBuildOperationRunner.java:59)
2026-09-29T05:43:23.7918484Z 	at org.gradle.internal.operations.DefaultBuildOperationRunner.execute(DefaultBuildOperationRunner.java:166)
2026-09-29T05:43:23.7919972Z 	at org.gradle.internal.operations.DefaultBuildOperationRunner.execute(DefaultBuildOperationRunner.java:59)
2026-09-29T05:43:23.7921423Z 	at org.gradle.internal.operations.DefaultBuildOperationRunner.call(DefaultBuildOperationRunner.java:53)
2026-09-29T05:43:23.7923219Z 	at org.gradle.api.internal.tasks.execution.EventFiringTaskExecuter.execute(EventFiringTaskExecuter.java:52)
2026-09-29T05:43:23.7924549Z 	at org.gradle.execution.plan.LocalTaskNodeExecutor.execute(LocalTaskNodeExecutor.java:42)
2026-09-29T05:43:23.7925971Z 	at org.gradle.execution.taskgraph.DefaultTaskExecutionGraph$InvokeNodeExecutorsAction.execute(DefaultTaskExecutionGraph.java:331)
2026-09-29T05:43:23.7927688Z 	at org.gradle.execution.taskgraph.DefaultTaskExecutionGraph$InvokeNodeExecutorsAction.execute(DefaultTaskExecutionGraph.java:318)
2026-09-29T05:43:23.7929882Z 	at org.gradle.execution.taskgraph.DefaultTaskExecutionGraph$BuildOperationAwareExecutionAction.lambda$execute$0(DefaultTaskExecutionGraph.java:314)
2026-09-29T05:43:23.7931543Z 	at org.gradle.internal.operations.CurrentBuildOperationRef.with(CurrentBuildOperationRef.java:85)
2026-09-29T05:43:23.7933342Z 	at org.gradle.execution.taskgraph.DefaultTaskExecutionGraph$BuildOperationAwareExecutionAction.execute(DefaultTaskExecutionGraph.java:314)
2026-09-29T05:43:23.7935216Z 	at org.gradle.execution.taskgraph.DefaultTaskExecutionGraph$BuildOperationAwareExecutionAction.execute(DefaultTaskExecutionGraph.java:303)
2026-09-29T05:43:23.7936796Z 	at org.gradle.execution.plan.DefaultPlanExecutor$ExecutorWorker.execute(DefaultPlanExecutor.java:459)
2026-09-29T05:43:23.7938029Z 	at org.gradle.execution.plan.DefaultPlanExecutor$ExecutorWorker.run(DefaultPlanExecutor.java:376)
2026-09-29T05:43:23.7939181Z 	at org.gradle.execution.plan.DefaultPlanExecutor.process(DefaultPlanExecutor.java:111)
2026-09-29T05:43:23.7940512Z 	at org.gradle.execution.taskgraph.DefaultTaskExecutionGraph.executeWithServices(DefaultTaskExecutionGraph.java:138)
2026-09-29T05:43:23.7942363Z 	at org.gradle.execution.taskgraph.DefaultTaskExecutionGraph.execute(DefaultTaskExecutionGraph.java:123)
2026-09-29T05:43:23.7943705Z 	at org.gradle.execution.SelectedTaskExecutionAction.execute(SelectedTaskExecutionAction.java:35)
2026-09-29T05:43:23.7944945Z 	at org.gradle.execution.DryRunBuildExecutionAction.execute(DryRunBuildExecutionAction.java:51)
2026-09-29T05:43:23.7946494Z 	at org.gradle.execution.BuildOperationFiringBuildWorkerExecutor$ExecuteTasks.call(BuildOperationFiringBuildWorkerExecutor.java:54)
2026-09-29T05:43:23.7948297Z 	at org.gradle.execution.BuildOperationFiringBuildWorkerExecutor$ExecuteTasks.call(BuildOperationFiringBuildWorkerExecutor.java:43)
2026-09-29T05:43:23.7950112Z 	at org.gradle.internal.operations.DefaultBuildOperationRunner$CallableBuildOperationWorker.execute(DefaultBuildOperationRunner.java:209)
2026-09-29T05:43:23.7952245Z 	at org.gradle.internal.operations.DefaultBuildOperationRunner$CallableBuildOperationWorker.execute(DefaultBuildOperationRunner.java:204)
2026-09-29T05:43:23.7953941Z 	at org.gradle.internal.operations.DefaultBuildOperationRunner$2.execute(DefaultBuildOperationRunner.java:66)
2026-09-29T05:43:23.7955452Z 	at org.gradle.internal.operations.DefaultBuildOperationRunner$2.execute(DefaultBuildOperationRunner.java:59)
2026-09-29T05:43:23.7956950Z 	at org.gradle.internal.operations.DefaultBuildOperationRunner.execute(DefaultBuildOperationRunner.java:166)
2026-09-29T05:43:23.7958688Z 	at org.gradle.internal.operations.DefaultBuildOperationRunner.execute(DefaultBuildOperationRunner.java:59)
2026-09-29T05:43:23.7960113Z 	at org.gradle.internal.operations.DefaultBuildOperationRunner.call(DefaultBuildOperationRunner.java:53)
2026-09-29T05:43:23.7961636Z 	at org.gradle.execution.BuildOperationFiringBuildWorkerExecutor.execute(BuildOperationFiringBuildWorkerExecutor.java:40)
2026-09-29T05:43:23.7963611Z 	at org.gradle.internal.build.DefaultBuildLifecycleController.lambda$executeTasks$10(DefaultBuildLifecycleController.java:313)
2026-09-29T05:43:23.7965202Z 	at org.gradle.internal.model.StateTransitionController.doTransition(StateTransitionController.java:266)
2026-09-29T05:43:23.7966638Z 	at org.gradle.internal.model.StateTransitionController.lambda$tryTransition$8(StateTransitionController.java:177)
2026-09-29T05:43:23.7967914Z 	at org.gradle.internal.work.DefaultSynchronizer.withLock(DefaultSynchronizer.java:46)
2026-09-29T05:43:23.7969180Z 	at org.gradle.internal.model.StateTransitionController.tryTransition(StateTransitionController.java:177)
2026-09-29T05:43:23.7970712Z 	at org.gradle.internal.build.DefaultBuildLifecycleController.executeTasks(DefaultBuildLifecycleController.java:304)
2026-09-29T05:43:23.7972951Z 	at org.gradle.internal.build.DefaultBuildWorkGraphController$DefaultBuildWorkGraph.runWork(DefaultBuildWorkGraphController.java:220)
2026-09-29T05:43:23.7974957Z 	at org.gradle.internal.work.DefaultWorkerLeaseService.withLocks(DefaultWorkerLeaseService.java:263)
2026-09-29T05:43:23.7976365Z 	at org.gradle.internal.work.DefaultWorkerLeaseService.runAsWorkerThread(DefaultWorkerLeaseService.java:127)
2026-09-29T05:43:23.7977715Z 	at org.gradle.composite.internal.DefaultBuildController.doRun(DefaultBuildController.java:181)
2026-09-29T05:43:23.8008612Z 	at org.gradle.composite.internal.DefaultBuildController.access$000(DefaultBuildController.java:50)
2026-09-29T05:43:23.8010087Z 	at org.gradle.composite.internal.DefaultBuildController$BuildOpRunnable.lambda$run$0(DefaultBuildController.java:198)
2026-09-29T05:43:23.8011512Z 	at org.gradle.internal.operations.CurrentBuildOperationRef.with(CurrentBuildOperationRef.java:85)
2026-09-29T05:43:23.8013189Z 	at org.gradle.composite.internal.DefaultBuildController$BuildOpRunnable.run(DefaultBuildController.java:198)
2026-09-29T05:43:23.8014547Z 	at org.gradle.internal.concurrent.ExecutorPolicy$CatchAndRecordFailures.onExecute(ExecutorPolicy.java:64)
2026-09-29T05:43:23.8015832Z 	at org.gradle.internal.concurrent.AbstractManagedExecutor$1.run(AbstractManagedExecutor.java:48)
2026-09-29T05:43:23.8017890Z Caused by: org.gradle.workers.internal.DefaultWorkerExecutor$WorkExecutionException: A failure occurred while executing org.jetbrains.kotlin.compilerRunner.GradleCompilerRunnerWithWorkers$GradleKotlinCompilerWorkAction
2026-09-29T05:43:23.8020119Z 	at org.gradle.workers.internal.DefaultWorkerExecutor$WorkItemExecution.waitForCompletion(DefaultWorkerExecutor.java:287)
2026-09-29T05:43:23.8021750Z 	at org.gradle.internal.work.DefaultAsyncWorkTracker.lambda$waitForItemsAndGatherFailures$2(DefaultAsyncWorkTracker.java:130)
2026-09-29T05:43:23.8023191Z 	at org.gradle.internal.Factories$1.create(Factories.java:31)
2026-09-29T05:43:23.8024196Z 	at org.gradle.internal.work.DefaultWorkerLeaseService.withoutLocks(DefaultWorkerLeaseService.java:335)
2026-09-29T05:43:23.8025738Z 	at org.gradle.internal.work.DefaultWorkerLeaseService.withoutLocks(DefaultWorkerLeaseService.java:318)
2026-09-29T05:43:23.8027094Z 	at org.gradle.internal.work.DefaultWorkerLeaseService.withoutLock(DefaultWorkerLeaseService.java:323)
2026-09-29T05:43:23.8028607Z 	at org.gradle.internal.work.DefaultAsyncWorkTracker.waitForItemsAndGatherFailures(DefaultAsyncWorkTracker.java:126)
2026-09-29T05:43:23.8030268Z 	at org.gradle.internal.work.DefaultAsyncWorkTracker.waitForItemsAndGatherFailures(DefaultAsyncWorkTracker.java:92)
2026-09-29T05:43:23.8031718Z 	at org.gradle.internal.work.DefaultAsyncWorkTracker.waitForAll(DefaultAsyncWorkTracker.java:78)
2026-09-29T05:43:23.8036430Z 	at org.gradle.internal.work.DefaultAsyncWorkTracker.waitForCompletion(DefaultAsyncWorkTracker.java:66)
2026-09-29T05:43:23.8037653Z 	at org.gradle.api.internal.tasks.execution.TaskExecution$3.run(TaskExecution.java:252)
2026-09-29T05:43:23.8038951Z 	at org.gradle.internal.operations.DefaultBuildOperationRunner$1.execute(DefaultBuildOperationRunner.java:29)
2026-09-29T05:43:23.8040431Z 	at org.gradle.internal.operations.DefaultBuildOperationRunner$1.execute(DefaultBuildOperationRunner.java:26)
2026-09-29T05:43:23.8041909Z 	at org.gradle.internal.operations.DefaultBuildOperationRunner$2.execute(DefaultBuildOperationRunner.java:66)
2026-09-29T05:43:23.8043852Z 	at org.gradle.internal.operations.DefaultBuildOperationRunner$2.execute(DefaultBuildOperationRunner.java:59)
2026-09-29T05:43:23.8045335Z 	at org.gradle.internal.operations.DefaultBuildOperationRunner.execute(DefaultBuildOperationRunner.java:166)
2026-09-29T05:43:23.8046860Z 	at org.gradle.internal.operations.DefaultBuildOperationRunner.execute(DefaultBuildOperationRunner.java:59)
2026-09-29T05:43:23.8048342Z 	at org.gradle.internal.operations.DefaultBuildOperationRunner.run(DefaultBuildOperationRunner.java:47)
2026-09-29T05:43:23.8049693Z 	at org.gradle.api.internal.tasks.execution.TaskExecution.executeAction(TaskExecution.java:229)
2026-09-29T05:43:23.8050981Z 	at org.gradle.api.internal.tasks.execution.TaskExecution.executeActions(TaskExecution.java:212)
2026-09-29T05:43:23.8055313Z 	at org.gradle.api.internal.tasks.execution.TaskExecution.executeWithPreviousOutputFiles(TaskExecution.java:195)
2026-09-29T05:43:23.8056762Z 	at org.gradle.api.internal.tasks.execution.TaskExecution.execute(TaskExecution.java:162)
2026-09-29T05:43:23.8057959Z 	at org.gradle.internal.execution.steps.ExecuteStep.executeInternal(ExecuteStep.java:105)
2026-09-29T05:43:23.8059117Z 	at org.gradle.internal.execution.steps.ExecuteStep.access$000(ExecuteStep.java:44)
2026-09-29T05:43:23.8060167Z 	at org.gradle.internal.execution.steps.ExecuteStep$1.call(ExecuteStep.java:59)
2026-09-29T05:43:23.8061164Z 	at org.gradle.internal.execution.steps.ExecuteStep$1.call(ExecuteStep.java:56)
2026-09-29T05:43:23.8062963Z 	at org.gradle.internal.operations.DefaultBuildOperationRunner$CallableBuildOperationWorker.execute(DefaultBuildOperationRunner.java:209)
2026-09-29T05:43:23.8064894Z 	at org.gradle.internal.operations.DefaultBuildOperationRunner$CallableBuildOperationWorker.execute(DefaultBuildOperationRunner.java:204)
2026-09-29T05:43:23.8066601Z 	at org.gradle.internal.operations.DefaultBuildOperationRunner$2.execute(DefaultBuildOperationRunner.java:66)
2026-09-29T05:43:23.8068083Z 	at org.gradle.internal.operations.DefaultBuildOperationRunner$2.execute(DefaultBuildOperationRunner.java:59)
2026-09-29T05:43:23.8069572Z 	at org.gradle.internal.operations.DefaultBuildOperationRunner.execute(DefaultBuildOperationRunner.java:166)
2026-09-29T05:43:23.8071070Z 	at org.gradle.internal.operations.DefaultBuildOperationRunner.execute(DefaultBuildOperationRunner.java:59)
2026-09-29T05:43:23.8072761Z 	at org.gradle.internal.operations.DefaultBuildOperationRunner.call(DefaultBuildOperationRunner.java:53)
2026-09-29T05:43:23.8073996Z 	at org.gradle.internal.execution.steps.ExecuteStep.execute(ExecuteStep.java:56)
2026-09-29T05:43:23.8075010Z 	at org.gradle.internal.execution.steps.ExecuteStep.execute(ExecuteStep.java:44)
2026-09-29T05:43:23.8076124Z 	at org.gradle.internal.execution.steps.CancelExecutionStep.execute(CancelExecutionStep.java:42)
2026-09-29T05:43:23.8077370Z 	at org.gradle.internal.execution.steps.TimeoutStep.executeWithoutTimeout(TimeoutStep.java:75)
2026-09-29T05:43:23.8078473Z 	at org.gradle.internal.execution.steps.TimeoutStep.execute(TimeoutStep.java:55)
2026-09-29T05:43:23.8079696Z 	at org.gradle.internal.execution.steps.PreCreateOutputParentsStep.execute(PreCreateOutputParentsStep.java:50)
2026-09-29T05:43:23.8081154Z 	at org.gradle.internal.execution.steps.PreCreateOutputParentsStep.execute(PreCreateOutputParentsStep.java:28)
2026-09-29T05:43:23.8083076Z 	at org.gradle.internal.execution.steps.RemovePreviousOutputsStep.execute(RemovePreviousOutputsStep.java:67)
2026-09-29T05:43:23.8084526Z 	at org.gradle.internal.execution.steps.RemovePreviousOutputsStep.execute(RemovePreviousOutputsStep.java:37)
2026-09-29T05:43:23.8086015Z 	at org.gradle.internal.execution.steps.BroadcastChangingOutputsStep.execute(BroadcastChangingOutputsStep.java:61)
2026-09-29T05:43:23.8087581Z 	at org.gradle.internal.execution.steps.BroadcastChangingOutputsStep.execute(BroadcastChangingOutputsStep.java:26)
2026-09-29T05:43:23.8089161Z 	at org.gradle.internal.execution.steps.CaptureOutputsAfterExecutionStep.execute(CaptureOutputsAfterExecutionStep.java:69)
2026-09-29T05:43:23.8090790Z 	at org.gradle.internal.execution.steps.CaptureOutputsAfterExecutionStep.execute(CaptureOutputsAfterExecutionStep.java:46)
2026-09-29T05:43:23.8092652Z 	at org.gradle.internal.execution.steps.ResolveInputChangesStep.execute(ResolveInputChangesStep.java:40)
2026-09-29T05:43:23.8094068Z 	at org.gradle.internal.execution.steps.ResolveInputChangesStep.execute(ResolveInputChangesStep.java:29)
2026-09-29T05:43:23.8095443Z 	at org.gradle.internal.execution.steps.BuildCacheStep.executeWithoutCache(BuildCacheStep.java:189)
2026-09-29T05:43:23.8096735Z 	at org.gradle.internal.execution.steps.BuildCacheStep.lambda$execute$1(BuildCacheStep.java:75)
2026-09-29T05:43:23.8097697Z 	at org.gradle.internal.Either$Right.fold(Either.java:175)
2026-09-29T05:43:23.8098829Z 	at org.gradle.internal.execution.caching.CachingState.fold(CachingState.java:62)
2026-09-29T05:43:23.8099965Z 	at org.gradle.internal.execution.steps.BuildCacheStep.execute(BuildCacheStep.java:73)
2026-09-29T05:43:23.8101089Z 	at org.gradle.internal.execution.steps.BuildCacheStep.execute(BuildCacheStep.java:48)
2026-09-29T05:43:23.8102658Z 	at org.gradle.internal.execution.steps.StoreExecutionStateStep.execute(StoreExecutionStateStep.java:46)
2026-09-29T05:43:23.8104078Z 	at org.gradle.internal.execution.steps.StoreExecutionStateStep.execute(StoreExecutionStateStep.java:35)
2026-09-29T05:43:23.8105439Z 	at org.gradle.internal.execution.steps.SkipUpToDateStep.executeBecause(SkipUpToDateStep.java:75)
2026-09-29T05:43:23.8106813Z 	at org.gradle.internal.execution.steps.SkipUpToDateStep.lambda$execute$2(SkipUpToDateStep.java:53)
2026-09-29T05:43:23.8108050Z 	at org.gradle.internal.execution.steps.SkipUpToDateStep.execute(SkipUpToDateStep.java:53)
2026-09-29T05:43:23.8109228Z 	at org.gradle.internal.execution.steps.SkipUpToDateStep.execute(SkipUpToDateStep.java:35)
2026-09-29T05:43:23.8110806Z 	at org.gradle.internal.execution.steps.legacy.MarkSnapshottingInputsFinishedStep.execute(MarkSnapshottingInputsFinishedStep.java:37)
2026-09-29T05:43:23.8113428Z 	at org.gradle.internal.execution.steps.legacy.MarkSnapshottingInputsFinishedStep.execute(MarkSnapshottingInputsFinishedStep.java:27)
2026-09-29T05:43:23.8115478Z 	at org.gradle.internal.execution.steps.ResolveIncrementalCachingStateStep.executeDelegate(ResolveIncrementalCachingStateStep.java:49)
2026-09-29T05:43:23.8117479Z 	at org.gradle.internal.execution.steps.ResolveIncrementalCachingStateStep.executeDelegate(ResolveIncrementalCachingStateStep.java:27)
2026-09-29T05:43:23.8119334Z 	at org.gradle.internal.execution.steps.AbstractResolveCachingStateStep.execute(AbstractResolveCachingStateStep.java:71)
2026-09-29T05:43:23.8121042Z 	at org.gradle.internal.execution.steps.AbstractResolveCachingStateStep.execute(AbstractResolveCachingStateStep.java:39)
2026-09-29T05:43:23.8153281Z 	at org.gradle.internal.execution.steps.ResolveChangesStep.execute(ResolveChangesStep.java:65)
2026-09-29T05:43:23.8154542Z 	at org.gradle.internal.execution.steps.ResolveChangesStep.execute(ResolveChangesStep.java:36)
2026-09-29T05:43:23.8155685Z 	at org.gradle.internal.execution.steps.ValidateStep.execute(ValidateStep.java:107)
2026-09-29T05:43:23.8156750Z 	at org.gradle.internal.execution.steps.ValidateStep.execute(ValidateStep.java:56)
2026-09-29T05:43:23.8158254Z 	at org.gradle.internal.execution.steps.AbstractCaptureStateBeforeExecutionStep.execute(AbstractCaptureStateBeforeExecutionStep.java:64)
2026-09-29T05:43:23.8160608Z 	at org.gradle.internal.execution.steps.AbstractCaptureStateBeforeExecutionStep.execute(AbstractCaptureStateBeforeExecutionStep.java:43)
2026-09-29T05:43:23.8162793Z 	at org.gradle.internal.execution.steps.AbstractSkipEmptyWorkStep.executeWithNonEmptySources(AbstractSkipEmptyWorkStep.java:125)
2026-09-29T05:43:23.8164480Z 	at org.gradle.internal.execution.steps.AbstractSkipEmptyWorkStep.execute(AbstractSkipEmptyWorkStep.java:61)
2026-09-29T05:43:23.8165963Z 	at org.gradle.internal.execution.steps.AbstractSkipEmptyWorkStep.execute(AbstractSkipEmptyWorkStep.java:36)
2026-09-29T05:43:23.8167635Z 	at org.gradle.internal.execution.steps.legacy.MarkSnapshottingInputsStartedStep.execute(MarkSnapshottingInputsStartedStep.java:38)
2026-09-29T05:43:23.8169391Z 	at org.gradle.internal.execution.steps.LoadPreviousExecutionStateStep.execute(LoadPreviousExecutionStateStep.java:36)
2026-09-29T05:43:23.8171025Z 	at org.gradle.internal.execution.steps.LoadPreviousExecutionStateStep.execute(LoadPreviousExecutionStateStep.java:23)
2026-09-29T05:43:23.8172745Z 	at org.gradle.internal.execution.steps.HandleStaleOutputsStep.execute(HandleStaleOutputsStep.java:75)
2026-09-29T05:43:23.8174107Z 	at org.gradle.internal.execution.steps.HandleStaleOutputsStep.execute(HandleStaleOutputsStep.java:41)
2026-09-29T05:43:23.8175856Z 	at org.gradle.internal.execution.steps.AssignMutableWorkspaceStep.lambda$execute$0(AssignMutableWorkspaceStep.java:35)
2026-09-29T05:43:23.8177266Z 	at org.gradle.api.internal.tasks.execution.TaskExecution$4.withWorkspace(TaskExecution.java:289)
2026-09-29T05:43:23.8178618Z 	at org.gradle.internal.execution.steps.AssignMutableWorkspaceStep.execute(AssignMutableWorkspaceStep.java:31)
2026-09-29T05:43:23.8180113Z 	at org.gradle.internal.execution.steps.AssignMutableWorkspaceStep.execute(AssignMutableWorkspaceStep.java:22)
2026-09-29T05:43:23.8181470Z 	at org.gradle.internal.execution.steps.ChoosePipelineStep.execute(ChoosePipelineStep.java:40)
2026-09-29T05:43:23.8213342Z 	at org.gradle.internal.execution.steps.ChoosePipelineStep.execute(ChoosePipelineStep.java:23)
2026-09-29T05:43:23.8214977Z 	at org.gradle.internal.execution.steps.ExecuteWorkBuildOperationFiringStep.lambda$execute$2(ExecuteWorkBuildOperationFiringStep.java:67)
2026-09-29T05:43:23.8216843Z 	at org.gradle.internal.execution.steps.ExecuteWorkBuildOperationFiringStep.execute(ExecuteWorkBuildOperationFiringStep.java:67)
2026-09-29T05:43:23.8218680Z 	at org.gradle.internal.execution.steps.ExecuteWorkBuildOperationFiringStep.execute(ExecuteWorkBuildOperationFiringStep.java:39)
2026-09-29T05:43:23.8220176Z 	at org.gradle.internal.execution.steps.IdentityCacheStep.execute(IdentityCacheStep.java:46)
2026-09-29T05:43:23.8221340Z 	at org.gradle.internal.execution.steps.IdentityCacheStep.execute(IdentityCacheStep.java:34)
2026-09-29T05:43:23.8222716Z 	at org.gradle.internal.execution.steps.IdentifyStep.execute(IdentifyStep.java:48)
2026-09-29T05:43:23.8223756Z 	at org.gradle.internal.execution.steps.IdentifyStep.execute(IdentifyStep.java:35)
2026-09-29T05:43:23.8224912Z 	at org.gradle.internal.execution.impl.DefaultExecutionEngine$1.execute(DefaultExecutionEngine.java:61)
2026-09-29T05:43:23.8226408Z 	at org.gradle.api.internal.tasks.execution.ExecuteActionsTaskExecuter.executeIfValid(ExecuteActionsTaskExecuter.java:127)
2026-09-29T05:43:23.8228036Z 	at org.gradle.api.internal.tasks.execution.ExecuteActionsTaskExecuter.execute(ExecuteActionsTaskExecuter.java:116)
2026-09-29T05:43:23.8229646Z 	at org.gradle.api.internal.tasks.execution.FinalizePropertiesTaskExecuter.execute(FinalizePropertiesTaskExecuter.java:46)
2026-09-29T05:43:23.8231347Z 	at org.gradle.api.internal.tasks.execution.ResolveTaskExecutionModeExecuter.execute(ResolveTaskExecutionModeExecuter.java:51)
2026-09-29T05:43:23.8233191Z 	at org.gradle.api.internal.tasks.execution.SkipTaskWithNoActionsExecuter.execute(SkipTaskWithNoActionsExecuter.java:57)
2026-09-29T05:43:23.8234771Z 	at org.gradle.api.internal.tasks.execution.SkipOnlyIfTaskExecuter.execute(SkipOnlyIfTaskExecuter.java:74)
2026-09-29T05:43:23.8236670Z 	at org.gradle.api.internal.tasks.execution.CatchExceptionTaskExecuter.execute(CatchExceptionTaskExecuter.java:36)
2026-09-29T05:43:23.8238196Z 	at org.gradle.api.internal.tasks.execution.EventFiringTaskExecuter$1.executeTask(EventFiringTaskExecuter.java:77)
2026-09-29T05:43:23.8239664Z 	at org.gradle.api.internal.tasks.execution.EventFiringTaskExecuter$1.call(EventFiringTaskExecuter.java:55)
2026-09-29T05:43:23.8241081Z 	at org.gradle.api.internal.tasks.execution.EventFiringTaskExecuter$1.call(EventFiringTaskExecuter.java:52)
2026-09-29T05:43:23.8243430Z 	at org.gradle.internal.operations.DefaultBuildOperationRunner$CallableBuildOperationWorker.execute(DefaultBuildOperationRunner.java:209)
2026-09-29T05:43:23.8245300Z 	at org.gradle.internal.operations.DefaultBuildOperationRunner$CallableBuildOperationWorker.execute(DefaultBuildOperationRunner.java:204)
2026-09-29T05:43:23.8246981Z 	at org.gradle.internal.operations.DefaultBuildOperationRunner$2.execute(DefaultBuildOperationRunner.java:66)
2026-09-29T05:43:23.8248436Z 	at org.gradle.internal.operations.DefaultBuildOperationRunner$2.execute(DefaultBuildOperationRunner.java:59)
2026-09-29T05:43:23.8249914Z 	at org.gradle.internal.operations.DefaultBuildOperationRunner.execute(DefaultBuildOperationRunner.java:166)
2026-09-29T05:43:23.8251673Z 	at org.gradle.internal.operations.DefaultBuildOperationRunner.execute(DefaultBuildOperationRunner.java:59)
2026-09-29T05:43:23.8253348Z 	at org.gradle.internal.operations.DefaultBuildOperationRunner.call(DefaultBuildOperationRunner.java:53)
2026-09-29T05:43:23.8254770Z 	at org.gradle.api.internal.tasks.execution.EventFiringTaskExecuter.execute(EventFiringTaskExecuter.java:52)
2026-09-29T05:43:23.8256078Z 	at org.gradle.execution.plan.LocalTaskNodeExecutor.execute(LocalTaskNodeExecutor.java:42)
2026-09-29T05:43:23.8257555Z 	at org.gradle.execution.taskgraph.DefaultTaskExecutionGraph$InvokeNodeExecutorsAction.execute(DefaultTaskExecutionGraph.java:331)
2026-09-29T05:43:23.8259313Z 	at org.gradle.execution.taskgraph.DefaultTaskExecutionGraph$InvokeNodeExecutorsAction.execute(DefaultTaskExecutionGraph.java:318)
2026-09-29T05:43:23.8261201Z 	at org.gradle.execution.taskgraph.DefaultTaskExecutionGraph$BuildOperationAwareExecutionAction.lambda$execute$0(DefaultTaskExecutionGraph.java:314)
2026-09-29T05:43:23.8263082Z 	at org.gradle.internal.operations.CurrentBuildOperationRef.with(CurrentBuildOperationRef.java:85)
2026-09-29T05:43:23.8264756Z 	at org.gradle.execution.taskgraph.DefaultTaskExecutionGraph$BuildOperationAwareExecutionAction.execute(DefaultTaskExecutionGraph.java:314)
2026-09-29T05:43:23.8266638Z 	at org.gradle.execution.taskgraph.DefaultTaskExecutionGraph$BuildOperationAwareExecutionAction.execute(DefaultTaskExecutionGraph.java:303)
2026-09-29T05:43:23.8268273Z 	at org.gradle.execution.plan.DefaultPlanExecutor$ExecutorWorker.execute(DefaultPlanExecutor.java:459)
2026-09-29T05:43:23.8269573Z 	at org.gradle.execution.plan.DefaultPlanExecutor$ExecutorWorker.run(DefaultPlanExecutor.java:376)
2026-09-29T05:43:23.8270785Z 	at org.gradle.execution.plan.DefaultPlanExecutor.process(DefaultPlanExecutor.java:111)
2026-09-29T05:43:23.8272728Z 	at org.gradle.execution.taskgraph.DefaultTaskExecutionGraph.executeWithServices(DefaultTaskExecutionGraph.java:138)
2026-09-29T05:43:23.8274238Z 	at org.gradle.execution.taskgraph.DefaultTaskExecutionGraph.execute(DefaultTaskExecutionGraph.java:123)
2026-09-29T05:43:23.8275574Z 	at org.gradle.execution.SelectedTaskExecutionAction.execute(SelectedTaskExecutionAction.java:35)
2026-09-29T05:43:23.8276876Z 	at org.gradle.execution.DryRunBuildExecutionAction.execute(DryRunBuildExecutionAction.java:51)
2026-09-29T05:43:23.8278430Z 	at org.gradle.execution.BuildOperationFiringBuildWorkerExecutor$ExecuteTasks.call(BuildOperationFiringBuildWorkerExecutor.java:54)
2026-09-29T05:43:23.8280708Z 	at org.gradle.execution.BuildOperationFiringBuildWorkerExecutor$ExecuteTasks.call(BuildOperationFiringBuildWorkerExecutor.java:43)
2026-09-29T05:43:23.8283156Z 	at org.gradle.internal.operations.DefaultBuildOperationRunner$CallableBuildOperationWorker.execute(DefaultBuildOperationRunner.java:209)
2026-09-29T05:43:23.8285104Z 	at org.gradle.internal.operations.DefaultBuildOperationRunner$CallableBuildOperationWorker.execute(DefaultBuildOperationRunner.java:204)
2026-09-29T05:43:23.8289997Z 	at org.gradle.internal.operations.DefaultBuildOperationRunner$2.execute(DefaultBuildOperationRunner.java:66)
2026-09-29T05:43:23.8291530Z 	at org.gradle.internal.operations.DefaultBuildOperationRunner$2.execute(DefaultBuildOperationRunner.java:59)
2026-09-29T05:43:23.8293222Z 	at org.gradle.internal.operations.DefaultBuildOperationRunner.execute(DefaultBuildOperationRunner.java:166)
2026-09-29T05:43:23.8294659Z 	at org.gradle.internal.operations.DefaultBuildOperationRunner.execute(DefaultBuildOperationRunner.java:59)
2026-09-29T05:43:23.8296073Z 	at org.gradle.internal.operations.DefaultBuildOperationRunner.call(DefaultBuildOperationRunner.java:53)
2026-09-29T05:43:23.8297639Z 	at org.gradle.execution.BuildOperationFiringBuildWorkerExecutor.execute(BuildOperationFiringBuildWorkerExecutor.java:40)
2026-09-29T05:43:23.8299325Z 	at org.gradle.internal.build.DefaultBuildLifecycleController.lambda$executeTasks$10(DefaultBuildLifecycleController.java:313)
2026-09-29T05:43:23.8300843Z 	at org.gradle.internal.model.StateTransitionController.doTransition(StateTransitionController.java:266)
2026-09-29T05:43:23.8302868Z 	at org.gradle.internal.model.StateTransitionController.lambda$tryTransition$8(StateTransitionController.java:177)
2026-09-29T05:43:23.8304150Z 	at org.gradle.internal.work.DefaultSynchronizer.withLock(DefaultSynchronizer.java:46)
2026-09-29T05:43:23.8305368Z 	at org.gradle.internal.model.StateTransitionController.tryTransition(StateTransitionController.java:177)
2026-09-29T05:43:23.8306840Z 	at org.gradle.internal.build.DefaultBuildLifecycleController.executeTasks(DefaultBuildLifecycleController.java:304)
2026-09-29T05:43:23.8308519Z 	at org.gradle.internal.build.DefaultBuildWorkGraphController$DefaultBuildWorkGraph.runWork(DefaultBuildWorkGraphController.java:220)
2026-09-29T05:43:23.8310052Z 	at org.gradle.internal.work.DefaultWorkerLeaseService.withLocks(DefaultWorkerLeaseService.java:263)
2026-09-29T05:43:23.8311416Z 	at org.gradle.internal.work.DefaultWorkerLeaseService.runAsWorkerThread(DefaultWorkerLeaseService.java:127)
2026-09-29T05:43:23.8312959Z 	at org.gradle.composite.internal.DefaultBuildController.doRun(DefaultBuildController.java:181)
2026-09-29T05:43:23.8314211Z 	at org.gradle.composite.internal.DefaultBuildController.access$000(DefaultBuildController.java:50)
2026-09-29T05:43:23.8315643Z 	at org.gradle.composite.internal.DefaultBuildController$BuildOpRunnable.lambda$run$0(DefaultBuildController.java:198)
2026-09-29T05:43:23.8317088Z 	at org.gradle.internal.operations.CurrentBuildOperationRef.with(CurrentBuildOperationRef.java:85)
2026-09-29T05:43:23.8318439Z 	at org.gradle.composite.internal.DefaultBuildController$BuildOpRunnable.run(DefaultBuildController.java:198)
2026-09-29T05:43:23.8479575Z 	at org.gradle.internal.concurrent.ExecutorPolicy$CatchAndRecordFailures.onExecute(ExecutorPolicy.java:64)
2026-09-29T05:43:23.8481003Z 	at org.gradle.internal.concurrent.AbstractManagedExecutor$1.run(AbstractManagedExecutor.java:48)
2026-09-29T05:43:23.8482831Z Caused by: org.jetbrains.kotlin.gradle.tasks.CompilationErrorException: Compilation error. See log for more details
2026-09-29T05:43:23.8484371Z 	at org.jetbrains.kotlin.gradle.tasks.TasksUtilsKt.throwExceptionIfCompilationFailed(tasksUtils.kt:20)
2026-09-29T05:43:23.8485806Z 	at org.jetbrains.kotlin.compilerRunner.GradleKotlinCompilerWork.run(GradleKotlinCompilerWork.kt:141)
2026-09-29T05:43:23.8487608Z 	at org.jetbrains.kotlin.compilerRunner.GradleCompilerRunnerWithWorkers$GradleKotlinCompilerWorkAction.execute(GradleCompilerRunnerWithWorkers.kt:73)
2026-09-29T05:43:23.8489264Z 	at org.gradle.workers.internal.DefaultWorkerServer.execute(DefaultWorkerServer.java:63)
2026-09-29T05:43:23.8490972Z 	at org.gradle.workers.internal.NoIsolationWorkerFactory$1$1.create(NoIsolationWorkerFactory.java:66)
2026-09-29T05:43:23.8492551Z 	at org.gradle.workers.internal.NoIsolationWorkerFactory$1$1.create(NoIsolationWorkerFactory.java:62)
2026-09-29T05:43:23.8493946Z 	at org.gradle.internal.classloader.ClassLoaderUtils.executeInClassloader(ClassLoaderUtils.java:100)
2026-09-29T05:43:23.8495395Z 	at org.gradle.workers.internal.NoIsolationWorkerFactory$1.lambda$execute$0(NoIsolationWorkerFactory.java:62)
2026-09-29T05:43:23.8496602Z 	at org.gradle.workers.internal.AbstractWorker$1.call(AbstractWorker.java:44)
2026-09-29T05:43:23.8497577Z 	at org.gradle.workers.internal.AbstractWorker$1.call(AbstractWorker.java:41)
2026-09-29T05:43:23.8499008Z 	at org.gradle.internal.operations.DefaultBuildOperationRunner$CallableBuildOperationWorker.execute(DefaultBuildOperationRunner.java:209)
2026-09-29T05:43:23.8500939Z 	at org.gradle.internal.operations.DefaultBuildOperationRunner$CallableBuildOperationWorker.execute(DefaultBuildOperationRunner.java:204)
2026-09-29T05:43:23.8506602Z 	at org.gradle.internal.operations.DefaultBuildOperationRunner$2.execute(DefaultBuildOperationRunner.java:66)
2026-09-29T05:43:23.8508116Z 	at org.gradle.internal.operations.DefaultBuildOperationRunner$2.execute(DefaultBuildOperationRunner.java:59)
2026-09-29T05:43:23.8509632Z 	at org.gradle.internal.operations.DefaultBuildOperationRunner.execute(DefaultBuildOperationRunner.java:166)
2026-09-29T05:43:23.8511536Z 	at org.gradle.internal.operations.DefaultBuildOperationRunner.execute(DefaultBuildOperationRunner.java:59)
2026-09-29T05:43:23.8513412Z 	at org.gradle.internal.operations.DefaultBuildOperationRunner.call(DefaultBuildOperationRunner.java:53)
2026-09-29T05:43:23.8514842Z 	at org.gradle.workers.internal.AbstractWorker.executeWrappedInBuildOperation(AbstractWorker.java:41)
2026-09-29T05:43:23.8516199Z 	at org.gradle.workers.internal.NoIsolationWorkerFactory$1.execute(NoIsolationWorkerFactory.java:59)
2026-09-29T05:43:23.8517598Z 	at org.gradle.workers.internal.DefaultWorkerExecutor.lambda$submitWork$0(DefaultWorkerExecutor.java:174)
2026-09-29T05:43:23.8519211Z 	at org.gradle.internal.work.DefaultConditionalExecutionQueue$ExecutionRunner.runExecution(DefaultConditionalExecutionQueue.java:194)
2026-09-29T05:43:23.8521051Z 	at org.gradle.internal.work.DefaultConditionalExecutionQueue$ExecutionRunner.access$700(DefaultConditionalExecutionQueue.java:127)
2026-09-29T05:43:23.8523095Z 	at org.gradle.internal.work.DefaultConditionalExecutionQueue$ExecutionRunner$1.run(DefaultConditionalExecutionQueue.java:169)
2026-09-29T05:43:23.8524221Z 	at org.gradle.internal.Factories$1.create(Factories.java:31)
2026-09-29T05:43:23.8525185Z 	at org.gradle.internal.work.DefaultWorkerLeaseService.withLocks(DefaultWorkerLeaseService.java:263)
2026-09-29T05:43:23.8526517Z 	at org.gradle.internal.work.DefaultWorkerLeaseService.runAsWorkerThread(DefaultWorkerLeaseService.java:127)
2026-09-29T05:43:23.8527914Z 	at org.gradle.internal.work.DefaultWorkerLeaseService.runAsWorkerThread(DefaultWorkerLeaseService.java:132)
2026-09-29T05:43:23.8529460Z 	at org.gradle.internal.work.DefaultConditionalExecutionQueue$ExecutionRunner.runBatch(DefaultConditionalExecutionQueue.java:164)
2026-09-29T05:43:23.8531061Z 	at org.gradle.internal.work.DefaultConditionalExecutionQueue$ExecutionRunner.run(DefaultConditionalExecutionQueue.java:133)
2026-09-29T05:43:23.8543065Z 	... 2 more
2026-09-29T05:43:23.8543295Z 
2026-09-29T05:43:23.8543303Z 
2026-09-29T05:43:23.8543482Z BUILD FAILED in 1m 20s
2026-09-29T05:43:24.3048177Z ##[error]Process completed with exit code 1.
2026-09-29T05:43:24.3192688Z Post job cleanup.
2026-09-29T05:43:24.4665900Z (node:2530) [DEP0040] DeprecationWarning: The `punycode` module is deprecated. Please use a userland alternative instead.
2026-09-29T05:43:24.4666821Z (Use `node --trace-deprecation ...` to show where the warning was created)
2026-09-29T05:43:24.4911318Z Post job cleanup.
2026-09-29T05:43:24.5890085Z [command]/usr/bin/git version
2026-09-29T05:43:24.5939239Z git version 2.55.0
2026-09-29T05:43:24.5987209Z Temporarily overriding HOME='/home/runner/work/_temp/ac4806ce-5165-4104-a603-7144c202fde4' before making global git config changes
2026-09-29T05:43:24.5988667Z Adding repository directory to the temporary git global config as a safe directory
2026-09-29T05:43:24.5995901Z [command]/usr/bin/git config --global --add safe.directory /home/runner/work/bofq/bofq
2026-09-29T05:43:24.6040560Z [command]/usr/bin/git config --local --name-only --get-regexp core\.sshCommand
2026-09-29T05:43:24.6084414Z [command]/usr/bin/git submodule foreach --recursive sh -c "git config --local --name-only --get-regexp 'core\.sshCommand' && git config --local --unset-all 'core.sshCommand' || :"
2026-09-29T05:43:24.6345338Z [command]/usr/bin/git config --local --name-only --get-regexp http\.https\:\/\/github\.com\/\.extraheader
2026-09-29T05:43:24.6375721Z http.https://github.com/.extraheader
2026-09-29T05:43:24.6388375Z [command]/usr/bin/git config --local --unset-all http.https://github.com/.extraheader
2026-09-29T05:43:24.6457199Z [command]/usr/bin/git submodule foreach --recursive sh -c "git config --local --name-only --get-regexp 'http\.https\:\/\/github\.com\/\.extraheader' && git config --local --unset-all 'http.https://github.com/.extraheader' || :"
2026-09-29T05:43:24.6719975Z [command]/usr/bin/git config --local --name-only --get-regexp ^includeIf\.gitdir:
2026-09-29T05:43:24.6771310Z [command]/usr/bin/git submodule foreach --recursive git config --local --show-origin --name-only --get-regexp remote.origin.url
2026-09-29T05:43:24.7169695Z Cleaning up orphan processes
2026-09-29T05:43:24.7624483Z Terminate orphan process: pid (2479) (java)
2026-09-29T05:43:24.7672314Z ##[warning]Node.js 20 is deprecated. The following actions target Node.js 20 but are being forced to run on Node.js 24: actions/checkout@v4, actions/setup-java@v4. For more information see: https://github.blog/changelog/2025-09-19-deprecation-of-node-20-on-github-actions-runners/
