2026-09-29T06:35:35.8794018Z Current runner version: '2.337.0'
2026-09-29T06:35:35.8818177Z ##[group]Runner Image Provisioner
2026-09-29T06:35:35.8819045Z Hosted Compute Agent
2026-09-29T06:35:35.8819633Z Version: 20260828.587
2026-09-29T06:35:35.8820393Z Commit: abac92662cab4cc7352de4f9f9d2e2419aad9c29
2026-09-29T06:35:35.8821141Z Build Date: 2026-08-28T16:44:25Z
2026-09-29T06:35:35.8821905Z Worker ID: {2ebd10de-46ae-41fb-b18f-9161aafb49b8}
2026-09-29T06:35:35.8822652Z Azure Region: centralus
2026-09-29T06:35:35.8823261Z ##[endgroup]
2026-09-29T06:35:35.8825090Z ##[group]Operating System
2026-09-29T06:35:35.8825761Z Ubuntu
2026-09-29T06:35:35.8826356Z 24.04.5
2026-09-29T06:35:35.8826900Z LTS
2026-09-29T06:35:35.8827431Z ##[endgroup]
2026-09-29T06:35:35.8828091Z ##[group]Runner Image
2026-09-29T06:35:35.8828700Z Image: ubuntu-24.04
2026-09-29T06:35:35.8829258Z Version: 20260920.314.1
2026-09-29T06:35:35.8830602Z Included Software: https://github.com/actions/runner-images/blob/ubuntu24/20260920.314/images/ubuntu/Ubuntu2404-Readme.md
2026-09-29T06:35:35.8832238Z Image Release: https://github.com/actions/runner-images/releases/tag/ubuntu24%2F20260920.314
2026-09-29T06:35:35.8833261Z ##[endgroup]
2026-09-29T06:35:35.8834596Z ##[group]GITHUB_TOKEN Permissions
2026-09-29T06:35:35.8837087Z Contents: read
2026-09-29T06:35:35.8838201Z Metadata: read
2026-09-29T06:35:35.8838837Z Packages: read
2026-09-29T06:35:35.8839407Z ##[endgroup]
2026-09-29T06:35:35.8841574Z Secret source: Actions
2026-09-29T06:35:35.8842554Z Cache mode: write
2026-09-29T06:35:35.8843576Z Prepare workflow directory
2026-09-29T06:35:35.9185758Z Prepare all required actions
2026-09-29T06:35:35.9235278Z Getting action download info
2026-09-29T06:35:36.1941597Z Download action repository 'actions/checkout@v4' (SHA:11d5960a326750d5838078e36cf38b85af677262)
2026-09-29T06:35:36.3049249Z Download action repository 'actions/setup-java@v4' (SHA:cf277c60eb25467037889841efdb72551f06f6c3)
2026-09-29T06:35:36.9233712Z Download action repository 'actions/upload-artifact@v4' (SHA:ea165f8d65b6e75b540449e92b4886f43607fa02)
2026-09-29T06:35:37.1451831Z Complete job name: build
2026-09-29T06:35:37.2225925Z ##[group]Run actions/checkout@v4
2026-09-29T06:35:37.2226919Z with:
2026-09-29T06:35:37.2227422Z   repository: likesugar/bofq
2026-09-29T06:35:37.2231354Z   token: ***
2026-09-29T06:35:37.2231853Z   ssh-strict: true
2026-09-29T06:35:37.2232338Z   ssh-user: git
2026-09-29T06:35:37.2232828Z   persist-credentials: true
2026-09-29T06:35:37.2233362Z   clean: true
2026-09-29T06:35:37.2233853Z   sparse-checkout-cone-mode: true
2026-09-29T06:35:37.2234481Z   fetch-depth: 1
2026-09-29T06:35:37.2235138Z   fetch-tags: false
2026-09-29T06:35:37.2235632Z   show-progress: true
2026-09-29T06:35:37.2236129Z   lfs: false
2026-09-29T06:35:37.2236587Z   submodules: false
2026-09-29T06:35:37.2237079Z   set-safe-directory: true
2026-09-29T06:35:37.2237630Z   allow-unsafe-pr-checkout: false
2026-09-29T06:35:37.2238481Z ##[endgroup]
2026-09-29T06:35:37.3215759Z Syncing repository: likesugar/bofq
2026-09-29T06:35:37.3218550Z ##[group]Getting Git version info
2026-09-29T06:35:37.3219778Z Working directory is '/home/runner/work/bofq/bofq'
2026-09-29T06:35:37.3221473Z [command]/usr/bin/git version
2026-09-29T06:35:37.3327696Z git version 2.55.0
2026-09-29T06:35:37.3356680Z ##[endgroup]
2026-09-29T06:35:37.3367089Z Temporarily overriding HOME='/home/runner/work/_temp/e4b21bc4-43f1-4381-a01d-c199b78a3411' before making global git config changes
2026-09-29T06:35:37.3369771Z Adding repository directory to the temporary git global config as a safe directory
2026-09-29T06:35:37.3373251Z [command]/usr/bin/git config --global --add safe.directory /home/runner/work/bofq/bofq
2026-09-29T06:35:37.3445574Z Deleting the contents of '/home/runner/work/bofq/bofq'
2026-09-29T06:35:37.3448257Z ##[group]Initializing the repository
2026-09-29T06:35:37.3449513Z [command]/usr/bin/git init /home/runner/work/bofq/bofq
2026-09-29T06:35:37.3574103Z hint: Using 'master' as the name for the initial branch. This default branch name
2026-09-29T06:35:37.3576816Z hint: will change to "main" in Git 3.0. To configure the initial branch name
2026-09-29T06:35:37.3578758Z hint: to use in all of your new repositories, which will suppress this warning,
2026-09-29T06:35:37.3580561Z hint: call:
2026-09-29T06:35:37.3581488Z hint:
2026-09-29T06:35:37.3582602Z hint: 	git config --global init.defaultBranch <name>
2026-09-29T06:35:37.3583980Z hint:
2026-09-29T06:35:37.3585516Z hint: Names commonly chosen instead of 'master' are 'main', 'trunk' and
2026-09-29T06:35:37.3587622Z hint: 'development'. The just-created branch can be renamed via this command:
2026-09-29T06:35:37.3589296Z hint:
2026-09-29T06:35:37.3590283Z hint: 	git branch -m <name>
2026-09-29T06:35:37.3591435Z hint:
2026-09-29T06:35:37.3592780Z hint: Disable this message with "git config set advice.defaultBranchName false"
2026-09-29T06:35:37.3594361Z Initialized empty Git repository in /home/runner/work/bofq/bofq/.git/
2026-09-29T06:35:37.3597710Z [command]/usr/bin/git remote add origin https://github.com/likesugar/bofq
2026-09-29T06:35:37.3649404Z ##[endgroup]
2026-09-29T06:35:37.3650773Z ##[group]Disabling automatic garbage collection
2026-09-29T06:35:37.3651936Z [command]/usr/bin/git config --local gc.auto 0
2026-09-29T06:35:37.3683042Z ##[endgroup]
2026-09-29T06:35:37.3683872Z ##[group]Setting up auth
2026-09-29T06:35:37.3698847Z [command]/usr/bin/git config --local --name-only --get-regexp core\.sshCommand
2026-09-29T06:35:37.3729536Z [command]/usr/bin/git submodule foreach --recursive sh -c "git config --local --name-only --get-regexp 'core\.sshCommand' && git config --local --unset-all 'core.sshCommand' || :"
2026-09-29T06:35:37.4182787Z [command]/usr/bin/git config --local --name-only --get-regexp http\.https\:\/\/github\.com\/\.extraheader
2026-09-29T06:35:37.4224161Z [command]/usr/bin/git submodule foreach --recursive sh -c "git config --local --name-only --get-regexp 'http\.https\:\/\/github\.com\/\.extraheader' && git config --local --unset-all 'http.https://github.com/.extraheader' || :"
2026-09-29T06:35:37.4453770Z [command]/usr/bin/git config --local --name-only --get-regexp ^includeIf\.gitdir:
2026-09-29T06:35:37.4489096Z [command]/usr/bin/git submodule foreach --recursive git config --local --show-origin --name-only --get-regexp remote.origin.url
2026-09-29T06:35:37.4713228Z [command]/usr/bin/git config --local http.https://github.com/.extraheader AUTHORIZATION: basic ***
2026-09-29T06:35:37.4753367Z ##[endgroup]
2026-09-29T06:35:37.4754337Z ##[group]Fetching the repository
2026-09-29T06:35:37.4763213Z [command]/usr/bin/git -c protocol.version=2 fetch --no-tags --prune --no-recurse-submodules --depth=1 origin +0f0b5a86832114d9bf864d23a193b53d9d6ea8d8:refs/remotes/origin/main
2026-09-29T06:35:38.6611448Z From https://github.com/likesugar/bofq
2026-09-29T06:35:38.6614501Z  * [new ref]         0f0b5a86832114d9bf864d23a193b53d9d6ea8d8 -> origin/main
2026-09-29T06:35:38.6621728Z ##[endgroup]
2026-09-29T06:35:38.6624516Z ##[group]Determining the checkout info
2026-09-29T06:35:38.6627786Z ##[endgroup]
2026-09-29T06:35:38.6629730Z [command]/usr/bin/git sparse-checkout disable
2026-09-29T06:35:38.6685843Z [command]/usr/bin/git config --local --unset-all extensions.worktreeConfig
2026-09-29T06:35:38.6722275Z ##[group]Checking out the ref
2026-09-29T06:35:38.6727616Z [command]/usr/bin/git checkout --progress --force -B main refs/remotes/origin/main
2026-09-29T06:35:38.8654160Z Switched to a new branch 'main'
2026-09-29T06:35:38.8660672Z branch 'main' set up to track 'origin/main'.
2026-09-29T06:35:38.8675137Z ##[endgroup]
2026-09-29T06:35:38.8729354Z [command]/usr/bin/git log -1 --format=%H
2026-09-29T06:35:38.8758697Z 0f0b5a86832114d9bf864d23a193b53d9d6ea8d8
2026-09-29T06:35:38.9126853Z ##[group]Run actions/setup-java@v4
2026-09-29T06:35:38.9127311Z with:
2026-09-29T06:35:38.9127599Z   distribution: temurin
2026-09-29T06:35:38.9127908Z   java-version: 17
2026-09-29T06:35:38.9128218Z   java-package: jdk
2026-09-29T06:35:38.9128505Z   check-latest: false
2026-09-29T06:35:38.9128769Z   server-id: github
2026-09-29T06:35:38.9129256Z   server-username: GITHUB_ACTOR
2026-09-29T06:35:38.9129578Z   server-password: GITHUB_TOKEN
2026-09-29T06:35:38.9129895Z   overwrite-settings: true
2026-09-29T06:35:38.9130203Z   job-status: success
2026-09-29T06:35:38.9132786Z   token: ***
2026-09-29T06:35:38.9133048Z ##[endgroup]
2026-09-29T06:35:39.0790703Z ##[warning]setup-java v4 is deprecated and will no longer receive updates. Please migrate to actions/setup-java@v5.
2026-09-29T06:35:39.0799313Z ##[group]Installed distributions
2026-09-29T06:35:39.0979533Z Resolved Java 17.0.20+1 from tool-cache
2026-09-29T06:35:39.0980323Z Setting Java 17.0.20+1 as the default
2026-09-29T06:35:39.0991045Z (node:2347) [DEP0040] DeprecationWarning: The `punycode` module is deprecated. Please use a userland alternative instead.
2026-09-29T06:35:39.0994461Z (Use `node --trace-deprecation ...` to show where the warning was created)
2026-09-29T06:35:39.0995529Z Creating toolchains.xml for JDK version 17 from temurin
2026-09-29T06:35:39.1071999Z Writing to /home/runner/.m2/toolchains.xml
2026-09-29T06:35:39.1072572Z 
2026-09-29T06:35:39.1072794Z Java configuration:
2026-09-29T06:35:39.1073318Z   Distribution: temurin
2026-09-29T06:35:39.1073865Z   Version: 17.0.20+1
2026-09-29T06:35:39.1074558Z   Path: /opt/hostedtoolcache/Java_Temurin-Hotspot_jdk/17.0.20-1/x64
2026-09-29T06:35:39.1075309Z 
2026-09-29T06:35:39.1075733Z ##[endgroup]
2026-09-29T06:35:39.1092787Z Creating settings.xml with server-id: github
2026-09-29T06:35:39.1117087Z Writing to /home/runner/.m2/settings.xml
2026-09-29T06:35:39.1290094Z ##[group]Run chmod +x gradlew
2026-09-29T06:35:39.1290533Z [36;1mchmod +x gradlew[0m
2026-09-29T06:35:39.1291018Z [36;1m./gradlew :dkplayer-sample:assembleRelease --no-daemon --stacktrace[0m
2026-09-29T06:35:39.1672190Z shell: /usr/bin/bash -e {0}
2026-09-29T06:35:39.1672596Z env:
2026-09-29T06:35:39.1673047Z   JAVA_HOME: /opt/hostedtoolcache/Java_Temurin-Hotspot_jdk/17.0.20-1/x64
2026-09-29T06:35:39.1673739Z   JAVA_HOME_17_X64: /opt/hostedtoolcache/Java_Temurin-Hotspot_jdk/17.0.20-1/x64
2026-09-29T06:35:39.1674299Z ##[endgroup]
2026-09-29T06:35:39.5459821Z Downloading https://mirrors.cloud.tencent.com/gradle/gradle-8.11.1-bin.zip
2026-09-29T06:35:44.1521205Z ..............................................................................................................................................................................................................................................................................................................................................................................................................................................................................................................................................................................................................................................................................................................................................................................................................................................................................................................................................................................................................................................................................................................................................................................................................................................................................................................................................................................................................................................................................................................................................................................................................................................................................................................................................................................................................................................................................................................................................................................................................................................................................................................................................................................................................................................................................................................................................................................................................................................................................................................................................................................................................................................................................................................................................................................................................................................................................................................................................................................................................................................................................................................................................................................................................................................................................................................................................................................................................................................................................................................................................................................................................................................................................................................................................................................................................................................................................................................................................................................................................................................................................................................................................................................................................................................................................................................................................................................................................................................................................................................................................................................................................................................................................................................................................................................................................................................................................................................................................................................................................................................................................................................................................................................................................................................................................................................................................................................................................................................................................................................................................................................................................................................................................................................................................................................................................................................................................................................................................................................................................................................................................................................................................................................................................................................................................................................................................................................................................................................................................................................................................................................................................................................................................................................................................................................................................................................................................................................................................................................................................................................................................................................................
2026-09-29T06:35:44.1544445Z Unzipping /home/runner/.gradle/wrapper/dists/gradle-8.11.1-bin/eac4u065zwes5phgltp5f9b9e/gradle-8.11.1-bin.zip to /home/runner/.gradle/wrapper/dists/gradle-8.11.1-bin/eac4u065zwes5phgltp5f9b9e
2026-09-29T06:35:44.9027382Z Set executable permissions for: /home/runner/.gradle/wrapper/dists/gradle-8.11.1-bin/eac4u065zwes5phgltp5f9b9e/gradle-8.11.1/bin/gradle
2026-09-29T06:35:45.5553776Z 
2026-09-29T06:35:45.5555207Z Welcome to Gradle 8.11.1!
2026-09-29T06:35:45.5556270Z 
2026-09-29T06:35:45.5562690Z Here are the highlights of this release:
2026-09-29T06:35:45.5565689Z  - Parallel load and store for Configuration Cache
2026-09-29T06:35:45.5566773Z  - Java compilation errors at the end of the build output
2026-09-29T06:35:45.5567830Z  - Consolidated report for warnings and deprecations
2026-09-29T06:35:45.5568502Z 
2026-09-29T06:35:45.5569402Z For more details see https://docs.gradle.org/8.11.1/release-notes.html
2026-09-29T06:35:45.5570143Z 
2026-09-29T06:35:45.6579629Z To honour the JVM settings for this build a single-use Daemon process will be forked. For more on this, please refer to https://docs.gradle.org/8.11.1/userguide/gradle_daemon.html#sec:disabling_the_daemon in the Gradle documentation.
2026-09-29T06:35:47.0548127Z Daemon will be stopped at the end of the build 
2026-09-29T06:36:24.0556803Z WARNING: The specified Android SDK Build Tools version (34.0.0) is ignored, as it is below the minimum supported version (35.0.0) for Android Gradle Plugin 8.9.1.
2026-09-29T06:36:24.0558757Z Android SDK Build Tools 35.0.0 will be used.
2026-09-29T06:36:24.0560745Z To suppress this warning, remove "buildToolsVersion '34.0.0'" from your build.gradle file, as each version of the Android Gradle Plugin now has a default version of the build tools.
2026-09-29T06:36:24.6573072Z > Task :dkplayer-java:preBuild UP-TO-DATE
2026-09-29T06:36:24.6574203Z > Task :dkplayer-java:preReleaseBuild UP-TO-DATE
2026-09-29T06:36:24.8576097Z > Task :dkplayer-java:mergeReleaseJniLibFolders
2026-09-29T06:36:24.8601029Z > Task :dkplayer-java:mergeReleaseNativeLibs NO-SOURCE
2026-09-29T06:36:24.8602189Z > Task :dkplayer-sample:preBuild UP-TO-DATE
2026-09-29T06:36:24.8603073Z > Task :dkplayer-sample:preReleaseBuild UP-TO-DATE
2026-09-29T06:36:24.8603887Z > Task :dkplayer-java:copyReleaseJniLibsProjectOnly
2026-09-29T06:36:24.8605158Z > Task :dkplayer-sample:mergeReleaseJniLibFolders
2026-09-29T06:36:24.8618231Z > Task :dkplayer-ui:preBuild UP-TO-DATE
2026-09-29T06:36:24.8619064Z > Task :dkplayer-ui:preReleaseBuild UP-TO-DATE
2026-09-29T06:36:24.9571058Z > Task :dkplayer-ui:mergeReleaseJniLibFolders
2026-09-29T06:36:24.9590883Z > Task :dkplayer-ui:mergeReleaseNativeLibs NO-SOURCE
2026-09-29T06:36:24.9605536Z > Task :dkplayer-videocache:preBuild UP-TO-DATE
2026-09-29T06:36:24.9629695Z > Task :dkplayer-videocache:preReleaseBuild UP-TO-DATE
2026-09-29T06:36:24.9645468Z > Task :dkplayer-ui:copyReleaseJniLibsProjectOnly
2026-09-29T06:36:24.9675446Z > Task :dkplayer-videocache:mergeReleaseJniLibFolders
2026-09-29T06:36:24.9684926Z > Task :dkplayer-videocache:mergeReleaseNativeLibs NO-SOURCE
2026-09-29T06:36:24.9685972Z > Task :dkplayer-players:exo:preBuild UP-TO-DATE
2026-09-29T06:36:24.9687248Z > Task :dkplayer-videocache:copyReleaseJniLibsProjectOnly
2026-09-29T06:36:24.9690420Z > Task :dkplayer-players:exo:preReleaseBuild UP-TO-DATE
2026-09-29T06:36:24.9691337Z > Task :dkplayer-players:exo:mergeReleaseJniLibFolders
2026-09-29T06:36:24.9692261Z > Task :dkplayer-players:exo:mergeReleaseNativeLibs NO-SOURCE
2026-09-29T06:36:24.9693216Z > Task :dkplayer-players:exo:copyReleaseJniLibsProjectOnly
2026-09-29T06:36:24.9694088Z > Task :dkplayer-players:ijk:preBuild UP-TO-DATE
2026-09-29T06:36:24.9695153Z > Task :dkplayer-players:ijk:preReleaseBuild UP-TO-DATE
2026-09-29T06:36:25.1568091Z > Task :dkplayer-players:ijk:mergeReleaseJniLibFolders
2026-09-29T06:36:25.1572262Z > Task :dkplayer-java:generateReleaseBuildConfig
2026-09-29T06:36:25.1603054Z > Task :dkplayer-java:generateReleaseResValues
2026-09-29T06:36:25.1604262Z > Task :dkplayer-java:generateReleaseResources
2026-09-29T06:36:25.2550478Z > Task :dkplayer-players:ijk:mergeReleaseNativeLibs
2026-09-29T06:36:25.2551147Z > Task :dkplayer-java:packageReleaseResources
2026-09-29T06:36:25.3547911Z > Task :dkplayer-players:ijk:copyReleaseJniLibsProjectOnly
2026-09-29T06:36:26.3556410Z > Task :dkplayer-java:parseReleaseLocalResources
2026-09-29T06:36:37.4557135Z > Task :dkplayer-ui:generateReleaseResValues
2026-09-29T06:36:37.4573186Z > Task :dkplayer-java:javaPreCompileRelease
2026-09-29T06:36:37.5549108Z > Task :dkplayer-java:generateReleaseRFile
2026-09-29T06:36:37.5550443Z > Task :dkplayer-ui:generateReleaseResources
2026-09-29T06:36:37.5551195Z > Task :dkplayer-sample:mergeReleaseNativeLibs
2026-09-29T06:36:39.7556511Z Note: Some input files use or override a deprecated API.
2026-09-29T06:36:39.7556995Z 
2026-09-29T06:36:39.7588068Z Note: Recompile with -Xlint:deprecation for details.
2026-09-29T06:36:39.7589094Z > Task :dkplayer-java:compileReleaseJavaWithJavac
2026-09-29T06:36:39.7606569Z Note: /home/runner/work/bofq/bofq/dkplayer-java/src/main/java/xyz/doikki/videoplayer/player/BaseVideoView.java uses unchecked or unsafe operations.
2026-09-29T06:36:39.7608137Z Note: Recompile with -Xlint:unchecked for details.
2026-09-29T06:36:40.0547422Z 
2026-09-29T06:36:40.0551056Z > Task :dkplayer-java:bundleLibCompileToJarRelease
2026-09-29T06:36:40.0551778Z 
2026-09-29T06:36:40.0552214Z > Task :dkplayer-sample:stripReleaseDebugSymbols
2026-09-29T06:36:40.0553579Z Unable to strip the following libraries, packaging them as they are: libijkffmpeg.so, libijkplayer.so, libijksdl.so, librtmp-jni.so.
2026-09-29T06:36:40.0554877Z 
2026-09-29T06:36:40.0555359Z > Task :dkplayer-ui:packageReleaseResources
2026-09-29T06:36:40.1550413Z > Task :dkplayer-sample:extractReleaseNativeSymbolTables
2026-09-29T06:36:40.1555751Z > Task :dkplayer-sample:mergeReleaseNativeDebugMetadata NO-SOURCE
2026-09-29T06:36:40.1600088Z > Task :dkplayer-ui:javaPreCompileRelease
2026-09-29T06:36:40.1600980Z > Task :dkplayer-players:exo:generateReleaseResValues
2026-09-29T06:36:40.1601914Z > Task :dkplayer-players:exo:generateReleaseResources
2026-09-29T06:36:40.1602751Z > Task :dkplayer-players:exo:packageReleaseResources
2026-09-29T06:36:40.1603554Z > Task :dkplayer-ui:parseReleaseLocalResources
2026-09-29T06:36:40.1604543Z > Task :dkplayer-players:exo:javaPreCompileRelease
2026-09-29T06:36:40.1605793Z > Task :dkplayer-players:exo:parseReleaseLocalResources
2026-09-29T06:36:40.2552246Z > Task :dkplayer-ui:generateReleaseRFile
2026-09-29T06:36:40.2553447Z > Task :dkplayer-players:exo:generateReleaseRFile
2026-09-29T06:36:40.5605785Z > Task :dkplayer-ui:compileReleaseJavaWithJavac
2026-09-29T06:36:40.5695608Z > Task :dkplayer-ui:mergeReleaseGeneratedProguardFiles
2026-09-29T06:36:40.5725457Z > Task :dkplayer-ui:exportReleaseConsumerProguardFiles
2026-09-29T06:36:42.2547362Z 
2026-09-29T06:36:42.2548688Z Note: /home/runner/work/bofq/bofq/dkplayer-players/exo/src/main/java/xyz/doikki/videoplayer/exo/ExoMediaPlayer.java uses or overrides a deprecated API.
2026-09-29T06:36:42.2565615Z Note: Recompile with -Xlint:deprecation for details.
2026-09-29T06:36:42.2595695Z > Task :dkplayer-players:exo:compileReleaseJavaWithJavac
2026-09-29T06:36:42.2596533Z 
2026-09-29T06:36:42.2649590Z > Task :dkplayer-players:exo:mergeReleaseGeneratedProguardFiles
2026-09-29T06:36:42.2655588Z > Task :dkplayer-players:exo:exportReleaseConsumerProguardFiles
2026-09-29T06:36:42.2666340Z > Task :dkplayer-java:mergeReleaseGeneratedProguardFiles
2026-09-29T06:36:42.2685921Z > Task :dkplayer-java:exportReleaseConsumerProguardFiles
2026-09-29T06:36:42.2715966Z > Task :dkplayer-players:ijk:generateReleaseResValues
2026-09-29T06:36:42.2745985Z > Task :dkplayer-players:ijk:generateReleaseResources
2026-09-29T06:36:42.2785413Z > Task :dkplayer-players:ijk:packageReleaseResources
2026-09-29T06:36:42.2805641Z > Task :dkplayer-players:ijk:parseReleaseLocalResources
2026-09-29T06:36:42.2815335Z > Task :dkplayer-players:ijk:javaPreCompileRelease
2026-09-29T06:36:42.2816087Z > Task :dkplayer-videocache:generateReleaseResValues
2026-09-29T06:36:42.2845408Z > Task :dkplayer-players:ijk:generateReleaseRFile
2026-09-29T06:36:42.2845906Z > Task :dkplayer-videocache:generateReleaseResources
2026-09-29T06:36:42.6547022Z 
2026-09-29T06:36:42.6565830Z Note: Some input files use or override a deprecated API.
2026-09-29T06:36:42.6566647Z > Task :dkplayer-players:ijk:compileReleaseJavaWithJavac
2026-09-29T06:36:42.6567372Z Note: Recompile with -Xlint:deprecation for details.
2026-09-29T06:36:42.6595087Z 
2026-09-29T06:36:42.6625675Z > Task :dkplayer-players:ijk:mergeReleaseGeneratedProguardFiles
2026-09-29T06:36:42.6685993Z > Task :dkplayer-players:ijk:exportReleaseConsumerProguardFiles
2026-09-29T06:36:42.6715306Z > Task :dkplayer-videocache:packageReleaseResources
2026-09-29T06:36:42.7556060Z > Task :dkplayer-videocache:parseReleaseLocalResources
2026-09-29T06:36:42.7586480Z > Task :dkplayer-videocache:javaPreCompileRelease
2026-09-29T06:36:42.7615487Z > Task :dkplayer-java:bundleLibRuntimeToJarRelease
2026-09-29T06:36:42.7645340Z > Task :dkplayer-videocache:generateReleaseRFile
2026-09-29T06:36:42.7675382Z > Task :dkplayer-sample:buildKotlinToolingMetadata
2026-09-29T06:36:43.0605925Z > Task :dkplayer-videocache:compileReleaseJavaWithJavac
2026-09-29T06:36:43.0635662Z > Task :dkplayer-videocache:mergeReleaseGeneratedProguardFiles
2026-09-29T06:36:43.0666198Z > Task :dkplayer-videocache:exportReleaseConsumerProguardFiles
2026-09-29T06:36:43.4606034Z > Task :dkplayer-sample:checkKotlinGradlePluginConfigurationErrors
2026-09-29T06:36:43.4607479Z > Task :dkplayer-sample:generateReleaseBuildConfig
2026-09-29T06:36:43.5547941Z > Task :dkplayer-java:writeReleaseAarMetadata
2026-09-29T06:36:43.5549036Z > Task :dkplayer-sample:checkReleaseDuplicateClasses
2026-09-29T06:36:43.5549938Z > Task :dkplayer-ui:writeReleaseAarMetadata
2026-09-29T06:36:43.5550871Z > Task :dkplayer-videocache:writeReleaseAarMetadata
2026-09-29T06:36:43.5551678Z > Task :dkplayer-players:exo:writeReleaseAarMetadata
2026-09-29T06:36:43.5552464Z > Task :dkplayer-players:ijk:writeReleaseAarMetadata
2026-09-29T06:36:43.5553255Z > Task :dkplayer-sample:generateReleaseResValues
2026-09-29T06:36:43.6560593Z > Task :dkplayer-sample:checkReleaseAarMetadata
2026-09-29T06:36:43.7555789Z > Task :dkplayer-sample:mapReleaseSourceSetPaths
2026-09-29T06:36:43.7556935Z > Task :dkplayer-sample:generateReleaseResources
2026-09-29T06:36:45.7569621Z > Task :dkplayer-sample:createReleaseCompatibleScreenManifests
2026-09-29T06:36:45.7585813Z > Task :dkplayer-java:extractDeepLinksRelease
2026-09-29T06:36:46.1571732Z > Task :dkplayer-sample:extractDeepLinksRelease
2026-09-29T06:36:46.1613703Z > Task :dkplayer-ui:extractDeepLinksRelease
2026-09-29T06:36:46.1645293Z > Task :dkplayer-videocache:extractDeepLinksRelease
2026-09-29T06:36:46.1670235Z > Task :dkplayer-java:processReleaseManifest
2026-09-29T06:36:46.1745343Z > Task :dkplayer-players:exo:extractDeepLinksRelease
2026-09-29T06:36:46.1775240Z > Task :dkplayer-ui:processReleaseManifest
2026-09-29T06:36:46.1815516Z > Task :dkplayer-players:ijk:extractDeepLinksRelease
2026-09-29T06:36:46.1845364Z > Task :dkplayer-videocache:processReleaseManifest
2026-09-29T06:36:46.2549286Z > Task :dkplayer-ui:bundleLibCompileToJarRelease
2026-09-29T06:36:46.2575627Z > Task :dkplayer-players:exo:processReleaseManifest
2026-09-29T06:36:46.2593697Z > Task :dkplayer-players:exo:bundleLibCompileToJarRelease
2026-09-29T06:36:46.2594330Z > Task :dkplayer-players:ijk:processReleaseManifest
2026-09-29T06:36:46.2596023Z > Task :dkplayer-videocache:bundleLibCompileToJarRelease
2026-09-29T06:36:46.6547685Z > Task :dkplayer-sample:mergeReleaseResources
2026-09-29T06:36:46.7560653Z > Task :dkplayer-sample:processReleaseMainManifest
2026-09-29T06:36:46.8549824Z > Task :dkplayer-sample:processReleaseManifest
2026-09-29T06:36:46.8555663Z > Task :dkplayer-players:ijk:bundleLibCompileToJarRelease
2026-09-29T06:36:47.0565360Z > Task :dkplayer-sample:javaPreCompileRelease
2026-09-29T06:36:47.0566297Z > Task :dkplayer-java:prepareReleaseArtProfile
2026-09-29T06:36:47.0610778Z > Task :dkplayer-sample:processReleaseManifestForPackage
2026-09-29T06:36:47.2555884Z > Task :dkplayer-ui:prepareReleaseArtProfile
2026-09-29T06:36:47.2587195Z > Task :dkplayer-videocache:prepareReleaseArtProfile
2026-09-29T06:36:47.2598766Z > Task :dkplayer-players:exo:prepareReleaseArtProfile
2026-09-29T06:36:47.2612597Z > Task :dkplayer-players:ijk:prepareReleaseArtProfile
2026-09-29T06:36:47.3561798Z > Task :dkplayer-sample:mergeReleaseArtProfile
2026-09-29T06:36:47.3605361Z > Task :dkplayer-ui:bundleLibRuntimeToJarRelease
2026-09-29T06:36:47.3628639Z > Task :dkplayer-players:exo:bundleLibRuntimeToJarRelease
2026-09-29T06:36:47.3652591Z > Task :dkplayer-videocache:bundleLibRuntimeToJarRelease
2026-09-29T06:36:47.3670958Z > Task :dkplayer-players:ijk:bundleLibRuntimeToJarRelease
2026-09-29T06:36:47.3695348Z > Task :dkplayer-sample:extractProguardFiles
2026-09-29T06:36:47.3725317Z > Task :dkplayer-java:processReleaseJavaRes NO-SOURCE
2026-09-29T06:36:47.3755224Z > Task :dkplayer-ui:processReleaseJavaRes NO-SOURCE
2026-09-29T06:36:47.3785273Z > Task :dkplayer-videocache:processReleaseJavaRes NO-SOURCE
2026-09-29T06:36:47.3815271Z > Task :dkplayer-players:exo:processReleaseJavaRes NO-SOURCE
2026-09-29T06:36:47.3845359Z > Task :dkplayer-players:ijk:processReleaseJavaRes NO-SOURCE
2026-09-29T06:36:47.3875268Z > Task :dkplayer-sample:mergeReleaseStartupProfile
2026-09-29T06:36:47.3905214Z > Task :dkplayer-java:mergeReleaseShaders
2026-09-29T06:36:47.3905884Z > Task :dkplayer-java:compileReleaseShaders NO-SOURCE
2026-09-29T06:36:47.3935261Z > Task :dkplayer-java:generateReleaseAssets UP-TO-DATE
2026-09-29T06:36:47.4565890Z > Task :dkplayer-java:mergeReleaseAssets
2026-09-29T06:36:47.4625511Z > Task :dkplayer-sample:mergeReleaseShaders
2026-09-29T06:36:47.4655312Z > Task :dkplayer-sample:compileReleaseShaders NO-SOURCE
2026-09-29T06:36:47.4685240Z > Task :dkplayer-sample:generateReleaseAssets UP-TO-DATE
2026-09-29T06:36:47.4685984Z > Task :dkplayer-ui:mergeReleaseShaders
2026-09-29T06:36:47.4715314Z > Task :dkplayer-ui:compileReleaseShaders NO-SOURCE
2026-09-29T06:36:47.4716071Z > Task :dkplayer-ui:generateReleaseAssets UP-TO-DATE
2026-09-29T06:36:47.4745239Z > Task :dkplayer-ui:mergeReleaseAssets
2026-09-29T06:36:47.4745867Z > Task :dkplayer-videocache:mergeReleaseShaders
2026-09-29T06:36:47.4775374Z > Task :dkplayer-videocache:compileReleaseShaders NO-SOURCE
2026-09-29T06:36:47.4805324Z > Task :dkplayer-videocache:generateReleaseAssets UP-TO-DATE
2026-09-29T06:36:47.4806078Z > Task :dkplayer-videocache:mergeReleaseAssets
2026-09-29T06:36:47.4835328Z > Task :dkplayer-players:exo:mergeReleaseShaders
2026-09-29T06:36:47.4865268Z > Task :dkplayer-players:exo:compileReleaseShaders NO-SOURCE
2026-09-29T06:36:47.4895273Z > Task :dkplayer-players:exo:generateReleaseAssets UP-TO-DATE
2026-09-29T06:36:47.4895995Z > Task :dkplayer-players:exo:mergeReleaseAssets
2026-09-29T06:36:47.4925381Z > Task :dkplayer-players:ijk:mergeReleaseShaders
2026-09-29T06:36:47.4955433Z > Task :dkplayer-players:ijk:compileReleaseShaders NO-SOURCE
2026-09-29T06:36:47.5015356Z > Task :dkplayer-players:ijk:generateReleaseAssets UP-TO-DATE
2026-09-29T06:36:47.5045404Z > Task :dkplayer-players:ijk:mergeReleaseAssets
2026-09-29T06:36:47.5555818Z > Task :dkplayer-sample:mergeReleaseAssets
2026-09-29T06:36:47.6555734Z > Task :dkplayer-sample:compressReleaseAssets
2026-09-29T06:36:47.6585815Z > Task :dkplayer-sample:extractReleaseVersionControlInfo
2026-09-29T06:36:47.7553265Z > Task :dkplayer-sample:collectReleaseDependencies
2026-09-29T06:36:47.8547601Z > Task :dkplayer-sample:sdkReleaseDependencyData
2026-09-29T06:36:47.8548522Z > Task :dkplayer-sample:validateSigningRelease
2026-09-29T06:36:47.8549225Z > Task :dkplayer-sample:writeReleaseAppMetadata
2026-09-29T06:36:47.8550061Z > Task :dkplayer-sample:writeReleaseSigningConfigVersions
2026-09-29T06:36:48.1552727Z > Task :dkplayer-sample:processReleaseResources
2026-09-29T06:36:59.5586817Z e: file:///home/runner/work/bofq/bofq/dkplayer-sample/src/main/java/xyz/doikki/dkplayer/activity/api/PlayerActivity.kt:58:43 Type mismatch: inferred type is Long but Int was expected
2026-09-29T06:36:59.5588180Z 
2026-09-29T06:36:59.5588574Z > Task :dkplayer-sample:compileReleaseKotlin FAILED
2026-09-29T06:36:59.6557043Z 
2026-09-29T06:36:59.6558129Z [Incubating] Problems report is available at: file:///home/runner/work/bofq/bofq/build/reports/problems/problems-report.html
2026-09-29T06:36:59.6646002Z FAILURE: Build failed with an exception.
2026-09-29T06:36:59.6646905Z 130 actionable tasks: 130 executed
2026-09-29T06:36:59.6678795Z 
2026-09-29T06:36:59.6679528Z * What went wrong:
2026-09-29T06:36:59.6709784Z Execution failed for task ':dkplayer-sample:compileReleaseKotlin'.
2026-09-29T06:36:59.6736088Z > A failure occurred while executing org.jetbrains.kotlin.compilerRunner.GradleCompilerRunnerWithWorkers$GradleKotlinCompilerWorkAction
2026-09-29T06:36:59.6763388Z    > Compilation error. See log for more details
2026-09-29T06:36:59.6764352Z 
2026-09-29T06:36:59.6797232Z * Try:
2026-09-29T06:36:59.6813929Z > Run with --info or --debug option to get more log output.
2026-09-29T06:36:59.6814965Z > Run with --scan to get full insights.
2026-09-29T06:36:59.6815683Z > Get more help at https://help.gradle.org.
2026-09-29T06:36:59.6826155Z 
2026-09-29T06:36:59.6826301Z * Exception is:
2026-09-29T06:36:59.6827102Z org.gradle.api.tasks.TaskExecutionException: Execution failed for task ':dkplayer-sample:compileReleaseKotlin'.
2026-09-29T06:36:59.6828643Z 	at org.gradle.api.internal.tasks.execution.ExecuteActionsTaskExecuter.lambda$executeIfValid$1(ExecuteActionsTaskExecuter.java:130)
2026-09-29T06:36:59.6829880Z 	at org.gradle.internal.Try$Failure.ifSuccessfulOrElse(Try.java:293)
2026-09-29T06:36:59.6831029Z 	at org.gradle.api.internal.tasks.execution.ExecuteActionsTaskExecuter.executeIfValid(ExecuteActionsTaskExecuter.java:128)
2026-09-29T06:36:59.6832554Z 	at org.gradle.api.internal.tasks.execution.ExecuteActionsTaskExecuter.execute(ExecuteActionsTaskExecuter.java:116)
2026-09-29T06:36:59.6834130Z 	at org.gradle.api.internal.tasks.execution.FinalizePropertiesTaskExecuter.execute(FinalizePropertiesTaskExecuter.java:46)
2026-09-29T06:36:59.6836168Z 	at org.gradle.api.internal.tasks.execution.ResolveTaskExecutionModeExecuter.execute(ResolveTaskExecutionModeExecuter.java:51)
2026-09-29T06:36:59.6837955Z 	at org.gradle.api.internal.tasks.execution.SkipTaskWithNoActionsExecuter.execute(SkipTaskWithNoActionsExecuter.java:57)
2026-09-29T06:36:59.6839527Z 	at org.gradle.api.internal.tasks.execution.SkipOnlyIfTaskExecuter.execute(SkipOnlyIfTaskExecuter.java:74)
2026-09-29T06:36:59.6841078Z 	at org.gradle.api.internal.tasks.execution.CatchExceptionTaskExecuter.execute(CatchExceptionTaskExecuter.java:36)
2026-09-29T06:36:59.6842659Z 	at org.gradle.api.internal.tasks.execution.EventFiringTaskExecuter$1.executeTask(EventFiringTaskExecuter.java:77)
2026-09-29T06:36:59.6844161Z 	at org.gradle.api.internal.tasks.execution.EventFiringTaskExecuter$1.call(EventFiringTaskExecuter.java:55)
2026-09-29T06:36:59.6845788Z 	at org.gradle.api.internal.tasks.execution.EventFiringTaskExecuter$1.call(EventFiringTaskExecuter.java:52)
2026-09-29T06:36:59.6847483Z 	at org.gradle.internal.operations.DefaultBuildOperationRunner$CallableBuildOperationWorker.execute(DefaultBuildOperationRunner.java:209)
2026-09-29T06:36:59.6849808Z 	at org.gradle.internal.operations.DefaultBuildOperationRunner$CallableBuildOperationWorker.execute(DefaultBuildOperationRunner.java:204)
2026-09-29T06:36:59.6851509Z 	at org.gradle.internal.operations.DefaultBuildOperationRunner$2.execute(DefaultBuildOperationRunner.java:66)
2026-09-29T06:36:59.6853007Z 	at org.gradle.internal.operations.DefaultBuildOperationRunner$2.execute(DefaultBuildOperationRunner.java:59)
2026-09-29T06:36:59.6854501Z 	at org.gradle.internal.operations.DefaultBuildOperationRunner.execute(DefaultBuildOperationRunner.java:166)
2026-09-29T06:36:59.6890416Z 	at org.gradle.internal.operations.DefaultBuildOperationRunner.execute(DefaultBuildOperationRunner.java:59)
2026-09-29T06:36:59.6891862Z 	at org.gradle.internal.operations.DefaultBuildOperationRunner.call(DefaultBuildOperationRunner.java:53)
2026-09-29T06:36:59.6893266Z 	at org.gradle.api.internal.tasks.execution.EventFiringTaskExecuter.execute(EventFiringTaskExecuter.java:52)
2026-09-29T06:36:59.6894557Z 	at org.gradle.execution.plan.LocalTaskNodeExecutor.execute(LocalTaskNodeExecutor.java:42)
2026-09-29T06:36:59.6896193Z 	at org.gradle.execution.taskgraph.DefaultTaskExecutionGraph$InvokeNodeExecutorsAction.execute(DefaultTaskExecutionGraph.java:331)
2026-09-29T06:36:59.6898156Z 	at org.gradle.execution.taskgraph.DefaultTaskExecutionGraph$InvokeNodeExecutorsAction.execute(DefaultTaskExecutionGraph.java:318)
2026-09-29T06:36:59.6900038Z 	at org.gradle.execution.taskgraph.DefaultTaskExecutionGraph$BuildOperationAwareExecutionAction.lambda$execute$0(DefaultTaskExecutionGraph.java:314)
2026-09-29T06:36:59.6901671Z 	at org.gradle.internal.operations.CurrentBuildOperationRef.with(CurrentBuildOperationRef.java:85)
2026-09-29T06:36:59.6903238Z 	at org.gradle.execution.taskgraph.DefaultTaskExecutionGraph$BuildOperationAwareExecutionAction.execute(DefaultTaskExecutionGraph.java:314)
2026-09-29T06:36:59.6925660Z 	at org.gradle.execution.taskgraph.DefaultTaskExecutionGraph$BuildOperationAwareExecutionAction.execute(DefaultTaskExecutionGraph.java:303)
2026-09-29T06:36:59.6927444Z 	at org.gradle.execution.plan.DefaultPlanExecutor$ExecutorWorker.execute(DefaultPlanExecutor.java:459)
2026-09-29T06:36:59.6928832Z 	at org.gradle.execution.plan.DefaultPlanExecutor$ExecutorWorker.run(DefaultPlanExecutor.java:376)
2026-09-29T06:36:59.6930243Z 	at org.gradle.internal.concurrent.ExecutorPolicy$CatchAndRecordFailures.onExecute(ExecutorPolicy.java:64)
2026-09-29T06:36:59.6931597Z 	at org.gradle.internal.concurrent.AbstractManagedExecutor$1.run(AbstractManagedExecutor.java:48)
2026-09-29T06:36:59.6933844Z Caused by: org.gradle.workers.internal.DefaultWorkerExecutor$WorkExecutionException: A failure occurred while executing org.jetbrains.kotlin.compilerRunner.GradleCompilerRunnerWithWorkers$GradleKotlinCompilerWorkAction
2026-09-29T06:36:59.6946674Z 	at org.gradle.workers.internal.DefaultWorkerExecutor$WorkItemExecution.waitForCompletion(DefaultWorkerExecutor.java:287)
2026-09-29T06:36:59.6948455Z 	at org.gradle.internal.work.DefaultAsyncWorkTracker.lambda$waitForItemsAndGatherFailures$2(DefaultAsyncWorkTracker.java:130)
2026-09-29T06:36:59.6949724Z 	at org.gradle.internal.Factories$1.create(Factories.java:31)
2026-09-29T06:36:59.6950862Z 	at org.gradle.internal.work.DefaultWorkerLeaseService.withoutLocks(DefaultWorkerLeaseService.java:335)
2026-09-29T06:36:59.6952341Z 	at org.gradle.internal.work.DefaultWorkerLeaseService.withoutLocks(DefaultWorkerLeaseService.java:318)
2026-09-29T06:36:59.6954031Z 	at org.gradle.internal.work.DefaultWorkerLeaseService.withoutLock(DefaultWorkerLeaseService.java:323)
2026-09-29T06:36:59.6955795Z 	at org.gradle.internal.work.DefaultAsyncWorkTracker.waitForItemsAndGatherFailures(DefaultAsyncWorkTracker.java:126)
2026-09-29T06:36:59.6957368Z 	at org.gradle.internal.work.DefaultAsyncWorkTracker.waitForItemsAndGatherFailures(DefaultAsyncWorkTracker.java:92)
2026-09-29T06:36:59.6958767Z 	at org.gradle.internal.work.DefaultAsyncWorkTracker.waitForAll(DefaultAsyncWorkTracker.java:78)
2026-09-29T06:36:59.6960430Z 	at org.gradle.internal.work.DefaultAsyncWorkTracker.waitForCompletion(DefaultAsyncWorkTracker.java:66)
2026-09-29T06:36:59.6961648Z 	at org.gradle.api.internal.tasks.execution.TaskExecution$3.run(TaskExecution.java:252)
2026-09-29T06:36:59.6962841Z 	at org.gradle.internal.operations.DefaultBuildOperationRunner$1.execute(DefaultBuildOperationRunner.java:29)
2026-09-29T06:36:59.6964243Z 	at org.gradle.internal.operations.DefaultBuildOperationRunner$1.execute(DefaultBuildOperationRunner.java:26)
2026-09-29T06:36:59.6965826Z 	at org.gradle.internal.operations.DefaultBuildOperationRunner$2.execute(DefaultBuildOperationRunner.java:66)
2026-09-29T06:36:59.6967217Z 	at org.gradle.internal.operations.DefaultBuildOperationRunner$2.execute(DefaultBuildOperationRunner.java:59)
2026-09-29T06:36:59.6968630Z 	at org.gradle.internal.operations.DefaultBuildOperationRunner.execute(DefaultBuildOperationRunner.java:166)
2026-09-29T06:36:59.6970031Z 	at org.gradle.internal.operations.DefaultBuildOperationRunner.execute(DefaultBuildOperationRunner.java:59)
2026-09-29T06:36:59.6971382Z 	at org.gradle.internal.operations.DefaultBuildOperationRunner.run(DefaultBuildOperationRunner.java:47)
2026-09-29T06:36:59.6972678Z 	at org.gradle.api.internal.tasks.execution.TaskExecution.executeAction(TaskExecution.java:229)
2026-09-29T06:36:59.6974175Z 	at org.gradle.api.internal.tasks.execution.TaskExecution.executeActions(TaskExecution.java:212)
2026-09-29T06:36:59.7026078Z 	at org.gradle.api.internal.tasks.execution.TaskExecution.executeWithPreviousOutputFiles(TaskExecution.java:195)
2026-09-29T06:36:59.7027560Z 	at org.gradle.api.internal.tasks.execution.TaskExecution.execute(TaskExecution.java:162)
2026-09-29T06:36:59.7028802Z 	at org.gradle.internal.execution.steps.ExecuteStep.executeInternal(ExecuteStep.java:105)
2026-09-29T06:36:59.7029960Z 	at org.gradle.internal.execution.steps.ExecuteStep.access$000(ExecuteStep.java:44)
2026-09-29T06:36:59.7031048Z 	at org.gradle.internal.execution.steps.ExecuteStep$1.call(ExecuteStep.java:59)
2026-09-29T06:36:59.7032093Z 	at org.gradle.internal.execution.steps.ExecuteStep$1.call(ExecuteStep.java:56)
2026-09-29T06:36:59.7033589Z 	at org.gradle.internal.operations.DefaultBuildOperationRunner$CallableBuildOperationWorker.execute(DefaultBuildOperationRunner.java:209)
2026-09-29T06:36:59.7035843Z 	at org.gradle.internal.operations.DefaultBuildOperationRunner$CallableBuildOperationWorker.execute(DefaultBuildOperationRunner.java:204)
2026-09-29T06:36:59.7037598Z 	at org.gradle.internal.operations.DefaultBuildOperationRunner$2.execute(DefaultBuildOperationRunner.java:66)
2026-09-29T06:36:59.7039115Z 	at org.gradle.internal.operations.DefaultBuildOperationRunner$2.execute(DefaultBuildOperationRunner.java:59)
2026-09-29T06:36:59.7040657Z 	at org.gradle.internal.operations.DefaultBuildOperationRunner.execute(DefaultBuildOperationRunner.java:166)
2026-09-29T06:36:59.7042218Z 	at org.gradle.internal.operations.DefaultBuildOperationRunner.execute(DefaultBuildOperationRunner.java:59)
2026-09-29T06:36:59.7043747Z 	at org.gradle.internal.operations.DefaultBuildOperationRunner.call(DefaultBuildOperationRunner.java:53)
2026-09-29T06:36:59.7045312Z 	at org.gradle.internal.execution.steps.ExecuteStep.execute(ExecuteStep.java:56)
2026-09-29T06:36:59.7046399Z 	at org.gradle.internal.execution.steps.ExecuteStep.execute(ExecuteStep.java:44)
2026-09-29T06:36:59.7047599Z 	at org.gradle.internal.execution.steps.CancelExecutionStep.execute(CancelExecutionStep.java:42)
2026-09-29T06:36:59.7048947Z 	at org.gradle.internal.execution.steps.TimeoutStep.executeWithoutTimeout(TimeoutStep.java:75)
2026-09-29T06:36:59.7050129Z 	at org.gradle.internal.execution.steps.TimeoutStep.execute(TimeoutStep.java:55)
2026-09-29T06:36:59.7051453Z 	at org.gradle.internal.execution.steps.PreCreateOutputParentsStep.execute(PreCreateOutputParentsStep.java:50)
2026-09-29T06:36:59.7053036Z 	at org.gradle.internal.execution.steps.PreCreateOutputParentsStep.execute(PreCreateOutputParentsStep.java:28)
2026-09-29T06:36:59.7066281Z 	at org.gradle.internal.execution.steps.RemovePreviousOutputsStep.execute(RemovePreviousOutputsStep.java:67)
2026-09-29T06:36:59.7067912Z 	at org.gradle.internal.execution.steps.RemovePreviousOutputsStep.execute(RemovePreviousOutputsStep.java:37)
2026-09-29T06:36:59.7069511Z 	at org.gradle.internal.execution.steps.BroadcastChangingOutputsStep.execute(BroadcastChangingOutputsStep.java:61)
2026-09-29T06:36:59.7071048Z 	at org.gradle.internal.execution.steps.BroadcastChangingOutputsStep.execute(BroadcastChangingOutputsStep.java:26)
2026-09-29T06:36:59.7072693Z 	at org.gradle.internal.execution.steps.CaptureOutputsAfterExecutionStep.execute(CaptureOutputsAfterExecutionStep.java:69)
2026-09-29T06:36:59.7074469Z 	at org.gradle.internal.execution.steps.CaptureOutputsAfterExecutionStep.execute(CaptureOutputsAfterExecutionStep.java:46)
2026-09-29T06:36:59.7076336Z 	at org.gradle.internal.execution.steps.ResolveInputChangesStep.execute(ResolveInputChangesStep.java:40)
2026-09-29T06:36:59.7077781Z 	at org.gradle.internal.execution.steps.ResolveInputChangesStep.execute(ResolveInputChangesStep.java:29)
2026-09-29T06:36:59.7079178Z 	at org.gradle.internal.execution.steps.BuildCacheStep.executeWithoutCache(BuildCacheStep.java:189)
2026-09-29T06:36:59.7080419Z 	at org.gradle.internal.execution.steps.BuildCacheStep.lambda$execute$1(BuildCacheStep.java:75)
2026-09-29T06:36:59.7081251Z 	at org.gradle.internal.Either$Right.fold(Either.java:175)
2026-09-29T06:36:59.7105470Z 	at org.gradle.internal.execution.caching.CachingState.fold(CachingState.java:62)
2026-09-29T06:36:59.7106784Z 	at org.gradle.internal.execution.steps.BuildCacheStep.execute(BuildCacheStep.java:73)
2026-09-29T06:36:59.7108031Z 	at org.gradle.internal.execution.steps.BuildCacheStep.execute(BuildCacheStep.java:48)
2026-09-29T06:36:59.7109447Z 	at org.gradle.internal.execution.steps.StoreExecutionStateStep.execute(StoreExecutionStateStep.java:46)
2026-09-29T06:36:59.7111031Z 	at org.gradle.internal.execution.steps.StoreExecutionStateStep.execute(StoreExecutionStateStep.java:35)
2026-09-29T06:36:59.7112564Z 	at org.gradle.internal.execution.steps.SkipUpToDateStep.executeBecause(SkipUpToDateStep.java:75)
2026-09-29T06:36:59.7114002Z 	at org.gradle.internal.execution.steps.SkipUpToDateStep.lambda$execute$2(SkipUpToDateStep.java:53)
2026-09-29T06:36:59.7145789Z 	at org.gradle.internal.execution.steps.SkipUpToDateStep.execute(SkipUpToDateStep.java:53)
2026-09-29T06:36:59.7147162Z 	at org.gradle.internal.execution.steps.SkipUpToDateStep.execute(SkipUpToDateStep.java:35)
2026-09-29T06:36:59.7148898Z 	at org.gradle.internal.execution.steps.legacy.MarkSnapshottingInputsFinishedStep.execute(MarkSnapshottingInputsFinishedStep.java:37)
2026-09-29T06:36:59.7151027Z 	at org.gradle.internal.execution.steps.legacy.MarkSnapshottingInputsFinishedStep.execute(MarkSnapshottingInputsFinishedStep.java:27)
2026-09-29T06:36:59.7153184Z 	at org.gradle.internal.execution.steps.ResolveIncrementalCachingStateStep.executeDelegate(ResolveIncrementalCachingStateStep.java:49)
2026-09-29T06:36:59.7155709Z 	at org.gradle.internal.execution.steps.ResolveIncrementalCachingStateStep.executeDelegate(ResolveIncrementalCachingStateStep.java:27)
2026-09-29T06:36:59.7157693Z 	at org.gradle.internal.execution.steps.AbstractResolveCachingStateStep.execute(AbstractResolveCachingStateStep.java:71)
2026-09-29T06:36:59.7159553Z 	at org.gradle.internal.execution.steps.AbstractResolveCachingStateStep.execute(AbstractResolveCachingStateStep.java:39)
2026-09-29T06:36:59.7161186Z 	at org.gradle.internal.execution.steps.ResolveChangesStep.execute(ResolveChangesStep.java:65)
2026-09-29T06:36:59.7162547Z 	at org.gradle.internal.execution.steps.ResolveChangesStep.execute(ResolveChangesStep.java:36)
2026-09-29T06:36:59.7163630Z 	at org.gradle.internal.execution.steps.ValidateStep.execute(ValidateStep.java:107)
2026-09-29T06:36:59.7164898Z 	at org.gradle.internal.execution.steps.ValidateStep.execute(ValidateStep.java:56)
2026-09-29T06:36:59.7166567Z 	at org.gradle.internal.execution.steps.AbstractCaptureStateBeforeExecutionStep.execute(AbstractCaptureStateBeforeExecutionStep.java:64)
2026-09-29T06:36:59.7169110Z 	at org.gradle.internal.execution.steps.AbstractCaptureStateBeforeExecutionStep.execute(AbstractCaptureStateBeforeExecutionStep.java:43)
2026-09-29T06:36:59.7171275Z 	at org.gradle.internal.execution.steps.AbstractSkipEmptyWorkStep.executeWithNonEmptySources(AbstractSkipEmptyWorkStep.java:125)
2026-09-29T06:36:59.7173039Z 	at org.gradle.internal.execution.steps.AbstractSkipEmptyWorkStep.execute(AbstractSkipEmptyWorkStep.java:61)
2026-09-29T06:36:59.7204980Z 	at org.gradle.internal.execution.steps.AbstractSkipEmptyWorkStep.execute(AbstractSkipEmptyWorkStep.java:36)
2026-09-29T06:36:59.7206811Z 	at org.gradle.internal.execution.steps.legacy.MarkSnapshottingInputsStartedStep.execute(MarkSnapshottingInputsStartedStep.java:38)
2026-09-29T06:36:59.7208626Z 	at org.gradle.internal.execution.steps.LoadPreviousExecutionStateStep.execute(LoadPreviousExecutionStateStep.java:36)
2026-09-29T06:36:59.7210346Z 	at org.gradle.internal.execution.steps.LoadPreviousExecutionStateStep.execute(LoadPreviousExecutionStateStep.java:23)
2026-09-29T06:36:59.7211823Z 	at org.gradle.internal.execution.steps.HandleStaleOutputsStep.execute(HandleStaleOutputsStep.java:75)
2026-09-29T06:36:59.7213172Z 	at org.gradle.internal.execution.steps.HandleStaleOutputsStep.execute(HandleStaleOutputsStep.java:41)
2026-09-29T06:36:59.7215248Z 	at org.gradle.internal.execution.steps.AssignMutableWorkspaceStep.lambda$execute$0(AssignMutableWorkspaceStep.java:35)
2026-09-29T06:36:59.7216722Z 	at org.gradle.api.internal.tasks.execution.TaskExecution$4.withWorkspace(TaskExecution.java:289)
2026-09-29T06:36:59.7218013Z 	at org.gradle.internal.execution.steps.AssignMutableWorkspaceStep.execute(AssignMutableWorkspaceStep.java:31)
2026-09-29T06:36:59.7219543Z 	at org.gradle.internal.execution.steps.AssignMutableWorkspaceStep.execute(AssignMutableWorkspaceStep.java:22)
2026-09-29T06:36:59.7220886Z 	at org.gradle.internal.execution.steps.ChoosePipelineStep.execute(ChoosePipelineStep.java:40)
2026-09-29T06:36:59.7222183Z 	at org.gradle.internal.execution.steps.ChoosePipelineStep.execute(ChoosePipelineStep.java:23)
2026-09-29T06:36:59.7223781Z 	at org.gradle.internal.execution.steps.ExecuteWorkBuildOperationFiringStep.lambda$execute$2(ExecuteWorkBuildOperationFiringStep.java:67)
2026-09-29T06:36:59.7226041Z 	at org.gradle.internal.execution.steps.ExecuteWorkBuildOperationFiringStep.execute(ExecuteWorkBuildOperationFiringStep.java:67)
2026-09-29T06:36:59.7228106Z 	at org.gradle.internal.execution.steps.ExecuteWorkBuildOperationFiringStep.execute(ExecuteWorkBuildOperationFiringStep.java:39)
2026-09-29T06:36:59.7229782Z 	at org.gradle.internal.execution.steps.IdentityCacheStep.execute(IdentityCacheStep.java:46)
2026-09-29T06:36:59.7231085Z 	at org.gradle.internal.execution.steps.IdentityCacheStep.execute(IdentityCacheStep.java:34)
2026-09-29T06:36:59.7232324Z 	at org.gradle.internal.execution.steps.IdentifyStep.execute(IdentifyStep.java:48)
2026-09-29T06:36:59.7233526Z 	at org.gradle.internal.execution.steps.IdentifyStep.execute(IdentifyStep.java:35)
2026-09-29T06:36:59.7262651Z 	at org.gradle.internal.execution.impl.DefaultExecutionEngine$1.execute(DefaultExecutionEngine.java:61)
2026-09-29T06:36:59.7264355Z 	at org.gradle.api.internal.tasks.execution.ExecuteActionsTaskExecuter.executeIfValid(ExecuteActionsTaskExecuter.java:127)
2026-09-29T06:36:59.7266288Z 	at org.gradle.api.internal.tasks.execution.ExecuteActionsTaskExecuter.execute(ExecuteActionsTaskExecuter.java:116)
2026-09-29T06:36:59.7267994Z 	at org.gradle.api.internal.tasks.execution.FinalizePropertiesTaskExecuter.execute(FinalizePropertiesTaskExecuter.java:46)
2026-09-29T06:36:59.7269915Z 	at org.gradle.api.internal.tasks.execution.ResolveTaskExecutionModeExecuter.execute(ResolveTaskExecutionModeExecuter.java:51)
2026-09-29T06:36:59.7271767Z 	at org.gradle.api.internal.tasks.execution.SkipTaskWithNoActionsExecuter.execute(SkipTaskWithNoActionsExecuter.java:57)
2026-09-29T06:36:59.7273683Z 	at org.gradle.api.internal.tasks.execution.SkipOnlyIfTaskExecuter.execute(SkipOnlyIfTaskExecuter.java:74)
2026-09-29T06:36:59.7275544Z 	at org.gradle.api.internal.tasks.execution.CatchExceptionTaskExecuter.execute(CatchExceptionTaskExecuter.java:36)
2026-09-29T06:36:59.7277213Z 	at org.gradle.api.internal.tasks.execution.EventFiringTaskExecuter$1.executeTask(EventFiringTaskExecuter.java:77)
2026-09-29T06:36:59.7278684Z 	at org.gradle.api.internal.tasks.execution.EventFiringTaskExecuter$1.call(EventFiringTaskExecuter.java:55)
2026-09-29T06:36:59.7280080Z 	at org.gradle.api.internal.tasks.execution.EventFiringTaskExecuter$1.call(EventFiringTaskExecuter.java:52)
2026-09-29T06:36:59.7281696Z 	at org.gradle.internal.operations.DefaultBuildOperationRunner$CallableBuildOperationWorker.execute(DefaultBuildOperationRunner.java:209)
2026-09-29T06:36:59.7283594Z 	at org.gradle.internal.operations.DefaultBuildOperationRunner$CallableBuildOperationWorker.execute(DefaultBuildOperationRunner.java:204)
2026-09-29T06:36:59.7287535Z 	at org.gradle.internal.operations.DefaultBuildOperationRunner$2.execute(DefaultBuildOperationRunner.java:66)
2026-09-29T06:36:59.7289001Z 	at org.gradle.internal.operations.DefaultBuildOperationRunner$2.execute(DefaultBuildOperationRunner.java:59)
2026-09-29T06:36:59.7290612Z 	at org.gradle.internal.operations.DefaultBuildOperationRunner.execute(DefaultBuildOperationRunner.java:166)
2026-09-29T06:36:59.7292483Z 	at org.gradle.internal.operations.DefaultBuildOperationRunner.execute(DefaultBuildOperationRunner.java:59)
2026-09-29T06:36:59.7294065Z 	at org.gradle.internal.operations.DefaultBuildOperationRunner.call(DefaultBuildOperationRunner.java:53)
2026-09-29T06:36:59.7295678Z 	at org.gradle.api.internal.tasks.execution.EventFiringTaskExecuter.execute(EventFiringTaskExecuter.java:52)
2026-09-29T06:36:59.7296991Z 	at org.gradle.execution.plan.LocalTaskNodeExecutor.execute(LocalTaskNodeExecutor.java:42)
2026-09-29T06:36:59.7298505Z 	at org.gradle.execution.taskgraph.DefaultTaskExecutionGraph$InvokeNodeExecutorsAction.execute(DefaultTaskExecutionGraph.java:331)
2026-09-29T06:36:59.7300350Z 	at org.gradle.execution.taskgraph.DefaultTaskExecutionGraph$InvokeNodeExecutorsAction.execute(DefaultTaskExecutionGraph.java:318)
2026-09-29T06:36:59.7302315Z 	at org.gradle.execution.taskgraph.DefaultTaskExecutionGraph$BuildOperationAwareExecutionAction.lambda$execute$0(DefaultTaskExecutionGraph.java:314)
2026-09-29T06:36:59.7304048Z 	at org.gradle.internal.operations.CurrentBuildOperationRef.with(CurrentBuildOperationRef.java:85)
2026-09-29T06:36:59.7305955Z 	at org.gradle.execution.taskgraph.DefaultTaskExecutionGraph$BuildOperationAwareExecutionAction.execute(DefaultTaskExecutionGraph.java:314)
2026-09-29T06:36:59.7307944Z 	at org.gradle.execution.taskgraph.DefaultTaskExecutionGraph$BuildOperationAwareExecutionAction.execute(DefaultTaskExecutionGraph.java:303)
2026-09-29T06:36:59.7309593Z 	at org.gradle.execution.plan.DefaultPlanExecutor$ExecutorWorker.execute(DefaultPlanExecutor.java:459)
2026-09-29T06:36:59.7310923Z 	at org.gradle.execution.plan.DefaultPlanExecutor$ExecutorWorker.run(DefaultPlanExecutor.java:376)
2026-09-29T06:36:59.7312258Z 	at org.gradle.internal.concurrent.ExecutorPolicy$CatchAndRecordFailures.onExecute(ExecutorPolicy.java:64)
2026-09-29T06:36:59.7313587Z 	at org.gradle.internal.concurrent.AbstractManagedExecutor$1.run(AbstractManagedExecutor.java:48)
2026-09-29T06:36:59.7346551Z Caused by: org.jetbrains.kotlin.gradle.tasks.CompilationErrorException: Compilation error. See log for more details
2026-09-29T06:36:59.7348134Z 	at org.jetbrains.kotlin.gradle.tasks.TasksUtilsKt.throwExceptionIfCompilationFailed(tasksUtils.kt:20)
2026-09-29T06:36:59.7349603Z 	at org.jetbrains.kotlin.compilerRunner.GradleKotlinCompilerWork.run(GradleKotlinCompilerWork.kt:141)
2026-09-29T06:36:59.7351401Z 	at org.jetbrains.kotlin.compilerRunner.GradleCompilerRunnerWithWorkers$GradleKotlinCompilerWorkAction.execute(GradleCompilerRunnerWithWorkers.kt:73)
2026-09-29T06:36:59.7353105Z 	at org.gradle.workers.internal.DefaultWorkerServer.execute(DefaultWorkerServer.java:63)
2026-09-29T06:36:59.7354906Z 	at org.gradle.workers.internal.NoIsolationWorkerFactory$1$1.create(NoIsolationWorkerFactory.java:66)
2026-09-29T06:36:59.7356387Z 	at org.gradle.workers.internal.NoIsolationWorkerFactory$1$1.create(NoIsolationWorkerFactory.java:62)
2026-09-29T06:36:59.7357783Z 	at org.gradle.internal.classloader.ClassLoaderUtils.executeInClassloader(ClassLoaderUtils.java:100)
2026-09-29T06:36:59.7359251Z 	at org.gradle.workers.internal.NoIsolationWorkerFactory$1.lambda$execute$0(NoIsolationWorkerFactory.java:62)
2026-09-29T06:36:59.7360474Z 	at org.gradle.workers.internal.AbstractWorker$1.call(AbstractWorker.java:44)
2026-09-29T06:36:59.7361459Z 	at org.gradle.workers.internal.AbstractWorker$1.call(AbstractWorker.java:41)
2026-09-29T06:36:59.7362949Z 	at org.gradle.internal.operations.DefaultBuildOperationRunner$CallableBuildOperationWorker.execute(DefaultBuildOperationRunner.java:209)
2026-09-29T06:36:59.7365202Z 	at org.gradle.internal.operations.DefaultBuildOperationRunner$CallableBuildOperationWorker.execute(DefaultBuildOperationRunner.java:204)
2026-09-29T06:36:59.7367111Z 	at org.gradle.internal.operations.DefaultBuildOperationRunner$2.execute(DefaultBuildOperationRunner.java:66)
2026-09-29T06:36:59.7368694Z 	at org.gradle.internal.operations.DefaultBuildOperationRunner$2.execute(DefaultBuildOperationRunner.java:59)
2026-09-29T06:36:59.7370654Z 	at org.gradle.internal.operations.DefaultBuildOperationRunner.execute(DefaultBuildOperationRunner.java:166)
2026-09-29T06:36:59.7372275Z 	at org.gradle.internal.operations.DefaultBuildOperationRunner.execute(DefaultBuildOperationRunner.java:59)
2026-09-29T06:36:59.7373823Z 	at org.gradle.internal.operations.DefaultBuildOperationRunner.call(DefaultBuildOperationRunner.java:53)
2026-09-29T06:36:59.7405223Z 	at org.gradle.workers.internal.AbstractWorker.executeWrappedInBuildOperation(AbstractWorker.java:41)
2026-09-29T06:36:59.7406694Z 	at org.gradle.workers.internal.NoIsolationWorkerFactory$1.execute(NoIsolationWorkerFactory.java:59)
2026-09-29T06:36:59.7408151Z 	at org.gradle.workers.internal.DefaultWorkerExecutor.lambda$submitWork$0(DefaultWorkerExecutor.java:174)
2026-09-29T06:36:59.7409836Z 	at org.gradle.internal.work.DefaultConditionalExecutionQueue$ExecutionRunner.runExecution(DefaultConditionalExecutionQueue.java:194)
2026-09-29T06:36:59.7411730Z 	at org.gradle.internal.work.DefaultConditionalExecutionQueue$ExecutionRunner.access$700(DefaultConditionalExecutionQueue.java:127)
2026-09-29T06:36:59.7413589Z 	at org.gradle.internal.work.DefaultConditionalExecutionQueue$ExecutionRunner$1.run(DefaultConditionalExecutionQueue.java:169)
2026-09-29T06:36:59.7415047Z 	at org.gradle.internal.Factories$1.create(Factories.java:31)
2026-09-29T06:36:59.7416116Z 	at org.gradle.internal.work.DefaultWorkerLeaseService.withLocks(DefaultWorkerLeaseService.java:263)
2026-09-29T06:36:59.7417598Z 	at org.gradle.internal.work.DefaultWorkerLeaseService.runAsWorkerThread(DefaultWorkerLeaseService.java:127)
2026-09-29T06:36:59.7419142Z 	at org.gradle.internal.work.DefaultWorkerLeaseService.runAsWorkerThread(DefaultWorkerLeaseService.java:132)
2026-09-29T06:36:59.7420785Z 	at org.gradle.internal.work.DefaultConditionalExecutionQueue$ExecutionRunner.runBatch(DefaultConditionalExecutionQueue.java:164)
2026-09-29T06:36:59.7422514Z 	at org.gradle.internal.work.DefaultConditionalExecutionQueue$ExecutionRunner.run(DefaultConditionalExecutionQueue.java:133)
2026-09-29T06:36:59.7423570Z 	... 2 more
2026-09-29T06:36:59.7423761Z 
2026-09-29T06:36:59.7423776Z 
2026-09-29T06:36:59.7423917Z BUILD FAILED in 1m 20s
2026-09-29T06:37:00.1912367Z ##[error]Process completed with exit code 1.
2026-09-29T06:37:00.2088261Z Post job cleanup.
2026-09-29T06:37:00.3576060Z (node:2606) [DEP0040] DeprecationWarning: The `punycode` module is deprecated. Please use a userland alternative instead.
2026-09-29T06:37:00.3577338Z (Use `node --trace-deprecation ...` to show where the warning was created)
2026-09-29T06:37:00.3769435Z Post job cleanup.
2026-09-29T06:37:00.4660266Z [command]/usr/bin/git version
2026-09-29T06:37:00.4704499Z git version 2.55.0
2026-09-29T06:37:00.4748023Z Temporarily overriding HOME='/home/runner/work/_temp/d379435d-cc6c-425f-bf53-60853c63d2d8' before making global git config changes
2026-09-29T06:37:00.4749041Z Adding repository directory to the temporary git global config as a safe directory
2026-09-29T06:37:00.4753971Z [command]/usr/bin/git config --global --add safe.directory /home/runner/work/bofq/bofq
2026-09-29T06:37:00.4793031Z [command]/usr/bin/git config --local --name-only --get-regexp core\.sshCommand
2026-09-29T06:37:00.4828134Z [command]/usr/bin/git submodule foreach --recursive sh -c "git config --local --name-only --get-regexp 'core\.sshCommand' && git config --local --unset-all 'core.sshCommand' || :"
2026-09-29T06:37:00.5089730Z [command]/usr/bin/git config --local --name-only --get-regexp http\.https\:\/\/github\.com\/\.extraheader
2026-09-29T06:37:00.5120921Z http.https://github.com/.extraheader
2026-09-29T06:37:00.5137805Z [command]/usr/bin/git config --local --unset-all http.https://github.com/.extraheader
2026-09-29T06:37:00.5182185Z [command]/usr/bin/git submodule foreach --recursive sh -c "git config --local --name-only --get-regexp 'http\.https\:\/\/github\.com\/\.extraheader' && git config --local --unset-all 'http.https://github.com/.extraheader' || :"
2026-09-29T06:37:00.5440985Z [command]/usr/bin/git config --local --name-only --get-regexp ^includeIf\.gitdir:
2026-09-29T06:37:00.5496516Z [command]/usr/bin/git submodule foreach --recursive git config --local --show-origin --name-only --get-regexp remote.origin.url
2026-09-29T06:37:00.6049725Z Cleaning up orphan processes
2026-09-29T06:37:00.6358915Z Terminate orphan process: pid (2557) (java)
2026-09-29T06:37:00.6368573Z ##[warning]Node.js 20 is deprecated. The following actions target Node.js 20 but are being forced to run on Node.js 24: actions/checkout@v4, actions/setup-java@v4. For more information see: https://github.blog/changelog/2025-09-19-deprecation-of-node-20-on-github-actions-runners/
